Archive member included to satisfy reference by file (symbol)

../lib/EmbeddedLib/libEmbeddedLib.a(ws2812b.cpp.obj)
                              CMakeFiles/firmware.dir/__/src/core.cpp.obj (WS2812B::WS2812B(int, TIM_HandleTypeDef*, int))
../lib/EmbeddedLib/libEmbeddedLib.a(timer_device.cpp.obj)
                              ../lib/EmbeddedLib/libEmbeddedLib.a(ws2812b.cpp.obj) (TimerDevice::TimerDevice(TIM_HandleTypeDef*, int))
../lib/EmbeddedLib/libEmbeddedLib.a(status.cpp.obj)
                              ../lib/EmbeddedLib/libEmbeddedLib.a(timer_device.cpp.obj) (status_utils::combine_statuses(std::vector<status_utils::StatusCode, std::allocator<status_utils::StatusCode> >))
/usr/lib/gcc/arm-none-eabi/13.2.1/../../../arm-none-eabi/lib/thumb/v7e-m+fp/hard/libstdc++_nano.a(atexit_arm.o)
                              CMakeFiles/firmware.dir/__/src/core.cpp.obj (__aeabi_atexit)
/usr/lib/gcc/arm-none-eabi/13.2.1/../../../arm-none-eabi/lib/thumb/v7e-m+fp/hard/libstdc++_nano.a(del_ops.o)
                              CMakeFiles/firmware.dir/__/src/core.cpp.obj (operator delete(void*, unsigned int))
/usr/lib/gcc/arm-none-eabi/13.2.1/../../../arm-none-eabi/lib/thumb/v7e-m+fp/hard/libstdc++_nano.a(new_op.o)
                              ../lib/EmbeddedLib/libEmbeddedLib.a(ws2812b.cpp.obj) (operator new(unsigned int))
/usr/lib/gcc/arm-none-eabi/13.2.1/../../../arm-none-eabi/lib/thumb/v7e-m+fp/hard/libstdc++_nano.a(functexcept.o)
                              ../lib/EmbeddedLib/libEmbeddedLib.a(ws2812b.cpp.obj) (std::__throw_bad_alloc())
/usr/lib/gcc/arm-none-eabi/13.2.1/../../../arm-none-eabi/lib/thumb/v7e-m+fp/hard/libstdc++_nano.a(string-inst.o)
                              ../lib/EmbeddedLib/libEmbeddedLib.a(status.cpp.obj) (std::__cxx11::basic_string<char, std::char_traits<char>, std::allocator<char> >::_M_data(char*))
/usr/lib/gcc/arm-none-eabi/13.2.1/../../../arm-none-eabi/lib/thumb/v7e-m+fp/hard/libstdc++_nano.a(del_op.o)
                              /usr/lib/gcc/arm-none-eabi/13.2.1/../../../arm-none-eabi/lib/thumb/v7e-m+fp/hard/libstdc++_nano.a(del_ops.o) (operator delete(void*))
/usr/lib/gcc/arm-none-eabi/13.2.1/../../../arm-none-eabi/lib/thumb/v7e-m+fp/hard/libstdc++_nano.a(new_handler.o)
                              /usr/lib/gcc/arm-none-eabi/13.2.1/../../../arm-none-eabi/lib/thumb/v7e-m+fp/hard/libstdc++_nano.a(new_op.o) (std::get_new_handler())
/usr/lib/gcc/arm-none-eabi/13.2.1/thumb/v7e-m+fp/hard/libgcc.a(_arm_muldf3.o)
                              ../lib/EmbeddedLib/libEmbeddedLib.a(ws2812b.cpp.obj) (__aeabi_dmul)
/usr/lib/gcc/arm-none-eabi/13.2.1/thumb/v7e-m+fp/hard/libgcc.a(_arm_addsubdf3.o)
                              ../lib/EmbeddedLib/libEmbeddedLib.a(ws2812b.cpp.obj) (__aeabi_i2d)
/usr/lib/gcc/arm-none-eabi/13.2.1/thumb/v7e-m+fp/hard/libgcc.a(_arm_muldivdf3.o)
                              ../lib/EmbeddedLib/libEmbeddedLib.a(timer_device.cpp.obj) (__aeabi_ddiv)
/usr/lib/gcc/arm-none-eabi/13.2.1/thumb/v7e-m+fp/hard/libgcc.a(_arm_cmpdf2.o)
                              ../lib/EmbeddedLib/libEmbeddedLib.a(timer_device.cpp.obj) (__aeabi_dcmplt)
/usr/lib/gcc/arm-none-eabi/13.2.1/thumb/v7e-m+fp/hard/libgcc.a(_arm_fixdfsi.o)
                              ../lib/EmbeddedLib/libEmbeddedLib.a(ws2812b.cpp.obj) (__aeabi_d2iz)
/usr/lib/gcc/arm-none-eabi/13.2.1/thumb/v7e-m+fp/hard/libgcc.a(_aeabi_uldivmod.o)
                              cmake/stm32cubemx/CMakeFiles/STM32_Drivers.dir/__/__/Drivers/STM32F4xx_HAL_Driver/Src/stm32f4xx_hal_rcc.c.obj (__aeabi_uldivmod)
/usr/lib/gcc/arm-none-eabi/13.2.1/thumb/v7e-m+fp/hard/libgcc.a(_udivmoddi4.o)
                              /usr/lib/gcc/arm-none-eabi/13.2.1/thumb/v7e-m+fp/hard/libgcc.a(_aeabi_uldivmod.o) (__udivmoddi4)
/usr/lib/gcc/arm-none-eabi/13.2.1/thumb/v7e-m+fp/hard/libgcc.a(_dvmd_tls.o)
                              /usr/lib/gcc/arm-none-eabi/13.2.1/thumb/v7e-m+fp/hard/libgcc.a(_aeabi_uldivmod.o) (__aeabi_ldiv0)
/usr/lib/gcc/arm-none-eabi/13.2.1/../../../arm-none-eabi/lib/thumb/v7e-m+fp/hard/libg_nano.a(libc_a-init.o)
                              /usr/lib/gcc/arm-none-eabi/13.2.1/../../../arm-none-eabi/lib/thumb/v7e-m+fp/hard/crt0.o (__libc_init_array)
/usr/lib/gcc/arm-none-eabi/13.2.1/../../../arm-none-eabi/lib/thumb/v7e-m+fp/hard/libg_nano.a(libc_a-abort.o)
                              /usr/lib/gcc/arm-none-eabi/13.2.1/../../../arm-none-eabi/lib/thumb/v7e-m+fp/hard/libstdc++_nano.a(new_op.o) (abort)
/usr/lib/gcc/arm-none-eabi/13.2.1/../../../arm-none-eabi/lib/thumb/v7e-m+fp/hard/libg_nano.a(libc_a-strlen.o)
                              ../lib/EmbeddedLib/libEmbeddedLib.a(status.cpp.obj) (strlen)
/usr/lib/gcc/arm-none-eabi/13.2.1/../../../arm-none-eabi/lib/thumb/v7e-m+fp/hard/libg_nano.a(libc_a-memset.o)
                              /usr/lib/gcc/arm-none-eabi/13.2.1/../../../arm-none-eabi/lib/thumb/v7e-m+fp/hard/crt0.o (memset)
/usr/lib/gcc/arm-none-eabi/13.2.1/../../../arm-none-eabi/lib/thumb/v7e-m+fp/hard/libg_nano.a(libc_a-errno.o)
[...]
Memory Configuration

Name             Origin             Length             Attributes
RAM              0x20000000         0x00020000         xrw
FLASH            0x08000000         0x00040000         xr
*default*        0x00000000         0xffffffff

Linker script and memory map

LOAD /usr/lib/gcc/arm-none-eabi/13.2.1/thumb/v7e-m+fp/hard/crti.o
LOAD /usr/lib/gcc/arm-none-eabi/13.2.1/thumb/v7e-m+fp/hard/crtbegin.o
LOAD /usr/lib/gcc/arm-none-eabi/13.2.1/../../../arm-none-eabi/lib/thumb/v7e-m+fp/hard/crt0.o
LOAD CMakeFiles/firmware.dir/USB_DEVICE/Target/usbd_conf.c.obj
LOAD CMakeFiles/firmware.dir/USB_DEVICE/App/usb_device.c.obj
LOAD CMakeFiles/firmware.dir/USB_DEVICE/App/usbd_desc.c.obj
LOAD CMakeFiles/firmware.dir/USB_DEVICE/App/usbd_cdc_if.c.obj
LOAD CMakeFiles/firmware.dir/Core/Src/main.cpp.obj
LOAD CMakeFiles/firmware.dir/Core/Src/gpio.c.obj
LOAD CMakeFiles/firmware.dir/Core/Src/dma.c.obj
LOAD CMakeFiles/firmware.dir/Core/Src/tim.c.obj
LOAD CMakeFiles/firmware.dir/Core/Src/stm32f4xx_it.c.obj
LOAD CMakeFiles/firmware.dir/Core/Src/stm32f4xx_hal_msp.c.obj
LOAD CMakeFiles/firmware.dir/Core/Src/sysmem.c.obj
LOAD CMakeFiles/firmware.dir/Core/Src/syscalls.c.obj
LOAD CMakeFiles/firmware.dir/startup_stm32f446xx.s.obj
LOAD CMakeFiles/firmware.dir/__/src/core.cpp.obj
LOAD cmake/stm32cubemx/CMakeFiles/STM32_Drivers.dir/__/__/Core/Src/system_stm32f4xx.c.obj
LOAD cmake/stm32cubemx/CMakeFiles/STM32_Drivers.dir/__/__/Drivers/STM32F4xx_HAL_Driver/Src/stm32f4xx_hal_pcd.c.obj
LOAD cmake/stm32cubemx/CMakeFiles/STM32_Drivers.dir/__/__/Drivers/STM32F4xx_HAL_Driver/Src/stm32f4xx_hal_pcd_ex.c.obj
LOAD cmake/stm32cubemx/CMakeFiles/STM32_Drivers.dir/__/__/Drivers/STM32F4xx_HAL_Driver/Src/stm32f4xx_ll_usb.c.obj
LOAD cmake/stm32cubemx/CMakeFiles/STM32_Drivers.dir/__/__/Drivers/STM32F4xx_HAL_Driver/Src/stm32f4xx_hal_rcc.c.obj
LOAD cmake/stm32cubemx/CMakeFiles/STM32_Drivers.dir/__/__/Drivers/STM32F4xx_HAL_Driver/Src/stm32f4xx_hal_rcc_ex.c.obj
LOAD cmake/stm32cubemx/CMakeFiles/STM32_Drivers.dir/__/__/Drivers/STM32F4xx_HAL_Driver/Src/stm32f4xx_hal_flash.c.obj
LOAD cmake/stm32cubemx/CMakeFiles/STM32_Drivers.dir/__/__/Drivers/STM32F4xx_HAL_Driver/Src/stm32f4xx_hal_flash_ex.c.obj
LOAD cmake/stm32cubemx/CMakeFiles/STM32_Drivers.dir/__/__/Drivers/STM32F4xx_HAL_Driver/Src/stm32f4xx_hal_flash_ramfunc.c.obj
LOAD cmake/stm32cubemx/CMakeFiles/STM32_Drivers.dir/__/__/Drivers/STM32F4xx_HAL_Driver/Src/stm32f4xx_hal_gpio.c.obj
LOAD cmake/stm32cubemx/CMakeFiles/STM32_Drivers.dir/__/__/Drivers/STM32F4xx_HAL_Driver/Src/stm32f4xx_hal_dma_ex.c.obj
LOAD cmake/stm32cubemx/CMakeFiles/STM32_Drivers.dir/__/__/Drivers/STM32F4xx_HAL_Driver/Src/stm32f4xx_hal_dma.c.obj
LOAD cmake/stm32cubemx/CMakeFiles/STM32_Drivers.dir/__/__/Drivers/STM32F4xx_HAL_Driver/Src/stm32f4xx_hal_pwr.c.obj
LOAD cmake/stm32cubemx/CMakeFiles/STM32_Drivers.dir/__/__/Drivers/STM32F4xx_HAL_Driver/Src/stm32f4xx_hal_pwr_ex.c.obj
LOAD cmake/stm32cubemx/CMakeFiles/STM32_Drivers.dir/__/__/Drivers/STM32F4xx_HAL_Driver/Src/stm32f4xx_hal_cortex.c.obj
LOAD cmake/stm32cubemx/CMakeFiles/STM32_Drivers.dir/__/__/Drivers/STM32F4xx_HAL_Driver/Src/stm32f4xx_hal.c.obj
LOAD cmake/stm32cubemx/CMakeFiles/STM32_Drivers.dir/__/__/Drivers/STM32F4xx_HAL_Driver/Src/stm32f4xx_hal_exti.c.obj
LOAD cmake/stm32cubemx/CMakeFiles/STM32_Drivers.dir/__/__/Drivers/STM32F4xx_HAL_Driver/Src/stm32f4xx_hal_tim.c.obj
LOAD cmake/stm32cubemx/CMakeFiles/STM32_Drivers.dir/__/__/Drivers/STM32F4xx_HAL_Driver/Src/stm32f4xx_hal_tim_ex.c.obj
LOAD cmake/stm32cubemx/CMakeFiles/USB_Device_Library.dir/__/__/Middlewares/ST/STM32_USB_Device_Library/Core/Src/usbd_core.c.obj
LOAD cmake/stm32cubemx/CMakeFiles/USB_Device_Library.dir/__/__/Middlewares/ST/STM32_USB_Device_Library/Core/Src/usbd_ctlreq.c.obj
LOAD cmake/stm32cubemx/CMakeFiles/USB_Device_Library.dir/__/__/Middlewares/ST/STM32_USB_Device_Library/Core/Src/usbd_ioreq.c.obj
LOAD cmake/stm32cubemx/CMakeFiles/USB_Device_Library.dir/__/__/Middlewares/ST/STM32_USB_Device_Library/Class/CDC/Src/usbd_cdc.c.obj
LOAD ../lib/EmbeddedLib/libEmbeddedLib.a
LOAD /usr/lib/gcc/arm-none-eabi/13.2.1/../../../arm-none-eabi/lib/thumb/v7e-m+fp/hard/libstdc++_nano.a
LOAD /usr/lib/gcc/arm-none-eabi/13.2.1/../../../arm-none-eabi/lib/thumb/v7e-m+fp/hard/libm.a
START GROUP
LOAD /usr/lib/gcc/arm-none-eabi/13.2.1/thumb/v7e-m+fp/hard/libgcc.a
LOAD /usr/lib/gcc/arm-none-eabi/13.2.1/../../../arm-none-eabi/lib/thumb/v7e-m+fp/hard/libg_nano.a
LOAD /usr/lib/gcc/arm-none-eabi/13.2.1/../../../arm-none-eabi/lib/thumb/v7e-m+fp/hard/libc_nano.a
END GROUP
START GROUP
LOAD /usr/lib/gcc/arm-none-eabi/13.2.1/thumb/v7e-m+fp/hard/libgcc.a
LOAD /usr/lib/gcc/arm-none-eabi/13.2.1/../../../arm-none-eabi/lib/thumb/v7e-m+fp/hard/libc_nano.a
END GROUP
LOAD /usr/lib/gcc/arm-none-eabi/13.2.1/thumb/v7e-m+fp/hard/crtend.o
LOAD /usr/lib/gcc/arm-none-eabi/13.2.1/thumb/v7e-m+fp/hard/crtn.o
                0x20020000                        _estack = (ORIGIN (RAM) + LENGTH (RAM))
                0x00000800                        _Min_Heap_Size = 0x800
                0x00001000                        _Min_Stack_Size = 0x1000

.isr_vector     0x08000000      0x1c4
                0x08000000                        . = ALIGN (0x4)
 *(.isr_vector)
 .isr_vector    0x08000000      0x1c4 CMakeFiles/firmware.dir/startup_stm32f446xx.s.obj
                0x08000000                g_pfnVectors
                0x080001c4                        . = ALIGN (0x4)

.text           0x080001c8     0xbbbc
                0x080001c8                        . = ALIGN (0x4)
 *(.text)
 .text          0x080001c8       0x88 /usr/lib/gcc/arm-none-eabi/13.2.1/thumb/v7e-m+fp/hard/crtbegin.o
 .text          0x08000250      0x378 /usr/lib/gcc/arm-none-eabi/13.2.1/thumb/v7e-m+fp/hard/libgcc.a(_arm_addsubdf3.o)
                0x08000250                __aeabi_drsub
                0x08000258                __aeabi_dsub
                0x08000258                __subdf3
                0x0800025c                __adddf3
                0x0800025c                __aeabi_dadd
                0x080004d4                __aeabi_ui2d
                0x080004d4                __floatunsidf
                0x080004f4                __floatsidf
                0x080004f4                __aeabi_i2d
                0x08000518                __extendsfdf2
                0x08000518                __aeabi_f2d
                0x0800055c                __aeabi_ul2d
                0x0800055c                __floatundidf
                0x0800056c                __floatdidf
                0x0800056c                __aeabi_l2d
 .text          0x080005c8      0x424 /usr/lib/gcc/arm-none-eabi/13.2.1/thumb/v7e-m+fp/hard/libgcc.a(_arm_muldivdf3.o)
                0x080005c8                __aeabi_dmul
                0x080005c8                __muldf3
                0x0800081c                __aeabi_ddiv
                0x0800081c                __divdf3
 .text          0x080009ec       0x50 /usr/lib/gcc/arm-none-eabi/13.2.1/thumb/v7e-m+fp/hard/libgcc.a(_arm_fixdfsi.o)
                0x080009ec                __fixdfsi
                0x080009ec                __aeabi_d2iz
 .text          0x08000a3c       0x30 /usr/lib/gcc/arm-none-eabi/13.2.1/thumb/v7e-m+fp/hard/libgcc.a(_aeabi_uldivmod.o)
                0x08000a3c                __aeabi_uldivmod
 .text          0x08000a6c      0x2bc /usr/lib/gcc/arm-none-eabi/13.2.1/thumb/v7e-m+fp/hard/libgcc.a(_udivmoddi4.o)
                0x08000a6c                __udivmoddi4
 .text          0x08000d28        0x4 /usr/lib/gcc/arm-none-eabi/13.2.1/thumb/v7e-m+fp/hard/libgcc.a(_dvmd_tls.o)
                0x08000d28                __aeabi_ldiv0
                0x08000d28                __aeabi_idiv0
 .text          0x08000d2c       0x50 /usr/lib/gcc/arm-none-eabi/13.2.1/../../../arm-none-eabi/lib/thumb/v7e-m+fp/hard/libg_nano.a(libc_a-init.o)
                0x08000d2c                __libc_init_array
 .text          0x08000d7c       0x10 /usr/lib/gcc/arm-none-eabi/13.2.1/../../../arm-none-eabi/lib/thumb/v7e-m+fp/hard/libg_nano.a(libc_a-abort.o)
                0x08000d7c                abort
 .text          0x08000d8c       0xa4 /usr/lib/gcc/arm-none-eabi/13.2.1/../../../arm-none-eabi/lib/thumb/v7e-m+fp/hard/libg_nano.a(libc_a-memset.o)
                0x08000d8c                memset
 .text          0x08000e30        0xc /usr/lib/gcc/arm-none-eabi/13.2.1/../../../arm-none-eabi/lib/thumb/v7e-m+fp/hard/libg_nano.a(libc_a-errno.o)
                0x08000e30                __errno
 .text          0x08000e3c      0x100 /usr/lib/gcc/arm-none-eabi/13.2.1/../../../arm-none-eabi/lib/thumb/v7e-m+fp/hard/libg_nano.a(libc_a-memmove.o)
                0x08000e3c                memmove
 .text          0x08000f3c       0x1c /usr/lib/gcc/arm-none-eabi/13.2.1/../../../arm-none-eabi/lib/thumb/v7e-m+fp/hard/libg_nano.a(libc_a-cxa_atexit.o)
                0x08000f3c                __cxa_atexit
 .text          0x08000f58       0x20 /usr/lib/gcc/arm-none-eabi/13.2.1/../../../arm-none-eabi/lib/thumb/v7e-m+fp/hard/libg_nano.a(libc_a-malloc.o)
                0x08000f58                malloc
                0x08000f68                free
 .text          0x08000f78      0x260 /usr/lib/gcc/arm-none-eabi/13.2.1/../../../arm-none-eabi/lib/thumb/v7e-m+fp/hard/libg_nano.a(libc_a-signal.o)
                0x08000f78                _init_signal_r
                0x08000fa4                _signal_r
                0x08000ff0                _raise_r
                0x08001040                __sigtramp_r
                0x080010a0                raise
                0x080010f4                signal
                0x08001140                _init_signal
                0x08001174                __sigtramp
 .text          0x080011d8      0x148 /usr/lib/gcc/arm-none-eabi/13.2.1/../../../arm-none-eabi/lib/thumb/v7e-m+fp/hard/libg_nano.a(libc_a-mallocr.o)
                0x08001220                _malloc_r
 .text          0x08001320       0xbc /usr/lib/gcc/arm-none-eabi/13.2.1/../../../arm-none-eabi/lib/thumb/v7e-m+fp/hard/libg_nano.a(libc_a-freer.o)
                0x08001320                _free_r
 .text          0x080013dc       0xac /usr/lib/gcc/arm-none-eabi/13.2.1/../../../arm-none-eabi/lib/thumb/v7e-m+fp/hard/libg_nano.a(libc_a-__atexit.o)
                0x080013dc                __register_exitproc
 .text          0x08001488        0x8 /usr/lib/gcc/arm-none-eabi/13.2.1/../../../arm-none-eabi/lib/thumb/v7e-m+fp/hard/libg_nano.a(libc_a-mlock.o)
                0x08001488                __malloc_lock
                0x0800148c                __malloc_unlock
 .text          0x08001490       0x24 /usr/lib/gcc/arm-none-eabi/13.2.1/../../../arm-none-eabi/lib/thumb/v7e-m+fp/hard/libg_nano.a(libc_a-sbrkr.o)
                0x08001490                _sbrk_r
 .text          0x080014b4       0x30 /usr/lib/gcc/arm-none-eabi/13.2.1/../../../arm-none-eabi/lib/thumb/v7e-m+fp/hard/libg_nano.a(libc_a-signalr.o)
                0x080014b4                _kill_r
                0x080014e0                _getpid_r
 *(.text*)
 .text.HAL_PCD_MspInit
                0x080014e4      0x104 CMakeFiles/firmware.dir/USB_DEVICE/Target/usbd_conf.c.obj
                0x080014e4                HAL_PCD_MspInit
 .text.HAL_PCD_SetupStageCallback
                0x080015e8       0x24 CMakeFiles/firmware.dir/USB_DEVICE/Target/usbd_conf.c.obj
                0x080015e8                HAL_PCD_SetupStageCallback
 .text.HAL_PCD_DataOutStageCallback
                0x0800160c       0x36 CMakeFiles/firmware.dir/USB_DEVICE/Target/usbd_conf.c.obj
                0x0800160c                HAL_PCD_DataOutStageCallback
 .text.HAL_PCD_DataInStageCallback
                0x08001642       0x34 CMakeFiles/firmware.dir/USB_DEVICE/Target/usbd_conf.c.obj
                0x08001642                HAL_PCD_DataInStageCallback
 .text.HAL_PCD_SOFCallback
                0x08001676       0x1c CMakeFiles/firmware.dir/USB_DEVICE/Target/usbd_conf.c.obj
                0x08001676                HAL_PCD_SOFCallback
 .text.HAL_PCD_ResetCallback
                0x08001692       0x50 CMakeFiles/firmware.dir/USB_DEVICE/Target/usbd_conf.c.obj
                0x08001692                HAL_PCD_ResetCallback
 *fill*         0x080016e2        0x2 
 .text.HAL_PCD_SuspendCallback
                0x080016e4       0x4c CMakeFiles/firmware.dir/USB_DEVICE/Target/usbd_conf.c.obj
                0x080016e4                HAL_PCD_SuspendCallback
 .text.HAL_PCD_ResumeCallback
                0x08001730       0x1c CMakeFiles/firmware.dir/USB_DEVICE/Target/usbd_conf.c.obj
                0x08001730                HAL_PCD_ResumeCallback
 .text.HAL_PCD_ISOOUTIncompleteCallback
                0x0800174c       0x24 CMakeFiles/firmware.dir/USB_DEVICE/Target/usbd_conf.c.obj
                0x0800174c                HAL_PCD_ISOOUTIncompleteCallback
 .text.HAL_PCD_ISOINIncompleteCallback
                0x08001770       0x24 CMakeFiles/firmware.dir/USB_DEVICE/Target/usbd_conf.c.obj
                0x08001770                HAL_PCD_ISOINIncompleteCallback
 .text.HAL_PCD_ConnectCallback
                0x08001794       0x1c CMakeFiles/firmware.dir/USB_DEVICE/Target/usbd_conf.c.obj
                0x08001794                HAL_PCD_ConnectCallback
 .text.HAL_PCD_DisconnectCallback
                0x080017b0       0x1c CMakeFiles/firmware.dir/USB_DEVICE/Target/usbd_conf.c.obj
                0x080017b0                HAL_PCD_DisconnectCallback
 .text.USBD_LL_Init
                0x080017cc       0x98 CMakeFiles/firmware.dir/USB_DEVICE/Target/usbd_conf.c.obj
                0x080017cc                USBD_LL_Init
 .text.USBD_LL_Start
                0x08001864       0x36 CMakeFiles/firmware.dir/USB_DEVICE/Target/usbd_conf.c.obj
                0x08001864                USBD_LL_Start
 .text.USBD_LL_OpenEP
                0x0800189a       0x4c CMakeFiles/firmware.dir/USB_DEVICE/Target/usbd_conf.c.obj
                0x0800189a                USBD_LL_OpenEP
 .text.USBD_LL_CloseEP
                0x080018e6       0x3e CMakeFiles/firmware.dir/USB_DEVICE/Target/usbd_conf.c.obj
                0x080018e6                USBD_LL_CloseEP
 .text.USBD_LL_StallEP
                0x08001924       0x3e CMakeFiles/firmware.dir/USB_DEVICE/Target/usbd_conf.c.obj
                0x08001924                USBD_LL_StallEP
 .text.USBD_LL_ClearStallEP
                0x08001962       0x3e CMakeFiles/firmware.dir/USB_DEVICE/Target/usbd_conf.c.obj
                0x08001962                USBD_LL_ClearStallEP
 .text.USBD_LL_IsStallEP
                0x080019a0       0x58 CMakeFiles/firmware.dir/USB_DEVICE/Target/usbd_conf.c.obj
                0x080019a0                USBD_LL_IsStallEP
 .text.USBD_LL_SetUSBAddress
                0x080019f8       0x3e CMakeFiles/firmware.dir/USB_DEVICE/Target/usbd_conf.c.obj
                0x080019f8                USBD_LL_SetUSBAddress
 .text.USBD_LL_Transmit
                0x08001a36       0x42 CMakeFiles/firmware.dir/USB_DEVICE/Target/usbd_conf.c.obj
                0x08001a36                USBD_LL_Transmit
 .text.USBD_LL_PrepareReceive
                0x08001a78       0x42 CMakeFiles/firmware.dir/USB_DEVICE/Target/usbd_conf.c.obj
                0x08001a78                USBD_LL_PrepareReceive
 .text.USBD_LL_GetRxDataSize
                0x08001aba       0x26 CMakeFiles/firmware.dir/USB_DEVICE/Target/usbd_conf.c.obj
                0x08001aba                USBD_LL_GetRxDataSize
 .text.HAL_PCDEx_LPM_Callback
                0x08001ae0       0x9c CMakeFiles/firmware.dir/USB_DEVICE/Target/usbd_conf.c.obj
                0x08001ae0                HAL_PCDEx_LPM_Callback
 .text.USBD_static_malloc
                0x08001b7c       0x1c CMakeFiles/firmware.dir/USB_DEVICE/Target/usbd_conf.c.obj
                0x08001b7c                USBD_static_malloc
 .text.USBD_static_free
                0x08001b98       0x14 CMakeFiles/firmware.dir/USB_DEVICE/Target/usbd_conf.c.obj
                0x08001b98                USBD_static_free
 .text.USBD_Get_USB_Status
                0x08001bac       0x58 CMakeFiles/firmware.dir/USB_DEVICE/Target/usbd_conf.c.obj
                0x08001bac                USBD_Get_USB_Status
 .text.MX_USB_DEVICE_Init
                0x08001c04       0x60 CMakeFiles/firmware.dir/USB_DEVICE/App/usb_device.c.obj
                0x08001c04                MX_USB_DEVICE_Init
 .text.USBD_FS_DeviceDescriptor
                0x08001c64       0x24 CMakeFiles/firmware.dir/USB_DEVICE/App/usbd_desc.c.obj
                0x08001c64                USBD_FS_DeviceDescriptor
 .text.USBD_FS_LangIDStrDescriptor
                0x08001c88       0x24 CMakeFiles/firmware.dir/USB_DEVICE/App/usbd_desc.c.obj
                0x08001c88                USBD_FS_LangIDStrDescriptor
 .text.USBD_FS_ProductStrDescriptor
                0x08001cac       0x3c CMakeFiles/firmware.dir/USB_DEVICE/App/usbd_desc.c.obj
                0x08001cac                USBD_FS_ProductStrDescriptor
 .text.USBD_FS_ManufacturerStrDescriptor
                0x08001ce8       0x28 CMakeFiles/firmware.dir/USB_DEVICE/App/usbd_desc.c.obj
                0x08001ce8                USBD_FS_ManufacturerStrDescriptor
 .text.USBD_FS_SerialStrDescriptor
                0x08001d10       0x24 CMakeFiles/firmware.dir/USB_DEVICE/App/usbd_desc.c.obj
                0x08001d10                USBD_FS_SerialStrDescriptor
 .text.USBD_FS_ConfigStrDescriptor
                0x08001d34       0x3c CMakeFiles/firmware.dir/USB_DEVICE/App/usbd_desc.c.obj
                0x08001d34                USBD_FS_ConfigStrDescriptor
 .text.USBD_FS_InterfaceStrDescriptor
                0x08001d70       0x3c CMakeFiles/firmware.dir/USB_DEVICE/App/usbd_desc.c.obj
                0x08001d70                USBD_FS_InterfaceStrDescriptor
 .text.USBD_FS_USR_BOSDescriptor
                0x08001dac       0x24 CMakeFiles/firmware.dir/USB_DEVICE/App/usbd_desc.c.obj
                0x08001dac                USBD_FS_USR_BOSDescriptor
 .text.Get_SerialNum
                0x08001dd0       0x58 CMakeFiles/firmware.dir/USB_DEVICE/App/usbd_desc.c.obj
 .text.IntToUnicode
                0x08001e28       0x7e CMakeFiles/firmware.dir/USB_DEVICE/App/usbd_desc.c.obj
 *fill*         0x08001ea6        0x2 
 .text.CDC_Init_FS
                0x08001ea8       0x28 CMakeFiles/firmware.dir/USB_DEVICE/App/usbd_cdc_if.c.obj
 .text.CDC_DeInit_FS
                0x08001ed0       0x10 CMakeFiles/firmware.dir/USB_DEVICE/App/usbd_cdc_if.c.obj
 .text.CDC_Control_FS
                0x08001ee0       0xbc CMakeFiles/firmware.dir/USB_DEVICE/App/usbd_cdc_if.c.obj
 .text.CDC_Receive_FS
                0x08001f9c       0x28 CMakeFiles/firmware.dir/USB_DEVICE/App/usbd_cdc_if.c.obj
 .text.CDC_TransmitCplt_FS
                0x08001fc4       0x22 CMakeFiles/firmware.dir/USB_DEVICE/App/usbd_cdc_if.c.obj
 .text.main     0x08001fe6       0x2e CMakeFiles/firmware.dir/Core/Src/main.cpp.obj
                0x08001fe6                main
 .text.SystemClock_Config
                0x08002014       0xec CMakeFiles/firmware.dir/Core/Src/main.cpp.obj
                0x08002014                SystemClock_Config
 .text.Error_Handler
                0x08002100        0xc CMakeFiles/firmware.dir/Core/Src/main.cpp.obj
                0x08002100                Error_Handler
 .text.MX_GPIO_Init
                0x0800210c       0xa0 CMakeFiles/firmware.dir/Core/Src/gpio.c.obj
                0x0800210c                MX_GPIO_Init
 .text.MX_DMA_Init
                0x080021ac       0x40 CMakeFiles/firmware.dir/Core/Src/dma.c.obj
                0x080021ac                MX_DMA_Init
 .text.MX_TIM2_Init
                0x080021ec      0x12c CMakeFiles/firmware.dir/Core/Src/tim.c.obj
                0x080021ec                MX_TIM2_Init
 .text.MX_TIM3_Init
                0x08002318       0x9c CMakeFiles/firmware.dir/Core/Src/tim.c.obj
                0x08002318                MX_TIM3_Init
 .text.MX_TIM8_Init
                0x080023b4       0xa0 CMakeFiles/firmware.dir/Core/Src/tim.c.obj
                0x080023b4                MX_TIM8_Init
 .text.HAL_TIM_Base_MspInit
                0x08002454      0x11c CMakeFiles/firmware.dir/Core/Src/tim.c.obj
                0x08002454                HAL_TIM_Base_MspInit
 .text.HAL_TIM_MspPostInit
                0x08002570       0x70 CMakeFiles/firmware.dir/Core/Src/tim.c.obj
                0x08002570                HAL_TIM_MspPostInit
 .text.NMI_Handler
                0x080025e0        0x8 CMakeFiles/firmware.dir/Core/Src/stm32f4xx_it.c.obj
                0x080025e0                NMI_Handler
 .text.HardFault_Handler
                0x080025e8        0x8 CMakeFiles/firmware.dir/Core/Src/stm32f4xx_it.c.obj
                0x080025e8                HardFault_Handler
 .text.MemManage_Handler
                0x080025f0        0x8 CMakeFiles/firmware.dir/Core/Src/stm32f4xx_it.c.obj
                0x080025f0                MemManage_Handler
 .text.BusFault_Handler
                0x080025f8        0x8 CMakeFiles/firmware.dir/Core/Src/stm32f4xx_it.c.obj
                0x080025f8                BusFault_Handler
 .text.UsageFault_Handler
                0x08002600        0x8 CMakeFiles/firmware.dir/Core/Src/stm32f4xx_it.c.obj
                0x08002600                UsageFault_Handler
 .text.SVC_Handler
                0x08002608        0xe CMakeFiles/firmware.dir/Core/Src/stm32f4xx_it.c.obj
                0x08002608                SVC_Handler
 .text.DebugMon_Handler
                0x08002616        0xe CMakeFiles/firmware.dir/Core/Src/stm32f4xx_it.c.obj
                0x08002616                DebugMon_Handler
 .text.PendSV_Handler
                0x08002624        0xe CMakeFiles/firmware.dir/Core/Src/stm32f4xx_it.c.obj
                0x08002624                PendSV_Handler
 .text.SysTick_Handler
                0x08002632        0xc CMakeFiles/firmware.dir/Core/Src/stm32f4xx_it.c.obj
                0x08002632                SysTick_Handler
 *fill*         0x0800263e        0x2 
 .text.DMA1_Stream5_IRQHandler
                0x08002640       0x14 CMakeFiles/firmware.dir/Core/Src/stm32f4xx_it.c.obj
                0x08002640                DMA1_Stream5_IRQHandler
 .text.TIM2_IRQHandler
                0x08002654       0x14 CMakeFiles/firmware.dir/Core/Src/stm32f4xx_it.c.obj
                0x08002654                TIM2_IRQHandler
 .text.OTG_FS_IRQHandler
                0x08002668       0x14 CMakeFiles/firmware.dir/Core/Src/stm32f4xx_it.c.obj
                0x08002668                OTG_FS_IRQHandler
 .text.HAL_MspInit
                0x0800267c       0x50 CMakeFiles/firmware.dir/Core/Src/stm32f4xx_hal_msp.c.obj
                0x0800267c                HAL_MspInit
 .text._sbrk    0x080026cc       0x6c CMakeFiles/firmware.dir/Core/Src/sysmem.c.obj
                0x080026cc                _sbrk
 .text._getpid  0x08002738       0x10 CMakeFiles/firmware.dir/Core/Src/syscalls.c.obj
                0x08002738                _getpid
 .text._kill    0x08002748       0x20 CMakeFiles/firmware.dir/Core/Src/syscalls.c.obj
                0x08002748                _kill
 .text._exit    0x08002768       0x16 CMakeFiles/firmware.dir/Core/Src/syscalls.c.obj
                0x08002768                _exit
 *fill*         0x0800277e        0x2 
 .text.Reset_Handler
                0x08002780       0x50 CMakeFiles/firmware.dir/startup_stm32f446xx.s.obj
                0x08002780                Reset_Handler
 .text.Default_Handler
                0x080027d0        0x2 CMakeFiles/firmware.dir/startup_stm32f446xx.s.obj
                0x080027d0                RTC_Alarm_IRQHandler
                0x080027d0                EXTI2_IRQHandler
                0x080027d0                TIM8_CC_IRQHandler
                0x080027d0                FMPI2C1_EV_IRQHandler
                0x080027d0                SPI4_IRQHandler
                0x080027d0                TIM1_CC_IRQHandler
                0x080027d0                DMA2_Stream5_IRQHandler
                0x080027d0                PVD_IRQHandler
                0x080027d0                SDIO_IRQHandler
                0x080027d0                TAMP_STAMP_IRQHandler
                0x080027d0                CAN2_RX1_IRQHandler
                0x080027d0                EXTI3_IRQHandler
                0x080027d0                TIM8_TRG_COM_TIM14_IRQHandler
                0x080027d0                TIM1_UP_TIM10_IRQHandler
                0x080027d0                TIM8_UP_TIM13_IRQHandler
                0x080027d0                I2C3_ER_IRQHandler
                0x080027d0                EXTI0_IRQHandler
                0x080027d0                I2C2_EV_IRQHandler
                0x080027d0                DMA1_Stream2_IRQHandler
                0x080027d0                CAN1_RX0_IRQHandler
                0x080027d0                FPU_IRQHandler
                0x080027d0                OTG_HS_WKUP_IRQHandler
                0x080027d0                CAN2_SCE_IRQHandler
                0x080027d0                DMA2_Stream2_IRQHandler
                0x080027d0                SPI1_IRQHandler
                0x080027d0                TIM6_DAC_IRQHandler
                0x080027d0                TIM1_BRK_TIM9_IRQHandler
                0x080027d0                DCMI_IRQHandler
                0x080027d0                CAN2_RX0_IRQHandler
                0x080027d0                DMA2_Stream3_IRQHandler
                0x080027d0                SAI2_IRQHandler
                0x080027d0                USART6_IRQHandler
                0x080027d0                USART3_IRQHandler
                0x080027d0                CAN1_RX1_IRQHandler
                0x080027d0                UART5_IRQHandler
                0x080027d0                DMA2_Stream0_IRQHandler
                0x080027d0                TIM4_IRQHandler
                0x080027d0                QUADSPI_IRQHandler
                0x080027d0                I2C1_EV_IRQHandler
                0x080027d0                DMA1_Stream6_IRQHandler
                0x080027d0                DMA1_Stream1_IRQHandler
                0x080027d0                UART4_IRQHandler
                0x080027d0                TIM3_IRQHandler
                0x080027d0                RCC_IRQHandler
                0x080027d0                TIM8_BRK_TIM12_IRQHandler
                0x080027d0                Default_Handler
                0x080027d0                CEC_IRQHandler
                0x080027d0                EXTI15_10_IRQHandler
                0x080027d0                ADC_IRQHandler
                0x080027d0                DMA1_Stream7_IRQHandler
                0x080027d0                TIM7_IRQHandler
                0x080027d0                CAN2_TX_IRQHandler
                0x080027d0                TIM5_IRQHandler
                0x080027d0                DMA2_Stream7_IRQHandler
                0x080027d0                I2C3_EV_IRQHandler
                0x080027d0                EXTI9_5_IRQHandler
                0x080027d0                RTC_WKUP_IRQHandler
                0x080027d0                SPDIF_RX_IRQHandler
                0x080027d0                SPI2_IRQHandler
                0x080027d0                OTG_HS_EP1_IN_IRQHandler
                0x080027d0                DMA1_Stream0_IRQHandler
                0x080027d0                CAN1_TX_IRQHandler
                0x080027d0                FMPI2C1_ER_IRQHandler
                0x080027d0                EXTI4_IRQHandler
                0x080027d0                OTG_HS_EP1_OUT_IRQHandler
                0x080027d0                WWDG_IRQHandler
                0x080027d0                OTG_FS_WKUP_IRQHandler
                0x080027d0                TIM1_TRG_COM_TIM11_IRQHandler
                0x080027d0                OTG_HS_IRQHandler
                0x080027d0                EXTI1_IRQHandler
                0x080027d0                USART2_IRQHandler
                0x080027d0                I2C2_ER_IRQHandler
                0x080027d0                DMA2_Stream1_IRQHandler
                0x080027d0                CAN1_SCE_IRQHandler
                0x080027d0                FLASH_IRQHandler
                0x080027d0                DMA2_Stream4_IRQHandler
                0x080027d0                USART1_IRQHandler
                0x080027d0                SPI3_IRQHandler
                0x080027d0                DMA1_Stream4_IRQHandler
                0x080027d0                I2C1_ER_IRQHandler
                0x080027d0                FMC_IRQHandler
                0x080027d0                DMA2_Stream6_IRQHandler
                0x080027d0                SAI1_IRQHandler
                0x080027d0                DMA1_Stream3_IRQHandler
 .text._ZN7WS2812BD2Ev
                0x080027d2       0x26 CMakeFiles/firmware.dir/__/src/core.cpp.obj
                0x080027d2                WS2812B::~WS2812B()
                0x080027d2                WS2812B::~WS2812B()
 .text._Z4initv
                0x080027f8       0x14 CMakeFiles/firmware.dir/__/src/core.cpp.obj
                0x080027f8                init()
 .text._Z6updatev
                0x0800280c       0x1c CMakeFiles/firmware.dir/__/src/core.cpp.obj
                0x0800280c                update()
 .text.HAL_TIM_PWM_PulseFinishedCallback
                0x08002828       0x1c CMakeFiles/firmware.dir/__/src/core.cpp.obj
                0x08002828                HAL_TIM_PWM_PulseFinishedCallback
 .text._ZNSt6vectorIN7WS2812B9ColorDataESaIS1_EED2Ev
                0x08002844       0x3c CMakeFiles/firmware.dir/__/src/core.cpp.obj
                0x08002844                std::vector<WS2812B::ColorData, std::allocator<WS2812B::ColorData> >::~vector()
                0x08002844                std::vector<WS2812B::ColorData, std::allocator<WS2812B::ColorData> >::~vector()
 .text._ZNSt6vectorImSaImEED2Ev
                0x08002880       0x3c CMakeFiles/firmware.dir/__/src/core.cpp.obj
                0x08002880                std::vector<unsigned long, std::allocator<unsigned long> >::~vector()
                0x08002880                std::vector<unsigned long, std::allocator<unsigned long> >::~vector()
 .text._ZNSt12_Vector_baseIN7WS2812B9ColorDataESaIS1_EE12_Vector_implD2Ev
                0x080028bc       0x1c CMakeFiles/firmware.dir/__/src/core.cpp.obj
                0x080028bc                std::_Vector_base<WS2812B::ColorData, std::allocator<WS2812B::ColorData> >::_Vector_impl::~_Vector_impl()
                0x080028bc                std::_Vector_base<WS2812B::ColorData, std::allocator<WS2812B::ColorData> >::_Vector_impl::~_Vector_impl()
 .text._ZNSt12_Vector_baseIN7WS2812B9ColorDataESaIS1_EED2Ev
                0x080028d8       0x32 CMakeFiles/firmware.dir/__/src/core.cpp.obj
                0x080028d8                std::_Vector_base<WS2812B::ColorData, std::allocator<WS2812B::ColorData> >::~_Vector_base()
                0x080028d8                std::_Vector_base<WS2812B::ColorData, std::allocator<WS2812B::ColorData> >::~_Vector_base()
 .text._ZNSt12_Vector_baseIN7WS2812B9ColorDataESaIS1_EE19_M_get_Tp_allocatorEv
                0x0800290a       0x16 CMakeFiles/firmware.dir/__/src/core.cpp.obj
                0x0800290a                std::_Vector_base<WS2812B::ColorData, std::allocator<WS2812B::ColorData> >::_M_get_Tp_allocator()
 .text._ZNSt12_Vector_baseImSaImEE12_Vector_implD2Ev
                0x08002920       0x1c CMakeFiles/firmware.dir/__/src/core.cpp.obj
                0x08002920                std::_Vector_base<unsigned long, std::allocator<unsigned long> >::_Vector_impl::~_Vector_impl()
                0x08002920                std::_Vector_base<unsigned long, std::allocator<unsigned long> >::_Vector_impl::~_Vector_impl()
 .text._ZNSt12_Vector_baseImSaImEED2Ev
                0x0800293c       0x32 CMakeFiles/firmware.dir/__/src/core.cpp.obj
                0x0800293c                std::_Vector_base<unsigned long, std::allocator<unsigned long> >::~_Vector_base()
                0x0800293c                std::_Vector_base<unsigned long, std::allocator<unsigned long> >::~_Vector_base()
 .text._ZNSt12_Vector_baseImSaImEE19_M_get_Tp_allocatorEv
                0x0800296e       0x16 CMakeFiles/firmware.dir/__/src/core.cpp.obj
                0x0800296e                std::_Vector_base<unsigned long, std::allocator<unsigned long> >::_M_get_Tp_allocator()
 .text._ZNSt12_Vector_baseIN7WS2812B9ColorDataESaIS1_EE13_M_deallocateEPS1_j
                0x08002984       0x32 CMakeFiles/firmware.dir/__/src/core.cpp.obj
                0x08002984                std::_Vector_base<WS2812B::ColorData, std::allocator<WS2812B::ColorData> >::_M_deallocate(WS2812B::ColorData*, unsigned int)
 .text._ZSt8_DestroyIPN7WS2812B9ColorDataEEvT_S3_
                0x080029b6       0x1a CMakeFiles/firmware.dir/__/src/core.cpp.obj
                0x080029b6                void std::_Destroy<WS2812B::ColorData*>(WS2812B::ColorData*, WS2812B::ColorData*)
 .text._ZNSt12_Vector_baseImSaImEE13_M_deallocateEPmj
                0x080029d0       0x32 CMakeFiles/firmware.dir/__/src/core.cpp.obj
                0x080029d0                std::_Vector_base<unsigned long, std::allocator<unsigned long> >::_M_deallocate(unsigned long*, unsigned int)
 .text._ZSt8_DestroyIPmEvT_S1_
                0x08002a02       0x1a CMakeFiles/firmware.dir/__/src/core.cpp.obj
                0x08002a02                void std::_Destroy<unsigned long*>(unsigned long*, unsigned long*)
 .text._ZNSt15__new_allocatorIN7WS2812B9ColorDataEED2Ev
                0x08002a1c       0x16 CMakeFiles/firmware.dir/__/src/core.cpp.obj
                0x08002a1c                std::__new_allocator<WS2812B::ColorData>::~__new_allocator()
                0x08002a1c                std::__new_allocator<WS2812B::ColorData>::~__new_allocator()
 .text._ZNSt12_Destroy_auxILb1EE9__destroyIPN7WS2812B9ColorDataEEEvT_S5_
                0x08002a32       0x16 CMakeFiles/firmware.dir/__/src/core.cpp.obj
                0x08002a32                void std::_Destroy_aux<true>::__destroy<WS2812B::ColorData*>(WS2812B::ColorData*, WS2812B::ColorData*)
 .text._ZNSt15__new_allocatorImED2Ev
                0x08002a48       0x16 CMakeFiles/firmware.dir/__/src/core.cpp.obj
                0x08002a48                std::__new_allocator<unsigned long>::~__new_allocator()
                0x08002a48                std::__new_allocator<unsigned long>::~__new_allocator()
 .text._ZNSt12_Destroy_auxILb1EE9__destroyIPmEEvT_S3_
                0x08002a5e       0x16 CMakeFiles/firmware.dir/__/src/core.cpp.obj
                0x08002a5e                void std::_Destroy_aux<true>::__destroy<unsigned long*>(unsigned long*, unsigned long*)
 .text._ZNSt15__new_allocatorIN7WS2812B9ColorDataEE10deallocateEPS1_j
                0x08002a74       0x1e CMakeFiles/firmware.dir/__/src/core.cpp.obj
                0x08002a74                std::__new_allocator<WS2812B::ColorData>::deallocate(WS2812B::ColorData*, unsigned int)
 .text._ZNSt15__new_allocatorImE10deallocateEPmj
                0x08002a92       0x1e CMakeFiles/firmware.dir/__/src/core.cpp.obj
                0x08002a92                std::__new_allocator<unsigned long>::deallocate(unsigned long*, unsigned int)
 .text._Z41__static_initialization_and_destruction_0v
                0x08002ab0       0x30 CMakeFiles/firmware.dir/__/src/core.cpp.obj
 .text._GLOBAL__sub_I_leds
                0x08002ae0        0xa CMakeFiles/firmware.dir/__/src/core.cpp.obj
 *fill*         0x08002aea        0x2 
 .text.SystemInit
                0x08002aec       0x24 cmake/stm32cubemx/CMakeFiles/STM32_Drivers.dir/__/__/Core/Src/system_stm32f4xx.c.obj
                0x08002aec                SystemInit
 .text.HAL_PCD_Init
                0x08002b10      0x22c cmake/stm32cubemx/CMakeFiles/STM32_Drivers.dir/__/__/Drivers/STM32F4xx_HAL_Driver/Src/stm32f4xx_hal_pcd.c.obj
                0x08002b10                HAL_PCD_Init
 .text.HAL_PCD_Start
                0x08002d3c       0x6a cmake/stm32cubemx/CMakeFiles/STM32_Drivers.dir/__/__/Drivers/STM32F4xx_HAL_Driver/Src/stm32f4xx_hal_pcd.c.obj
                0x08002d3c                HAL_PCD_Start
 .text.HAL_PCD_IRQHandler
                0x08002da6      0x99c cmake/stm32cubemx/CMakeFiles/STM32_Drivers.dir/__/__/Drivers/STM32F4xx_HAL_Driver/Src/stm32f4xx_hal_pcd.c.obj
                0x08002da6                HAL_PCD_IRQHandler
 .text.HAL_PCD_SetAddress
                0x08003742       0x48 cmake/stm32cubemx/CMakeFiles/STM32_Drivers.dir/__/__/Drivers/STM32F4xx_HAL_Driver/Src/stm32f4xx_hal_pcd.c.obj
                0x08003742                HAL_PCD_SetAddress
 .text.HAL_PCD_EP_Open
                0x0800378a       0xd4 cmake/stm32cubemx/CMakeFiles/STM32_Drivers.dir/__/__/Drivers/STM32F4xx_HAL_Driver/Src/stm32f4xx_hal_pcd.c.obj
                0x0800378a                HAL_PCD_EP_Open
 .text.HAL_PCD_EP_Close
                0x0800385e       0x94 cmake/stm32cubemx/CMakeFiles/STM32_Drivers.dir/__/__/Drivers/STM32F4xx_HAL_Driver/Src/stm32f4xx_hal_pcd.c.obj
                0x0800385e                HAL_PCD_EP_Close
 .text.HAL_PCD_EP_Receive
                0x080038f2       0x76 cmake/stm32cubemx/CMakeFiles/STM32_Drivers.dir/__/__/Drivers/STM32F4xx_HAL_Driver/Src/stm32f4xx_hal_pcd.c.obj
                0x080038f2                HAL_PCD_EP_Receive
 .text.HAL_PCD_EP_GetRxCount
                0x08003968       0x30 cmake/stm32cubemx/CMakeFiles/STM32_Drivers.dir/__/__/Drivers/STM32F4xx_HAL_Driver/Src/stm32f4xx_hal_pcd.c.obj
                0x08003968                HAL_PCD_EP_GetRxCount
 .text.HAL_PCD_EP_Transmit
                0x08003998       0x74 cmake/stm32cubemx/CMakeFiles/STM32_Drivers.dir/__/__/Drivers/STM32F4xx_HAL_Driver/Src/stm32f4xx_hal_pcd.c.obj
                0x08003998                HAL_PCD_EP_Transmit
 .text.HAL_PCD_EP_SetStall
                0x08003a0c       0xc6 cmake/stm32cubemx/CMakeFiles/STM32_Drivers.dir/__/__/Drivers/STM32F4xx_HAL_Driver/Src/stm32f4xx_hal_pcd.c.obj
                0x08003a0c                HAL_PCD_EP_SetStall
 .text.HAL_PCD_EP_ClrStall
                0x08003ad2       0xac cmake/stm32cubemx/CMakeFiles/STM32_Drivers.dir/__/__/Drivers/STM32F4xx_HAL_Driver/Src/stm32f4xx_hal_pcd.c.obj
                0x08003ad2                HAL_PCD_EP_ClrStall
 .text.HAL_PCD_EP_Abort
                0x08003b7e       0x62 cmake/stm32cubemx/CMakeFiles/STM32_Drivers.dir/__/__/Drivers/STM32F4xx_HAL_Driver/Src/stm32f4xx_hal_pcd.c.obj
                0x08003b7e                HAL_PCD_EP_Abort
 .text.PCD_WriteEmptyTxFifo
                0x08003be0      0x118 cmake/stm32cubemx/CMakeFiles/STM32_Drivers.dir/__/__/Drivers/STM32F4xx_HAL_Driver/Src/stm32f4xx_hal_pcd.c.obj
 .text.PCD_EP_OutXfrComplete_int
                0x08003cf8      0x1d0 cmake/stm32cubemx/CMakeFiles/STM32_Drivers.dir/__/__/Drivers/STM32F4xx_HAL_Driver/Src/stm32f4xx_hal_pcd.c.obj
 .text.PCD_EP_OutSetupPacket_int
                0x08003ec8       0x8c cmake/stm32cubemx/CMakeFiles/STM32_Drivers.dir/__/__/Drivers/STM32F4xx_HAL_Driver/Src/stm32f4xx_hal_pcd.c.obj
 .text.HAL_PCDEx_SetTxFiFo
                0x08003f54       0x8e cmake/stm32cubemx/CMakeFiles/STM32_Drivers.dir/__/__/Drivers/STM32F4xx_HAL_Driver/Src/stm32f4xx_hal_pcd_ex.c.obj
                0x08003f54                HAL_PCDEx_SetTxFiFo
 .text.HAL_PCDEx_SetRxFiFo
                0x08003fe2       0x22 cmake/stm32cubemx/CMakeFiles/STM32_Drivers.dir/__/__/Drivers/STM32F4xx_HAL_Driver/Src/stm32f4xx_hal_pcd_ex.c.obj
                0x08003fe2                HAL_PCDEx_SetRxFiFo
 .text.HAL_PCDEx_ActivateLPM
                0x08004004       0x48 cmake/stm32cubemx/CMakeFiles/STM32_Drivers.dir/__/__/Drivers/STM32F4xx_HAL_Driver/Src/stm32f4xx_hal_pcd_ex.c.obj
                0x08004004                HAL_PCDEx_ActivateLPM
 .text.USB_CoreInit
                0x0800404c       0xc8 cmake/stm32cubemx/CMakeFiles/STM32_Drivers.dir/__/__/Drivers/STM32F4xx_HAL_Driver/Src/stm32f4xx_ll_usb.c.obj
                0x0800404c                USB_CoreInit
 .text.USB_SetTurnaroundTime
                0x08004114      0x144 cmake/stm32cubemx/CMakeFiles/STM32_Drivers.dir/__/__/Drivers/STM32F4xx_HAL_Driver/Src/stm32f4xx_ll_usb.c.obj
                0x08004114                USB_SetTurnaroundTime
 .text.USB_EnableGlobalInt
                0x08004258       0x22 cmake/stm32cubemx/CMakeFiles/STM32_Drivers.dir/__/__/Drivers/STM32F4xx_HAL_Driver/Src/stm32f4xx_ll_usb.c.obj
                0x08004258                USB_EnableGlobalInt
 .text.USB_DisableGlobalInt
                0x0800427a       0x22 cmake/stm32cubemx/CMakeFiles/STM32_Drivers.dir/__/__/Drivers/STM32F4xx_HAL_Driver/Src/stm32f4xx_ll_usb.c.obj
                0x0800427a                USB_DisableGlobalInt
 .text.USB_SetCurrentMode
                0x0800429c       0x98 cmake/stm32cubemx/CMakeFiles/STM32_Drivers.dir/__/__/Drivers/STM32F4xx_HAL_Driver/Src/stm32f4xx_ll_usb.c.obj
                0x0800429c                USB_SetCurrentMode
 .text.USB_DevInit
                0x08004334      0x2bc cmake/stm32cubemx/CMakeFiles/STM32_Drivers.dir/__/__/Drivers/STM32F4xx_HAL_Driver/Src/stm32f4xx_ll_usb.c.obj
                0x08004334                USB_DevInit
 .text.USB_FlushTxFifo
                0x080045f0       0x64 cmake/stm32cubemx/CMakeFiles/STM32_Drivers.dir/__/__/Drivers/STM32F4xx_HAL_Driver/Src/stm32f4xx_ll_usb.c.obj
                0x080045f0                USB_FlushTxFifo
 .text.USB_FlushRxFifo
                0x08004654       0x5c cmake/stm32cubemx/CMakeFiles/STM32_Drivers.dir/__/__/Drivers/STM32F4xx_HAL_Driver/Src/stm32f4xx_ll_usb.c.obj
                0x08004654                USB_FlushRxFifo
 .text.USB_SetDevSpeed
                0x080046b0       0x32 cmake/stm32cubemx/CMakeFiles/STM32_Drivers.dir/__/__/Drivers/STM32F4xx_HAL_Driver/Src/stm32f4xx_ll_usb.c.obj
                0x080046b0                USB_SetDevSpeed
 .text.USB_GetDevSpeed
                0x080046e2       0x4a cmake/stm32cubemx/CMakeFiles/STM32_Drivers.dir/__/__/Drivers/STM32F4xx_HAL_Driver/Src/stm32f4xx_ll_usb.c.obj
                0x080046e2                USB_GetDevSpeed
 .text.USB_ActivateEndpoint
                0x0800472c      0x10e cmake/stm32cubemx/CMakeFiles/STM32_Drivers.dir/__/__/Drivers/STM32F4xx_HAL_Driver/Src/stm32f4xx_ll_usb.c.obj
                0x0800472c                USB_ActivateEndpoint
 *fill*         0x0800483a        0x2 
 .text.USB_DeactivateEndpoint
                0x0800483c      0x1b8 cmake/stm32cubemx/CMakeFiles/STM32_Drivers.dir/__/__/Drivers/STM32F4xx_HAL_Driver/Src/stm32f4xx_ll_usb.c.obj
                0x0800483c                USB_DeactivateEndpoint
 .text.USB_EPStartXfer
                0x080049f4      0x53c cmake/stm32cubemx/CMakeFiles/STM32_Drivers.dir/__/__/Drivers/STM32F4xx_HAL_Driver/Src/stm32f4xx_ll_usb.c.obj
                0x080049f4                USB_EPStartXfer
 .text.USB_EPStopXfer
                0x08004f30      0x154 cmake/stm32cubemx/CMakeFiles/STM32_Drivers.dir/__/__/Drivers/STM32F4xx_HAL_Driver/Src/stm32f4xx_ll_usb.c.obj
                0x08004f30                USB_EPStopXfer
 .text.USB_WritePacket
                0x08005084       0x7c cmake/stm32cubemx/CMakeFiles/STM32_Drivers.dir/__/__/Drivers/STM32F4xx_HAL_Driver/Src/stm32f4xx_ll_usb.c.obj
                0x08005084                USB_WritePacket
 .text.USB_ReadPacket
                0x08005100       0xb0 cmake/stm32cubemx/CMakeFiles/STM32_Drivers.dir/__/__/Drivers/STM32F4xx_HAL_Driver/Src/stm32f4xx_ll_usb.c.obj
                0x08005100                USB_ReadPacket
 .text.USB_EPSetStall
                0x080051b0       0xdc cmake/stm32cubemx/CMakeFiles/STM32_Drivers.dir/__/__/Drivers/STM32F4xx_HAL_Driver/Src/stm32f4xx_ll_usb.c.obj
                0x080051b0                USB_EPSetStall
 .text.USB_EPClearStall
                0x0800528c       0xcc cmake/stm32cubemx/CMakeFiles/STM32_Drivers.dir/__/__/Drivers/STM32F4xx_HAL_Driver/Src/stm32f4xx_ll_usb.c.obj
                0x0800528c                USB_EPClearStall
 .text.USB_SetDevAddress
                0x08005358       0x4c cmake/stm32cubemx/CMakeFiles/STM32_Drivers.dir/__/__/Drivers/STM32F4xx_HAL_Driver/Src/stm32f4xx_ll_usb.c.obj
                0x08005358                USB_SetDevAddress
 .text.USB_DevConnect
                0x080053a4       0x42 cmake/stm32cubemx/CMakeFiles/STM32_Drivers.dir/__/__/Drivers/STM32F4xx_HAL_Driver/Src/stm32f4xx_ll_usb.c.obj
                0x080053a4                USB_DevConnect
 .text.USB_DevDisconnect
                0x080053e6       0x42 cmake/stm32cubemx/CMakeFiles/STM32_Drivers.dir/__/__/Drivers/STM32F4xx_HAL_Driver/Src/stm32f4xx_ll_usb.c.obj
                0x080053e6                USB_DevDisconnect
 .text.USB_ReadInterrupts
                0x08005428       0x26 cmake/stm32cubemx/CMakeFiles/STM32_Drivers.dir/__/__/Drivers/STM32F4xx_HAL_Driver/Src/stm32f4xx_ll_usb.c.obj
                0x08005428                USB_ReadInterrupts
 .text.USB_ReadDevAllOutEpInterrupt
                0x0800544e       0x34 cmake/stm32cubemx/CMakeFiles/STM32_Drivers.dir/__/__/Drivers/STM32F4xx_HAL_Driver/Src/stm32f4xx_ll_usb.c.obj
                0x0800544e                USB_ReadDevAllOutEpInterrupt
 .text.USB_ReadDevAllInEpInterrupt
                0x08005482       0x34 cmake/stm32cubemx/CMakeFiles/STM32_Drivers.dir/__/__/Drivers/STM32F4xx_HAL_Driver/Src/stm32f4xx_ll_usb.c.obj
                0x08005482                USB_ReadDevAllInEpInterrupt
 .text.USB_ReadDevOutEPInterrupt
                0x080054b6       0x3c cmake/stm32cubemx/CMakeFiles/STM32_Drivers.dir/__/__/Drivers/STM32F4xx_HAL_Driver/Src/stm32f4xx_ll_usb.c.obj
                0x080054b6                USB_ReadDevOutEPInterrupt
 .text.USB_ReadDevInEPInterrupt
                0x080054f2       0x5c cmake/stm32cubemx/CMakeFiles/STM32_Drivers.dir/__/__/Drivers/STM32F4xx_HAL_Driver/Src/stm32f4xx_ll_usb.c.obj
                0x080054f2                USB_ReadDevInEPInterrupt
 .text.USB_GetMode
                0x0800554e       0x1c cmake/stm32cubemx/CMakeFiles/STM32_Drivers.dir/__/__/Drivers/STM32F4xx_HAL_Driver/Src/stm32f4xx_ll_usb.c.obj
                0x0800554e                USB_GetMode
 .text.USB_ActivateSetup
                0x0800556a       0x46 cmake/stm32cubemx/CMakeFiles/STM32_Drivers.dir/__/__/Drivers/STM32F4xx_HAL_Driver/Src/stm32f4xx_ll_usb.c.obj
                0x0800556a                USB_ActivateSetup
 .text.USB_EP0_OutStart
                0x080055b0       0xbc cmake/stm32cubemx/CMakeFiles/STM32_Drivers.dir/__/__/Drivers/STM32F4xx_HAL_Driver/Src/stm32f4xx_ll_usb.c.obj
                0x080055b0                USB_EP0_OutStart
 .text.USB_CoreReset
                0x0800566c       0x70 cmake/stm32cubemx/CMakeFiles/STM32_Drivers.dir/__/__/Drivers/STM32F4xx_HAL_Driver/Src/stm32f4xx_ll_usb.c.obj
 .text.HAL_RCC_ClockConfig
                0x080056dc      0x1cc cmake/stm32cubemx/CMakeFiles/STM32_Drivers.dir/__/__/Drivers/STM32F4xx_HAL_Driver/Src/stm32f4xx_hal_rcc.c.obj
                0x080056dc                HAL_RCC_ClockConfig
 .text.HAL_RCC_GetHCLKFreq
                0x080058a8       0x18 cmake/stm32cubemx/CMakeFiles/STM32_Drivers.dir/__/__/Drivers/STM32F4xx_HAL_Driver/Src/stm32f4xx_hal_rcc.c.obj
                0x080058a8                HAL_RCC_GetHCLKFreq
 .text.HAL_RCCEx_PeriphCLKConfig
                0x080058c0      0x654 cmake/stm32cubemx/CMakeFiles/STM32_Drivers.dir/__/__/Drivers/STM32F4xx_HAL_Driver/Src/stm32f4xx_hal_rcc_ex.c.obj
                0x080058c0                HAL_RCCEx_PeriphCLKConfig
 .text.HAL_RCC_GetSysClockFreq
                0x08005f14      0x45c cmake/stm32cubemx/CMakeFiles/STM32_Drivers.dir/__/__/Drivers/STM32F4xx_HAL_Driver/Src/stm32f4xx_hal_rcc_ex.c.obj
                0x08005f14                HAL_RCC_GetSysClockFreq
 .text.HAL_RCC_OscConfig
                0x08006370      0x53c cmake/stm32cubemx/CMakeFiles/STM32_Drivers.dir/__/__/Drivers/STM32F4xx_HAL_Driver/Src/stm32f4xx_hal_rcc_ex.c.obj
                0x08006370                HAL_RCC_OscConfig
 .text.HAL_GPIO_Init
                0x080068ac      0x328 cmake/stm32cubemx/CMakeFiles/STM32_Drivers.dir/__/__/Drivers/STM32F4xx_HAL_Driver/Src/stm32f4xx_hal_gpio.c.obj
                0x080068ac                HAL_GPIO_Init
 .text.HAL_GPIO_WritePin
                0x08006bd4       0x32 cmake/stm32cubemx/CMakeFiles/STM32_Drivers.dir/__/__/Drivers/STM32F4xx_HAL_Driver/Src/stm32f4xx_hal_gpio.c.obj
                0x08006bd4                HAL_GPIO_WritePin
 *fill*         0x08006c06        0x2 
 .text.HAL_DMA_Init
                0x08006c08      0x15c cmake/stm32cubemx/CMakeFiles/STM32_Drivers.dir/__/__/Drivers/STM32F4xx_HAL_Driver/Src/stm32f4xx_hal_dma.c.obj
                0x08006c08                HAL_DMA_Init
 .text.HAL_DMA_Start_IT
                0x08006d64       0xb0 cmake/stm32cubemx/CMakeFiles/STM32_Drivers.dir/__/__/Drivers/STM32F4xx_HAL_Driver/Src/stm32f4xx_hal_dma.c.obj
                0x08006d64                HAL_DMA_Start_IT
 .text.HAL_DMA_Abort_IT
                0x08006e14       0x44 cmake/stm32cubemx/CMakeFiles/STM32_Drivers.dir/__/__/Drivers/STM32F4xx_HAL_Driver/Src/stm32f4xx_hal_dma.c.obj
                0x08006e14                HAL_DMA_Abort_IT
 .text.HAL_DMA_IRQHandler
                0x08006e58      0x314 cmake/stm32cubemx/CMakeFiles/STM32_Drivers.dir/__/__/Drivers/STM32F4xx_HAL_Driver/Src/stm32f4xx_hal_dma.c.obj
                0x08006e58                HAL_DMA_IRQHandler
 .text.DMA_SetConfig
                0x0800716c       0x5c cmake/stm32cubemx/CMakeFiles/STM32_Drivers.dir/__/__/Drivers/STM32F4xx_HAL_Driver/Src/stm32f4xx_hal_dma.c.obj
 .text.DMA_CalcBaseAndBitshift
                0x080071c8       0x6c cmake/stm32cubemx/CMakeFiles/STM32_Drivers.dir/__/__/Drivers/STM32F4xx_HAL_Driver/Src/stm32f4xx_hal_dma.c.obj
 .text.DMA_CheckFifoParam
                0x08007234       0xf8 cmake/stm32cubemx/CMakeFiles/STM32_Drivers.dir/__/__/Drivers/STM32F4xx_HAL_Driver/Src/stm32f4xx_hal_dma.c.obj
 .text.__NVIC_SetPriorityGrouping
                0x0800732c       0x48 cmake/stm32cubemx/CMakeFiles/STM32_Drivers.dir/__/__/Drivers/STM32F4xx_HAL_Driver/Src/stm32f4xx_hal_cortex.c.obj
 .text.__NVIC_GetPriorityGrouping
                0x08007374       0x1c cmake/stm32cubemx/CMakeFiles/STM32_Drivers.dir/__/__/Drivers/STM32F4xx_HAL_Driver/Src/stm32f4xx_hal_cortex.c.obj
 .text.__NVIC_EnableIRQ
                0x08007390       0x3c cmake/stm32cubemx/CMakeFiles/STM32_Drivers.dir/__/__/Drivers/STM32F4xx_HAL_Driver/Src/stm32f4xx_hal_cortex.c.obj
 .text.__NVIC_SetPriority
                0x080073cc       0x54 cmake/stm32cubemx/CMakeFiles/STM32_Drivers.dir/__/__/Drivers/STM32F4xx_HAL_Driver/Src/stm32f4xx_hal_cortex.c.obj
 .text.NVIC_EncodePriority
                0x08007420       0x66 cmake/stm32cubemx/CMakeFiles/STM32_Drivers.dir/__/__/Drivers/STM32F4xx_HAL_Driver/Src/stm32f4xx_hal_cortex.c.obj
 *fill*         0x08007486        0x2 
 .text.SysTick_Config
                0x08007488       0x44 cmake/stm32cubemx/CMakeFiles/STM32_Drivers.dir/__/__/Drivers/STM32F4xx_HAL_Driver/Src/stm32f4xx_hal_cortex.c.obj
 .text.HAL_NVIC_SetPriorityGrouping
                0x080074cc       0x16 cmake/stm32cubemx/CMakeFiles/STM32_Drivers.dir/__/__/Drivers/STM32F4xx_HAL_Driver/Src/stm32f4xx_hal_cortex.c.obj
                0x080074cc                HAL_NVIC_SetPriorityGrouping
 .text.HAL_NVIC_SetPriority
                0x080074e2       0x38 cmake/stm32cubemx/CMakeFiles/STM32_Drivers.dir/__/__/Drivers/STM32F4xx_HAL_Driver/Src/stm32f4xx_hal_cortex.c.obj
                0x080074e2                HAL_NVIC_SetPriority
 .text.HAL_NVIC_EnableIRQ
                0x0800751a       0x1c cmake/stm32cubemx/CMakeFiles/STM32_Drivers.dir/__/__/Drivers/STM32F4xx_HAL_Driver/Src/stm32f4xx_hal_cortex.c.obj
                0x0800751a                HAL_NVIC_EnableIRQ
 .text.HAL_SYSTICK_Config
                0x08007536       0x18 cmake/stm32cubemx/CMakeFiles/STM32_Drivers.dir/__/__/Drivers/STM32F4xx_HAL_Driver/Src/stm32f4xx_hal_cortex.c.obj
                0x08007536                HAL_SYSTICK_Config
 *fill*         0x0800754e        0x2 
 .text.HAL_Init
                0x08007550       0x44 cmake/stm32cubemx/CMakeFiles/STM32_Drivers.dir/__/__/Drivers/STM32F4xx_HAL_Driver/Src/stm32f4xx_hal.c.obj
                0x08007550                HAL_Init
 .text.HAL_InitTick
                0x08007594       0x60 cmake/stm32cubemx/CMakeFiles/STM32_Drivers.dir/__/__/Drivers/STM32F4xx_HAL_Driver/Src/stm32f4xx_hal.c.obj
                0x08007594                HAL_InitTick
 .text.HAL_IncTick
                0x080075f4       0x28 cmake/stm32cubemx/CMakeFiles/STM32_Drivers.dir/__/__/Drivers/STM32F4xx_HAL_Driver/Src/stm32f4xx_hal.c.obj
                0x080075f4                HAL_IncTick
 .text.HAL_GetTick
                0x0800761c       0x18 cmake/stm32cubemx/CMakeFiles/STM32_Drivers.dir/__/__/Drivers/STM32F4xx_HAL_Driver/Src/stm32f4xx_hal.c.obj
                0x0800761c                HAL_GetTick
 .text.HAL_Delay
                0x08007634       0x48 cmake/stm32cubemx/CMakeFiles/STM32_Drivers.dir/__/__/Drivers/STM32F4xx_HAL_Driver/Src/stm32f4xx_hal.c.obj
                0x08007634                HAL_Delay
 .text.HAL_TIM_Base_Init
                0x0800767c       0x9e cmake/stm32cubemx/CMakeFiles/STM32_Drivers.dir/__/__/Drivers/STM32F4xx_HAL_Driver/Src/stm32f4xx_hal_tim.c.obj
                0x0800767c                HAL_TIM_Base_Init
 .text.HAL_TIM_PWM_Init
                0x0800771a       0x9e cmake/stm32cubemx/CMakeFiles/STM32_Drivers.dir/__/__/Drivers/STM32F4xx_HAL_Driver/Src/stm32f4xx_hal_tim.c.obj
                0x0800771a                HAL_TIM_PWM_Init
 .text.HAL_TIM_PWM_MspInit
                0x080077b8       0x14 cmake/stm32cubemx/CMakeFiles/STM32_Drivers.dir/__/__/Drivers/STM32F4xx_HAL_Driver/Src/stm32f4xx_hal_tim.c.obj
                0x080077b8                HAL_TIM_PWM_MspInit
 .text.HAL_TIM_PWM_Start_DMA
                0x080077cc      0x390 cmake/stm32cubemx/CMakeFiles/STM32_Drivers.dir/__/__/Drivers/STM32F4xx_HAL_Driver/Src/stm32f4xx_hal_tim.c.obj
                0x080077cc                HAL_TIM_PWM_Start_DMA
 .text.HAL_TIM_PWM_Stop_DMA
                0x08007b5c      0x1a4 cmake/stm32cubemx/CMakeFiles/STM32_Drivers.dir/__/__/Drivers/STM32F4xx_HAL_Driver/Src/stm32f4xx_hal_tim.c.obj
                0x08007b5c                HAL_TIM_PWM_Stop_DMA
 .text.HAL_TIM_IRQHandler
                0x08007d00      0x1e0 cmake/stm32cubemx/CMakeFiles/STM32_Drivers.dir/__/__/Drivers/STM32F4xx_HAL_Driver/Src/stm32f4xx_hal_tim.c.obj
                0x08007d00                HAL_TIM_IRQHandler
 .text.HAL_TIM_PWM_ConfigChannel
                0x08007ee0      0x184 cmake/stm32cubemx/CMakeFiles/STM32_Drivers.dir/__/__/Drivers/STM32F4xx_HAL_Driver/Src/stm32f4xx_hal_tim.c.obj
                0x08007ee0                HAL_TIM_PWM_ConfigChannel
 .text.HAL_TIM_ConfigClockSource
                0x08008064      0x18e cmake/stm32cubemx/CMakeFiles/STM32_Drivers.dir/__/__/Drivers/STM32F4xx_HAL_Driver/Src/stm32f4xx_hal_tim.c.obj
                0x08008064                HAL_TIM_ConfigClockSource
 .text.HAL_TIM_PeriodElapsedCallback
                0x080081f2       0x14 cmake/stm32cubemx/CMakeFiles/STM32_Drivers.dir/__/__/Drivers/STM32F4xx_HAL_Driver/Src/stm32f4xx_hal_tim.c.obj
                0x080081f2                HAL_TIM_PeriodElapsedCallback
 .text.HAL_TIM_OC_DelayElapsedCallback
                0x08008206       0x14 cmake/stm32cubemx/CMakeFiles/STM32_Drivers.dir/__/__/Drivers/STM32F4xx_HAL_Driver/Src/stm32f4xx_hal_tim.c.obj
                0x08008206                HAL_TIM_OC_DelayElapsedCallback
 .text.HAL_TIM_IC_CaptureCallback
                0x0800821a       0x14 cmake/stm32cubemx/CMakeFiles/STM32_Drivers.dir/__/__/Drivers/STM32F4xx_HAL_Driver/Src/stm32f4xx_hal_tim.c.obj
                0x0800821a                HAL_TIM_IC_CaptureCallback
 .text.HAL_TIM_PWM_PulseFinishedHalfCpltCallback
                0x0800822e       0x14 cmake/stm32cubemx/CMakeFiles/STM32_Drivers.dir/__/__/Drivers/STM32F4xx_HAL_Driver/Src/stm32f4xx_hal_tim.c.obj
                0x0800822e                HAL_TIM_PWM_PulseFinishedHalfCpltCallback
 .text.HAL_TIM_TriggerCallback
                0x08008242       0x14 cmake/stm32cubemx/CMakeFiles/STM32_Drivers.dir/__/__/Drivers/STM32F4xx_HAL_Driver/Src/stm32f4xx_hal_tim.c.obj
                0x08008242                HAL_TIM_TriggerCallback
 .text.HAL_TIM_ErrorCallback
                0x08008256       0x14 cmake/stm32cubemx/CMakeFiles/STM32_Drivers.dir/__/__/Drivers/STM32F4xx_HAL_Driver/Src/stm32f4xx_hal_tim.c.obj
                0x08008256                HAL_TIM_ErrorCallback
 .text.TIM_DMAError
                0x0800826a       0x92 cmake/stm32cubemx/CMakeFiles/STM32_Drivers.dir/__/__/Drivers/STM32F4xx_HAL_Driver/Src/stm32f4xx_hal_tim.c.obj
                0x0800826a                TIM_DMAError
 .text.TIM_DMADelayPulseCplt
                0x080082fc       0xa8 cmake/stm32cubemx/CMakeFiles/STM32_Drivers.dir/__/__/Drivers/STM32F4xx_HAL_Driver/Src/stm32f4xx_hal_tim.c.obj
 .text.TIM_DMADelayPulseHalfCplt
                0x080083a4       0x68 cmake/stm32cubemx/CMakeFiles/STM32_Drivers.dir/__/__/Drivers/STM32F4xx_HAL_Driver/Src/stm32f4xx_hal_tim.c.obj
                0x080083a4                TIM_DMADelayPulseHalfCplt
 .text.TIM_Base_SetConfig
                0x0800840c      0x14c cmake/stm32cubemx/CMakeFiles/STM32_Drivers.dir/__/__/Drivers/STM32F4xx_HAL_Driver/Src/stm32f4xx_hal_tim.c.obj
                0x0800840c                TIM_Base_SetConfig
 .text.TIM_OC1_SetConfig
                0x08008558       0xe0 cmake/stm32cubemx/CMakeFiles/STM32_Drivers.dir/__/__/Drivers/STM32F4xx_HAL_Driver/Src/stm32f4xx_hal_tim.c.obj
 .text.TIM_OC2_SetConfig
                0x08008638       0xec cmake/stm32cubemx/CMakeFiles/STM32_Drivers.dir/__/__/Drivers/STM32F4xx_HAL_Driver/Src/stm32f4xx_hal_tim.c.obj
                0x08008638                TIM_OC2_SetConfig
 .text.TIM_OC3_SetConfig
                0x08008724       0xe8 cmake/stm32cubemx/CMakeFiles/STM32_Drivers.dir/__/__/Drivers/STM32F4xx_HAL_Driver/Src/stm32f4xx_hal_tim.c.obj
 .text.TIM_OC4_SetConfig
                0x0800880c       0xac cmake/stm32cubemx/CMakeFiles/STM32_Drivers.dir/__/__/Drivers/STM32F4xx_HAL_Driver/Src/stm32f4xx_hal_tim.c.obj
 .text.TIM_TI1_ConfigInputStage
                0x080088b8       0x5e cmake/stm32cubemx/CMakeFiles/STM32_Drivers.dir/__/__/Drivers/STM32F4xx_HAL_Driver/Src/stm32f4xx_hal_tim.c.obj
 .text.TIM_TI2_ConfigInputStage
                0x08008916       0x60 cmake/stm32cubemx/CMakeFiles/STM32_Drivers.dir/__/__/Drivers/STM32F4xx_HAL_Driver/Src/stm32f4xx_hal_tim.c.obj
 .text.TIM_ITRx_SetConfig
                0x08008976       0x36 cmake/stm32cubemx/CMakeFiles/STM32_Drivers.dir/__/__/Drivers/STM32F4xx_HAL_Driver/Src/stm32f4xx_hal_tim.c.obj
 .text.TIM_ETR_SetConfig
                0x080089ac       0x40 cmake/stm32cubemx/CMakeFiles/STM32_Drivers.dir/__/__/Drivers/STM32F4xx_HAL_Driver/Src/stm32f4xx_hal_tim.c.obj
                0x080089ac                TIM_ETR_SetConfig
 .text.TIM_CCxChannelCmd
                0x080089ec       0x4a cmake/stm32cubemx/CMakeFiles/STM32_Drivers.dir/__/__/Drivers/STM32F4xx_HAL_Driver/Src/stm32f4xx_hal_tim.c.obj
                0x080089ec                TIM_CCxChannelCmd
 *fill*         0x08008a36        0x2 
 .text.HAL_TIMEx_MasterConfigSynchronization
                0x08008a38       0xf8 cmake/stm32cubemx/CMakeFiles/STM32_Drivers.dir/__/__/Drivers/STM32F4xx_HAL_Driver/Src/stm32f4xx_hal_tim_ex.c.obj
                0x08008a38                HAL_TIMEx_MasterConfigSynchronization
 .text.HAL_TIMEx_CommutCallback
                0x08008b30       0x14 cmake/stm32cubemx/CMakeFiles/STM32_Drivers.dir/__/__/Drivers/STM32F4xx_HAL_Driver/Src/stm32f4xx_hal_tim_ex.c.obj
                0x08008b30                HAL_TIMEx_CommutCallback
 .text.HAL_TIMEx_BreakCallback
                0x08008b44       0x14 cmake/stm32cubemx/CMakeFiles/STM32_Drivers.dir/__/__/Drivers/STM32F4xx_HAL_Driver/Src/stm32f4xx_hal_tim_ex.c.obj
                0x08008b44                HAL_TIMEx_BreakCallback
 .text.USBD_Init
                0x08008b58       0x60 cmake/stm32cubemx/CMakeFiles/USB_Device_Library.dir/__/__/Middlewares/ST/STM32_USB_Device_Library/Core/Src/usbd_core.c.obj
                0x08008b58                USBD_Init
 .text.USBD_RegisterClass
                0x08008bb8       0x6c cmake/stm32cubemx/CMakeFiles/USB_Device_Library.dir/__/__/Middlewares/ST/STM32_USB_Device_Library/Core/Src/usbd_core.c.obj
                0x08008bb8                USBD_RegisterClass
 .text.USBD_Start
                0x08008c24       0x18 cmake/stm32cubemx/CMakeFiles/USB_Device_Library.dir/__/__/Middlewares/ST/STM32_USB_Device_Library/Core/Src/usbd_core.c.obj
                0x08008c24                USBD_Start
 .text.USBD_RunTestMode
                0x08008c3c       0x16 cmake/stm32cubemx/CMakeFiles/USB_Device_Library.dir/__/__/Middlewares/ST/STM32_USB_Device_Library/Core/Src/usbd_core.c.obj
                0x08008c3c                USBD_RunTestMode
 .text.USBD_SetClassConfig
                0x08008c52       0x38 cmake/stm32cubemx/CMakeFiles/USB_Device_Library.dir/__/__/Middlewares/ST/STM32_USB_Device_Library/Core/Src/usbd_core.c.obj
                0x08008c52                USBD_SetClassConfig
 .text.USBD_ClrClassConfig
                0x08008c8a       0x34 cmake/stm32cubemx/CMakeFiles/USB_Device_Library.dir/__/__/Middlewares/ST/STM32_USB_Device_Library/Core/Src/usbd_core.c.obj
                0x08008c8a                USBD_ClrClassConfig
 .text.USBD_LL_SetupStage
                0x08008cbe       0xaa cmake/stm32cubemx/CMakeFiles/USB_Device_Library.dir/__/__/Middlewares/ST/STM32_USB_Device_Library/Core/Src/usbd_core.c.obj
                0x08008cbe                USBD_LL_SetupStage
 .text.USBD_LL_DataOutStage
                0x08008d68      0x178 cmake/stm32cubemx/CMakeFiles/USB_Device_Library.dir/__/__/Middlewares/ST/STM32_USB_Device_Library/Core/Src/usbd_core.c.obj
                0x08008d68                USBD_LL_DataOutStage
 .text.USBD_LL_DataInStage
                0x08008ee0      0x176 cmake/stm32cubemx/CMakeFiles/USB_Device_Library.dir/__/__/Middlewares/ST/STM32_USB_Device_Library/Core/Src/usbd_core.c.obj
                0x08008ee0                USBD_LL_DataInStage
 .text.USBD_LL_Reset
                0x08009056       0xa6 cmake/stm32cubemx/CMakeFiles/USB_Device_Library.dir/__/__/Middlewares/ST/STM32_USB_Device_Library/Core/Src/usbd_core.c.obj
                0x08009056                USBD_LL_Reset
 .text.USBD_LL_SetSpeed
                0x080090fc       0x20 cmake/stm32cubemx/CMakeFiles/USB_Device_Library.dir/__/__/Middlewares/ST/STM32_USB_Device_Library/Core/Src/usbd_core.c.obj
                0x080090fc                USBD_LL_SetSpeed
 .text.USBD_LL_Suspend
                0x0800911c       0x38 cmake/stm32cubemx/CMakeFiles/USB_Device_Library.dir/__/__/Middlewares/ST/STM32_USB_Device_Library/Core/Src/usbd_core.c.obj
                0x0800911c                USBD_LL_Suspend
 .text.USBD_LL_Resume
                0x08009154       0x30 cmake/stm32cubemx/CMakeFiles/USB_Device_Library.dir/__/__/Middlewares/ST/STM32_USB_Device_Library/Core/Src/usbd_core.c.obj
                0x08009154                USBD_LL_Resume
 .text.USBD_LL_SOF
                0x08009184       0x40 cmake/stm32cubemx/CMakeFiles/USB_Device_Library.dir/__/__/Middlewares/ST/STM32_USB_Device_Library/Core/Src/usbd_core.c.obj
                0x08009184                USBD_LL_SOF
 .text.USBD_LL_IsoINIncomplete
                0x080091c4       0x64 cmake/stm32cubemx/CMakeFiles/USB_Device_Library.dir/__/__/Middlewares/ST/STM32_USB_Device_Library/Core/Src/usbd_core.c.obj
                0x080091c4                USBD_LL_IsoINIncomplete
 .text.USBD_LL_IsoOUTIncomplete
                0x08009228       0x64 cmake/stm32cubemx/CMakeFiles/USB_Device_Library.dir/__/__/Middlewares/ST/STM32_USB_Device_Library/Core/Src/usbd_core.c.obj
                0x08009228                USBD_LL_IsoOUTIncomplete
 .text.USBD_LL_DevConnected
                0x0800928c       0x16 cmake/stm32cubemx/CMakeFiles/USB_Device_Library.dir/__/__/Middlewares/ST/STM32_USB_Device_Library/Core/Src/usbd_core.c.obj
                0x0800928c                USBD_LL_DevConnected
 .text.USBD_LL_DevDisconnected
                0x080092a2       0x46 cmake/stm32cubemx/CMakeFiles/USB_Device_Library.dir/__/__/Middlewares/ST/STM32_USB_Device_Library/Core/Src/usbd_core.c.obj
                0x080092a2                USBD_LL_DevDisconnected
 .text.USBD_CoreFindIF
                0x080092e8       0x1a cmake/stm32cubemx/CMakeFiles/USB_Device_Library.dir/__/__/Middlewares/ST/STM32_USB_Device_Library/Core/Src/usbd_core.c.obj
                0x080092e8                USBD_CoreFindIF
 .text.USBD_CoreFindEP
                0x08009302       0x1a cmake/stm32cubemx/CMakeFiles/USB_Device_Library.dir/__/__/Middlewares/ST/STM32_USB_Device_Library/Core/Src/usbd_core.c.obj
                0x08009302                USBD_CoreFindEP
 .text.USBD_GetEpDesc
                0x0800931c       0x70 cmake/stm32cubemx/CMakeFiles/USB_Device_Library.dir/__/__/Middlewares/ST/STM32_USB_Device_Library/Core/Src/usbd_core.c.obj
                0x0800931c                USBD_GetEpDesc
 .text.USBD_GetNextDesc
                0x0800938c       0x38 cmake/stm32cubemx/CMakeFiles/USB_Device_Library.dir/__/__/Middlewares/ST/STM32_USB_Device_Library/Core/Src/usbd_core.c.obj
                0x0800938c                USBD_GetNextDesc
 .text.SWAPBYTE
                0x080093c4       0x3e cmake/stm32cubemx/CMakeFiles/USB_Device_Library.dir/__/__/Middlewares/ST/STM32_USB_Device_Library/Core/Src/usbd_ctlreq.c.obj
 *fill*         0x08009402        0x2 
 .text.USBD_StdDevReq
                0x08009404       0xe4 cmake/stm32cubemx/CMakeFiles/USB_Device_Library.dir/__/__/Middlewares/ST/STM32_USB_Device_Library/Core/Src/usbd_ctlreq.c.obj
                0x08009404                USBD_StdDevReq
 .text.USBD_StdItfReq
                0x080094e8       0xd8 cmake/stm32cubemx/CMakeFiles/USB_Device_Library.dir/__/__/Middlewares/ST/STM32_USB_Device_Library/Core/Src/usbd_ctlreq.c.obj
                0x080094e8                USBD_StdItfReq
 .text.USBD_StdEPReq
                0x080095c0      0x33e cmake/stm32cubemx/CMakeFiles/USB_Device_Library.dir/__/__/Middlewares/ST/STM32_USB_Device_Library/Core/Src/usbd_ctlreq.c.obj
                0x080095c0                USBD_StdEPReq
 *fill*         0x080098fe        0x2 
 .text.USBD_GetDescriptor
                0x08009900      0x328 cmake/stm32cubemx/CMakeFiles/USB_Device_Library.dir/__/__/Middlewares/ST/STM32_USB_Device_Library/Core/Src/usbd_ctlreq.c.obj
 .text.USBD_SetAddress
                0x08009c28       0x88 cmake/stm32cubemx/CMakeFiles/USB_Device_Library.dir/__/__/Middlewares/ST/STM32_USB_Device_Library/Core/Src/usbd_ctlreq.c.obj
 .text.USBD_SetConfig
                0x08009cb0      0x154 cmake/stm32cubemx/CMakeFiles/USB_Device_Library.dir/__/__/Middlewares/ST/STM32_USB_Device_Library/Core/Src/usbd_ctlreq.c.obj
 .text.USBD_GetConfig
                0x08009e04       0x6c cmake/stm32cubemx/CMakeFiles/USB_Device_Library.dir/__/__/Middlewares/ST/STM32_USB_Device_Library/Core/Src/usbd_ctlreq.c.obj
 .text.USBD_GetStatus
                0x08009e70       0x68 cmake/stm32cubemx/CMakeFiles/USB_Device_Library.dir/__/__/Middlewares/ST/STM32_USB_Device_Library/Core/Src/usbd_ctlreq.c.obj
 .text.USBD_SetFeature
                0x08009ed8       0x52 cmake/stm32cubemx/CMakeFiles/USB_Device_Library.dir/__/__/Middlewares/ST/STM32_USB_Device_Library/Core/Src/usbd_ctlreq.c.obj
 .text.USBD_ClrFeature
                0x08009f2a       0x44 cmake/stm32cubemx/CMakeFiles/USB_Device_Library.dir/__/__/Middlewares/ST/STM32_USB_Device_Library/Core/Src/usbd_ctlreq.c.obj
 .text.USBD_ParseSetupRequest
                0x08009f6e       0x74 cmake/stm32cubemx/CMakeFiles/USB_Device_Library.dir/__/__/Middlewares/ST/STM32_USB_Device_Library/Core/Src/usbd_ctlreq.c.obj
                0x08009f6e                USBD_ParseSetupRequest
 .text.USBD_CtlError
                0x08009fe2       0x22 cmake/stm32cubemx/CMakeFiles/USB_Device_Library.dir/__/__/Middlewares/ST/STM32_USB_Device_Library/Core/Src/usbd_ctlreq.c.obj
                0x08009fe2                USBD_CtlError
 .text.USBD_GetString
                0x0800a004       0xa4 cmake/stm32cubemx/CMakeFiles/USB_Device_Library.dir/__/__/Middlewares/ST/STM32_USB_Device_Library/Core/Src/usbd_ctlreq.c.obj
                0x0800a004                USBD_GetString
 .text.USBD_GetLen
                0x0800a0a8       0x34 cmake/stm32cubemx/CMakeFiles/USB_Device_Library.dir/__/__/Middlewares/ST/STM32_USB_Device_Library/Core/Src/usbd_ctlreq.c.obj
 .text.USBD_CtlSendData
                0x0800a0dc       0x3c cmake/stm32cubemx/CMakeFiles/USB_Device_Library.dir/__/__/Middlewares/ST/STM32_USB_Device_Library/Core/Src/usbd_ioreq.c.obj
                0x0800a0dc                USBD_CtlSendData
 .text.USBD_CtlContinueSendData
                0x0800a118       0x22 cmake/stm32cubemx/CMakeFiles/USB_Device_Library.dir/__/__/Middlewares/ST/STM32_USB_Device_Library/Core/Src/usbd_ioreq.c.obj
                0x0800a118                USBD_CtlContinueSendData
 .text.USBD_CtlPrepareRx
                0x0800a13a       0x42 cmake/stm32cubemx/CMakeFiles/USB_Device_Library.dir/__/__/Middlewares/ST/STM32_USB_Device_Library/Core/Src/usbd_ioreq.c.obj
                0x0800a13a                USBD_CtlPrepareRx
 .text.USBD_CtlContinueRx
                0x0800a17c       0x22 cmake/stm32cubemx/CMakeFiles/USB_Device_Library.dir/__/__/Middlewares/ST/STM32_USB_Device_Library/Core/Src/usbd_ioreq.c.obj
                0x0800a17c                USBD_CtlContinueRx
 .text.USBD_CtlSendStatus
                0x0800a19e       0x26 cmake/stm32cubemx/CMakeFiles/USB_Device_Library.dir/__/__/Middlewares/ST/STM32_USB_Device_Library/Core/Src/usbd_ioreq.c.obj
                0x0800a19e                USBD_CtlSendStatus
 .text.USBD_CtlReceiveStatus
                0x0800a1c4       0x26 cmake/stm32cubemx/CMakeFiles/USB_Device_Library.dir/__/__/Middlewares/ST/STM32_USB_Device_Library/Core/Src/usbd_ioreq.c.obj
                0x0800a1c4                USBD_CtlReceiveStatus
 *fill*         0x0800a1ea        0x2 
 .text.USBD_CDC_Init
                0x0800a1ec      0x1f0 cmake/stm32cubemx/CMakeFiles/USB_Device_Library.dir/__/__/Middlewares/ST/STM32_USB_Device_Library/Class/CDC/Src/usbd_cdc.c.obj
 .text.USBD_CDC_DeInit
                0x0800a3dc      0x104 cmake/stm32cubemx/CMakeFiles/USB_Device_Library.dir/__/__/Middlewares/ST/STM32_USB_Device_Library/Class/CDC/Src/usbd_cdc.c.obj
 .text.USBD_CDC_Setup
                0x0800a4e0      0x1b8 cmake/stm32cubemx/CMakeFiles/USB_Device_Library.dir/__/__/Middlewares/ST/STM32_USB_Device_Library/Class/CDC/Src/usbd_cdc.c.obj
 .text.USBD_CDC_DataIn
                0x0800a698       0xfe cmake/stm32cubemx/CMakeFiles/USB_Device_Library.dir/__/__/Middlewares/ST/STM32_USB_Device_Library/Class/CDC/Src/usbd_cdc.c.obj
 .text.USBD_CDC_DataOut
                0x0800a796       0x70 cmake/stm32cubemx/CMakeFiles/USB_Device_Library.dir/__/__/Middlewares/ST/STM32_USB_Device_Library/Class/CDC/Src/usbd_cdc.c.obj
 .text.USBD_CDC_EP0_RxReady
                0x0800a806       0x74 cmake/stm32cubemx/CMakeFiles/USB_Device_Library.dir/__/__/Middlewares/ST/STM32_USB_Device_Library/Class/CDC/Src/usbd_cdc.c.obj
 *fill*         0x0800a87a        0x2 
 .text.USBD_CDC_GetFSCfgDesc
                0x0800a87c       0x70 cmake/stm32cubemx/CMakeFiles/USB_Device_Library.dir/__/__/Middlewares/ST/STM32_USB_Device_Library/Class/CDC/Src/usbd_cdc.c.obj
 .text.USBD_CDC_GetHSCfgDesc
                0x0800a8ec       0x70 cmake/stm32cubemx/CMakeFiles/USB_Device_Library.dir/__/__/Middlewares/ST/STM32_USB_Device_Library/Class/CDC/Src/usbd_cdc.c.obj
 .text.USBD_CDC_GetOtherSpeedCfgDesc
                0x0800a95c       0x70 cmake/stm32cubemx/CMakeFiles/USB_Device_Library.dir/__/__/Middlewares/ST/STM32_USB_Device_Library/Class/CDC/Src/usbd_cdc.c.obj
 .text.USBD_CDC_GetDeviceQualifierDescriptor
                0x0800a9cc       0x20 cmake/stm32cubemx/CMakeFiles/USB_Device_Library.dir/__/__/Middlewares/ST/STM32_USB_Device_Library/Class/CDC/Src/usbd_cdc.c.obj
                0x0800a9cc                USBD_CDC_GetDeviceQualifierDescriptor
 .text.USBD_CDC_RegisterInterface
                0x0800a9ec       0x34 cmake/stm32cubemx/CMakeFiles/USB_Device_Library.dir/__/__/Middlewares/ST/STM32_USB_Device_Library/Class/CDC/Src/usbd_cdc.c.obj
                0x0800a9ec                USBD_CDC_RegisterInterface
 .text.USBD_CDC_SetTxBuffer
                0x0800aa20       0x44 cmake/stm32cubemx/CMakeFiles/USB_Device_Library.dir/__/__/Middlewares/ST/STM32_USB_Device_Library/Class/CDC/Src/usbd_cdc.c.obj
                0x0800aa20                USBD_CDC_SetTxBuffer
 .text.USBD_CDC_SetRxBuffer
                0x0800aa64       0x3a cmake/stm32cubemx/CMakeFiles/USB_Device_Library.dir/__/__/Middlewares/ST/STM32_USB_Device_Library/Class/CDC/Src/usbd_cdc.c.obj
                0x0800aa64                USBD_CDC_SetRxBuffer
 *fill*         0x0800aa9e        0x2 
 .text.USBD_CDC_ReceivePacket
                0x0800aaa0       0x6c cmake/stm32cubemx/CMakeFiles/USB_Device_Library.dir/__/__/Middlewares/ST/STM32_USB_Device_Library/Class/CDC/Src/usbd_cdc.c.obj
                0x0800aaa0                USBD_CDC_ReceivePacket
 .text._ZnwjPv  0x0800ab0c       0x18 ../lib/EmbeddedLib/libEmbeddedLib.a(ws2812b.cpp.obj)
                0x0800ab0c                operator new(unsigned int, void*)
 .text._ZSt17__size_to_integerj
                0x0800ab24       0x16 ../lib/EmbeddedLib/libEmbeddedLib.a(ws2812b.cpp.obj)
                0x0800ab24                std::__size_to_integer(unsigned int)
 .text._ZNSt12_Vector_baseIN7WS2812B9ColorDataESaIS1_EEC2Ev
                0x0800ab3a       0x1a ../lib/EmbeddedLib/libEmbeddedLib.a(ws2812b.cpp.obj)
                0x0800ab3a                std::_Vector_base<WS2812B::ColorData, std::allocator<WS2812B::ColorData> >::_Vector_base()
                0x0800ab3a                std::_Vector_base<WS2812B::ColorData, std::allocator<WS2812B::ColorData> >::_Vector_base()
 .text._ZNSt6vectorIN7WS2812B9ColorDataESaIS1_EEC2Ev
                0x0800ab54       0x1a ../lib/EmbeddedLib/libEmbeddedLib.a(ws2812b.cpp.obj)
                0x0800ab54                std::vector<WS2812B::ColorData, std::allocator<WS2812B::ColorData> >::vector()
                0x0800ab54                std::vector<WS2812B::ColorData, std::allocator<WS2812B::ColorData> >::vector()
 .text._ZNSt12_Vector_baseImSaImEEC2Ev
                0x0800ab6e       0x1a ../lib/EmbeddedLib/libEmbeddedLib.a(ws2812b.cpp.obj)
                0x0800ab6e                std::_Vector_base<unsigned long, std::allocator<unsigned long> >::_Vector_base()
                0x0800ab6e                std::_Vector_base<unsigned long, std::allocator<unsigned long> >::_Vector_base()
 .text._ZNSt6vectorImSaImEEC2Ev
                0x0800ab88       0x1a ../lib/EmbeddedLib/libEmbeddedLib.a(ws2812b.cpp.obj)
                0x0800ab88                std::vector<unsigned long, std::allocator<unsigned long> >::vector()
                0x0800ab88                std::vector<unsigned long, std::allocator<unsigned long> >::vector()
 .text._ZN7WS2812BC2EiP17TIM_HandleTypeDefi
                0x0800aba2       0xa0 ../lib/EmbeddedLib/libEmbeddedLib.a(ws2812b.cpp.obj)
                0x0800aba2                WS2812B::WS2812B(int, TIM_HandleTypeDef*, int)
                0x0800aba2                WS2812B::WS2812B(int, TIM_HandleTypeDef*, int)
 *fill*         0x0800ac42        0x6 
 .text._ZN7WS2812B4initEv
                0x0800ac48       0xd0 ../lib/EmbeddedLib/libEmbeddedLib.a(ws2812b.cpp.obj)
                0x0800ac48                WS2812B::init()
 .text._ZN7WS2812B9set_colorEiNS_9ColorDataE
                0x0800ad18       0x88 ../lib/EmbeddedLib/libEmbeddedLib.a(ws2812b.cpp.obj)
                0x0800ad18                WS2812B::set_color(int, WS2812B::ColorData)
 .text._ZN7WS2812B9set_colorEiiNS_9ColorDataE
                0x0800ada0       0x3c ../lib/EmbeddedLib/libEmbeddedLib.a(ws2812b.cpp.obj)
                0x0800ada0                WS2812B::set_color(int, int, WS2812B::ColorData)
 .text._ZN7WS2812B9set_colorENS_9ColorDataE
                0x0800addc       0x2a ../lib/EmbeddedLib/libEmbeddedLib.a(ws2812b.cpp.obj)
                0x0800addc                WS2812B::set_color(WS2812B::ColorData)
 .text._ZN7WS2812B6updateEv
                0x0800ae06      0x122 ../lib/EmbeddedLib/libEmbeddedLib.a(ws2812b.cpp.obj)
                0x0800ae06                WS2812B::update()
 .text._ZN7WS2812B12dma_callbackEv
                0x0800af28       0x36 ../lib/EmbeddedLib/libEmbeddedLib.a(ws2812b.cpp.obj)
                0x0800af28                WS2812B::dma_callback()
 .text._ZNSt12_Vector_baseIN7WS2812B9ColorDataESaIS1_EE12_Vector_implC2Ev
                0x0800af5e       0x22 ../lib/EmbeddedLib/libEmbeddedLib.a(ws2812b.cpp.obj)
                0x0800af5e                std::_Vector_base<WS2812B::ColorData, std::allocator<WS2812B::ColorData> >::_Vector_impl::_Vector_impl()
                0x0800af5e                std::_Vector_base<WS2812B::ColorData, std::allocator<WS2812B::ColorData> >::_Vector_impl::_Vector_impl()
 .text._ZNSt12_Vector_baseImSaImEE12_Vector_implC2Ev
                0x0800af80       0x22 ../lib/EmbeddedLib/libEmbeddedLib.a(ws2812b.cpp.obj)
                0x0800af80                std::_Vector_base<unsigned long, std::allocator<unsigned long> >::_Vector_impl::_Vector_impl()
                0x0800af80                std::_Vector_base<unsigned long, std::allocator<unsigned long> >::_Vector_impl::_Vector_impl()
 .text._ZNSt6vectorIN7WS2812B9ColorDataESaIS1_EE6resizeEj
                0x0800afa2       0x6a ../lib/EmbeddedLib/libEmbeddedLib.a(ws2812b.cpp.obj)
                0x0800afa2                std::vector<WS2812B::ColorData, std::allocator<WS2812B::ColorData> >::resize(unsigned int)
 .text._ZNSt6vectorImSaImEE6resizeEj
                0x0800b00c       0x6a ../lib/EmbeddedLib/libEmbeddedLib.a(ws2812b.cpp.obj)
                0x0800b00c                std::vector<unsigned long, std::allocator<unsigned long> >::resize(unsigned int)
 .text._ZNSt6vectorImSaImEE2atEj
                0x0800b076       0x24 ../lib/EmbeddedLib/libEmbeddedLib.a(ws2812b.cpp.obj)
                0x0800b076                std::vector<unsigned long, std::allocator<unsigned long> >::at(unsigned int)
 .text._ZNKSt6vectorIN7WS2812B9ColorDataESaIS1_EE4sizeEv
                0x0800b09a       0x20 ../lib/EmbeddedLib/libEmbeddedLib.a(ws2812b.cpp.obj)
                0x0800b09a                std::vector<WS2812B::ColorData, std::allocator<WS2812B::ColorData> >::size() const
 .text._ZNSt6vectorIN7WS2812B9ColorDataESaIS1_EE2atEj
                0x0800b0ba       0x24 ../lib/EmbeddedLib/libEmbeddedLib.a(ws2812b.cpp.obj)
                0x0800b0ba                std::vector<WS2812B::ColorData, std::allocator<WS2812B::ColorData> >::at(unsigned int)
 .text._ZNSt6vectorImSaImEE4dataEv
                0x0800b0de       0x1e ../lib/EmbeddedLib/libEmbeddedLib.a(ws2812b.cpp.obj)
                0x0800b0de                std::vector<unsigned long, std::allocator<unsigned long> >::data()
 .text._ZNKSt6vectorImSaImEE4sizeEv
                0x0800b0fc       0x20 ../lib/EmbeddedLib/libEmbeddedLib.a(ws2812b.cpp.obj)
                0x0800b0fc                std::vector<unsigned long, std::allocator<unsigned long> >::size() const
 .text._ZNSt12_Vector_baseIN7WS2812B9ColorDataESaIS1_EE17_Vector_impl_dataC2Ev
                0x0800b11c       0x28 ../lib/EmbeddedLib/libEmbeddedLib.a(ws2812b.cpp.obj)
                0x0800b11c                std::_Vector_base<WS2812B::ColorData, std::allocator<WS2812B::ColorData> >::_Vector_impl_data::_Vector_impl_data()
                0x0800b11c                std::_Vector_base<WS2812B::ColorData, std::allocator<WS2812B::ColorData> >::_Vector_impl_data::_Vector_impl_data()
 .text._ZNSt12_Vector_baseImSaImEE17_Vector_impl_dataC2Ev
                0x0800b144       0x28 ../lib/EmbeddedLib/libEmbeddedLib.a(ws2812b.cpp.obj)
                0x0800b144                std::_Vector_base<unsigned long, std::allocator<unsigned long> >::_Vector_impl_data::_Vector_impl_data()
                0x0800b144                std::_Vector_base<unsigned long, std::allocator<unsigned long> >::_Vector_impl_data::_Vector_impl_data()
 .text._ZNSt6vectorIN7WS2812B9ColorDataESaIS1_EE17_M_default_appendEj
                0x0800b16c      0x10c ../lib/EmbeddedLib/libEmbeddedLib.a(ws2812b.cpp.obj)
                0x0800b16c                std::vector<WS2812B::ColorData, std::allocator<WS2812B::ColorData> >::_M_default_append(unsigned int)
 .text._ZNSt6vectorIN7WS2812B9ColorDataESaIS1_EE15_M_erase_at_endEPS1_
                0x0800b278       0x4a ../lib/EmbeddedLib/libEmbeddedLib.a(ws2812b.cpp.obj)
                0x0800b278                std::vector<WS2812B::ColorData, std::allocator<WS2812B::ColorData> >::_M_erase_at_end(WS2812B::ColorData*)
 *fill*         0x0800b2c2        0x2 
 .text._ZNSt6vectorImSaImEE17_M_default_appendEj
                0x0800b2c4      0x10c ../lib/EmbeddedLib/libEmbeddedLib.a(ws2812b.cpp.obj)
                0x0800b2c4                std::vector<unsigned long, std::allocator<unsigned long> >::_M_default_append(unsigned int)
 .text._ZNSt6vectorImSaImEE15_M_erase_at_endEPm
                0x0800b3d0       0x4a ../lib/EmbeddedLib/libEmbeddedLib.a(ws2812b.cpp.obj)
                0x0800b3d0                std::vector<unsigned long, std::allocator<unsigned long> >::_M_erase_at_end(unsigned long*)
 *fill*         0x0800b41a        0x2 
 .text._ZNKSt6vectorImSaImEE14_M_range_checkEj
                0x0800b41c       0x40 ../lib/EmbeddedLib/libEmbeddedLib.a(ws2812b.cpp.obj)
                0x0800b41c                std::vector<unsigned long, std::allocator<unsigned long> >::_M_range_check(unsigned int) const
 .text._ZNSt6vectorImSaImEEixEj
                0x0800b45c       0x20 ../lib/EmbeddedLib/libEmbeddedLib.a(ws2812b.cpp.obj)
                0x0800b45c                std::vector<unsigned long, std::allocator<unsigned long> >::operator[](unsigned int)
 .text._ZNKSt6vectorIN7WS2812B9ColorDataESaIS1_EE14_M_range_checkEj
                0x0800b47c       0x40 ../lib/EmbeddedLib/libEmbeddedLib.a(ws2812b.cpp.obj)
                0x0800b47c                std::vector<WS2812B::ColorData, std::allocator<WS2812B::ColorData> >::_M_range_check(unsigned int) const
 .text._ZNSt6vectorIN7WS2812B9ColorDataESaIS1_EEixEj
                0x0800b4bc       0x20 ../lib/EmbeddedLib/libEmbeddedLib.a(ws2812b.cpp.obj)
                0x0800b4bc                std::vector<WS2812B::ColorData, std::allocator<WS2812B::ColorData> >::operator[](unsigned int)
 .text._ZNKSt6vectorImSaImEE11_M_data_ptrImEEPT_S4_
                0x0800b4dc       0x18 ../lib/EmbeddedLib/libEmbeddedLib.a(ws2812b.cpp.obj)
                0x0800b4dc                unsigned long* std::vector<unsigned long, std::allocator<unsigned long> >::_M_data_ptr<unsigned long>(unsigned long*) const
 .text._ZNKSt6vectorIN7WS2812B9ColorDataESaIS1_EE8max_sizeEv
                0x0800b4f4       0x22 ../lib/EmbeddedLib/libEmbeddedLib.a(ws2812b.cpp.obj)
                0x0800b4f4                std::vector<WS2812B::ColorData, std::allocator<WS2812B::ColorData> >::max_size() const
 .text._ZSt27__uninitialized_default_n_aIPN7WS2812B9ColorDataEjS1_ET_S3_T0_RSaIT1_E
                0x0800b516       0x1e ../lib/EmbeddedLib/libEmbeddedLib.a(ws2812b.cpp.obj)
                0x0800b516                WS2812B::ColorData* std::__uninitialized_default_n_a<WS2812B::ColorData*, unsigned int, WS2812B::ColorData>(WS2812B::ColorData*, unsigned int, std::allocator<WS2812B::ColorData>&)
 .text._ZNKSt6vectorIN7WS2812B9ColorDataESaIS1_EE12_M_check_lenEjPKc
                0x0800b534       0x8e ../lib/EmbeddedLib/libEmbeddedLib.a(ws2812b.cpp.obj)
                0x0800b534                std::vector<WS2812B::ColorData, std::allocator<WS2812B::ColorData> >::_M_check_len(unsigned int, char const*) const
 .text._ZNSt12_Vector_baseIN7WS2812B9ColorDataESaIS1_EE11_M_allocateEj
                0x0800b5c2       0x32 ../lib/EmbeddedLib/libEmbeddedLib.a(ws2812b.cpp.obj)
                0x0800b5c2                std::_Vector_base<WS2812B::ColorData, std::allocator<WS2812B::ColorData> >::_M_allocate(unsigned int)
 .text._ZNSt6vectorIN7WS2812B9ColorDataESaIS1_EE11_S_relocateEPS1_S4_S4_RS2_
                0x0800b5f4       0x24 ../lib/EmbeddedLib/libEmbeddedLib.a(ws2812b.cpp.obj)
                0x0800b5f4                std::vector<WS2812B::ColorData, std::allocator<WS2812B::ColorData> >::_S_relocate(WS2812B::ColorData*, WS2812B::ColorData*, WS2812B::ColorData*, std::allocator<WS2812B::ColorData>&)
 .text._ZNKSt6vectorImSaImEE8max_sizeEv
                0x0800b618       0x22 ../lib/EmbeddedLib/libEmbeddedLib.a(ws2812b.cpp.obj)
                0x0800b618                std::vector<unsigned long, std::allocator<unsigned long> >::max_size() const
 .text._ZSt27__uninitialized_default_n_aIPmjmET_S1_T0_RSaIT1_E
                0x0800b63a       0x1e ../lib/EmbeddedLib/libEmbeddedLib.a(ws2812b.cpp.obj)
                0x0800b63a                unsigned long* std::__uninitialized_default_n_a<unsigned long*, unsigned int, unsigned long>(unsigned long*, unsigned int, std::allocator<unsigned long>&)
 .text._ZNKSt6vectorImSaImEE12_M_check_lenEjPKc
                0x0800b658       0x8e ../lib/EmbeddedLib/libEmbeddedLib.a(ws2812b.cpp.obj)
                0x0800b658                std::vector<unsigned long, std::allocator<unsigned long> >::_M_check_len(unsigned int, char const*) const
 .text._ZNSt12_Vector_baseImSaImEE11_M_allocateEj
                0x0800b6e6       0x32 ../lib/EmbeddedLib/libEmbeddedLib.a(ws2812b.cpp.obj)
                0x0800b6e6                std::_Vector_base<unsigned long, std::allocator<unsigned long> >::_M_allocate(unsigned int)
 .text._ZNSt6vectorImSaImEE11_S_relocateEPmS2_S2_RS0_
                0x0800b718       0x24 ../lib/EmbeddedLib/libEmbeddedLib.a(ws2812b.cpp.obj)
                0x0800b718                std::vector<unsigned long, std::allocator<unsigned long> >::_S_relocate(unsigned long*, unsigned long*, unsigned long*, std::allocator<unsigned long>&)
 .text._ZNSt6vectorIN7WS2812B9ColorDataESaIS1_EE11_S_max_sizeERKS2_
                0x0800b73c       0x40 ../lib/EmbeddedLib/libEmbeddedLib.a(ws2812b.cpp.obj)
                0x0800b73c                std::vector<WS2812B::ColorData, std::allocator<WS2812B::ColorData> >::_S_max_size(std::allocator<WS2812B::ColorData> const&)
 .text._ZNKSt12_Vector_baseIN7WS2812B9ColorDataESaIS1_EE19_M_get_Tp_allocatorEv
                0x0800b77c       0x16 ../lib/EmbeddedLib/libEmbeddedLib.a(ws2812b.cpp.obj)
                0x0800b77c                std::_Vector_base<WS2812B::ColorData, std::allocator<WS2812B::ColorData> >::_M_get_Tp_allocator() const
 .text._ZSt25__uninitialized_default_nIPN7WS2812B9ColorDataEjET_S3_T0_
                0x0800b792       0x20 ../lib/EmbeddedLib/libEmbeddedLib.a(ws2812b.cpp.obj)
                0x0800b792                WS2812B::ColorData* std::__uninitialized_default_n<WS2812B::ColorData*, unsigned int>(WS2812B::ColorData*, unsigned int)
 .text._ZSt3maxIjERKT_S2_S2_
                0x0800b7b2       0x28 ../lib/EmbeddedLib/libEmbeddedLib.a(ws2812b.cpp.obj)
                0x0800b7b2                unsigned int const& std::max<unsigned int>(unsigned int const&, unsigned int const&)
 .text._ZSt12__relocate_aIPN7WS2812B9ColorDataES2_SaIS1_EET0_T_S5_S4_RT1_
                0x0800b7da       0x3a ../lib/EmbeddedLib/libEmbeddedLib.a(ws2812b.cpp.obj)
                0x0800b7da                WS2812B::ColorData* std::__relocate_a<WS2812B::ColorData*, WS2812B::ColorData*, std::allocator<WS2812B::ColorData> >(WS2812B::ColorData*, WS2812B::ColorData*, WS2812B::ColorData*, std::allocator<WS2812B::ColorData>&)
 .text._ZNSt6vectorImSaImEE11_S_max_sizeERKS0_
                0x0800b814       0x40 ../lib/EmbeddedLib/libEmbeddedLib.a(ws2812b.cpp.obj)
                0x0800b814                std::vector<unsigned long, std::allocator<unsigned long> >::_S_max_size(std::allocator<unsigned long> const&)
 .text._ZNKSt12_Vector_baseImSaImEE19_M_get_Tp_allocatorEv
                0x0800b854       0x16 ../lib/EmbeddedLib/libEmbeddedLib.a(ws2812b.cpp.obj)
                0x0800b854                std::_Vector_base<unsigned long, std::allocator<unsigned long> >::_M_get_Tp_allocator() const
 .text._ZSt25__uninitialized_default_nIPmjET_S1_T0_
                0x0800b86a       0x20 ../lib/EmbeddedLib/libEmbeddedLib.a(ws2812b.cpp.obj)
                0x0800b86a                unsigned long* std::__uninitialized_default_n<unsigned long*, unsigned int>(unsigned long*, unsigned int)
 .text._ZSt12__relocate_aIPmS0_SaImEET0_T_S3_S2_RT1_
                0x0800b88a       0x3a ../lib/EmbeddedLib/libEmbeddedLib.a(ws2812b.cpp.obj)
                0x0800b88a                unsigned long* std::__relocate_a<unsigned long*, unsigned long*, std::allocator<unsigned long> >(unsigned long*, unsigned long*, unsigned long*, std::allocator<unsigned long>&)
 .text._ZSt3minIjERKT_S2_S2_
                0x0800b8c4       0x28 ../lib/EmbeddedLib/libEmbeddedLib.a(ws2812b.cpp.obj)
                0x0800b8c4                unsigned int const& std::min<unsigned int>(unsigned int const&, unsigned int const&)
 .text._ZNSt27__uninitialized_default_n_1ILb1EE18__uninit_default_nIPN7WS2812B9ColorDataEjEET_S5_T0_
                0x0800b8ec       0x3e ../lib/EmbeddedLib/libEmbeddedLib.a(ws2812b.cpp.obj)
                0x0800b8ec                WS2812B::ColorData* std::__uninitialized_default_n_1<true>::__uninit_default_n<WS2812B::ColorData*, unsigned int>(WS2812B::ColorData*, unsigned int)
 .text._ZNSt15__new_allocatorIN7WS2812B9ColorDataEE8allocateEjPKv
                0x0800b92a       0x54 ../lib/EmbeddedLib/libEmbeddedLib.a(ws2812b.cpp.obj)
                0x0800b92a                std::__new_allocator<WS2812B::ColorData>::allocate(unsigned int, void const*)
 .text._ZSt12__niter_baseIPN7WS2812B9ColorDataEET_S3_
                0x0800b97e       0x16 ../lib/EmbeddedLib/libEmbeddedLib.a(ws2812b.cpp.obj)
                0x0800b97e                WS2812B::ColorData* std::__niter_base<WS2812B::ColorData*>(WS2812B::ColorData*)
 .text._ZSt14__relocate_a_1IN7WS2812B9ColorDataES1_ENSt9enable_ifIXsrSt24__is_bitwise_relocatableIT_vE5valueEPS4_E4typeES6_S6_S6_RSaIT0_E
                0x0800b994       0x3c ../lib/EmbeddedLib/libEmbeddedLib.a(ws2812b.cpp.obj)
                0x0800b994                std::enable_if<std::__is_bitwise_relocatable<WS2812B::ColorData, void>::value, WS2812B::ColorData*>::type std::__relocate_a_1<WS2812B::ColorData, WS2812B::ColorData>(WS2812B::ColorData*, WS2812B::ColorData*, WS2812B::ColorData*, std::allocator<WS2812B::ColorData>&)
 .text._ZNSt27__uninitialized_default_n_1ILb1EE18__uninit_default_nIPmjEET_S3_T0_
                0x0800b9d0       0x3e ../lib/EmbeddedLib/libEmbeddedLib.a(ws2812b.cpp.obj)
                0x0800b9d0                unsigned long* std::__uninitialized_default_n_1<true>::__uninit_default_n<unsigned long*, unsigned int>(unsigned long*, unsigned int)
 .text._ZNSt15__new_allocatorImE8allocateEjPKv
                0x0800ba0e       0x54 ../lib/EmbeddedLib/libEmbeddedLib.a(ws2812b.cpp.obj)
                0x0800ba0e                std::__new_allocator<unsigned long>::allocate(unsigned int, void const*)
 .text._ZSt12__niter_baseIPmET_S1_
                0x0800ba62       0x16 ../lib/EmbeddedLib/libEmbeddedLib.a(ws2812b.cpp.obj)
                0x0800ba62                unsigned long* std::__niter_base<unsigned long*>(unsigned long*)
 .text._ZSt14__relocate_a_1ImmENSt9enable_ifIXsrSt24__is_bitwise_relocatableIT_vE5valueEPS2_E4typeES4_S4_S4_RSaIT0_E
                0x0800ba78       0x3c ../lib/EmbeddedLib/libEmbeddedLib.a(ws2812b.cpp.obj)
                0x0800ba78                std::enable_if<std::__is_bitwise_relocatable<unsigned long, void>::value, unsigned long*>::type std::__relocate_a_1<unsigned long, unsigned long>(unsigned long*, unsigned long*, unsigned long*, std::allocator<unsigned long>&)
 .text._ZSt11__addressofIN7WS2812B9ColorDataEEPT_RS2_
                0x0800bab4       0x16 ../lib/EmbeddedLib/libEmbeddedLib.a(ws2812b.cpp.obj)
                0x0800bab4                WS2812B::ColorData* std::__addressof<WS2812B::ColorData>(WS2812B::ColorData&)
 .text._ZSt10_ConstructIN7WS2812B9ColorDataEJEEvPT_DpOT0_
                0x0800baca       0x20 ../lib/EmbeddedLib/libEmbeddedLib.a(ws2812b.cpp.obj)
                0x0800baca                void std::_Construct<WS2812B::ColorData>(WS2812B::ColorData*)
 .text._ZSt6fill_nIPN7WS2812B9ColorDataEjS1_ET_S3_T0_RKT1_
                0x0800baea       0x2c ../lib/EmbeddedLib/libEmbeddedLib.a(ws2812b.cpp.obj)
                0x0800baea                WS2812B::ColorData* std::fill_n<WS2812B::ColorData*, unsigned int, WS2812B::ColorData>(WS2812B::ColorData*, unsigned int, WS2812B::ColorData const&)
 .text._ZSt11__addressofImEPT_RS0_
                0x0800bb16       0x16 ../lib/EmbeddedLib/libEmbeddedLib.a(ws2812b.cpp.obj)
                0x0800bb16                unsigned long* std::__addressof<unsigned long>(unsigned long&)
 .text._ZSt10_ConstructImJEEvPT_DpOT0_
                0x0800bb2c       0x20 ../lib/EmbeddedLib/libEmbeddedLib.a(ws2812b.cpp.obj)
                0x0800bb2c                void std::_Construct<unsigned long>(unsigned long*)
 .text._ZSt6fill_nIPmjmET_S1_T0_RKT1_
                0x0800bb4c       0x2c ../lib/EmbeddedLib/libEmbeddedLib.a(ws2812b.cpp.obj)
                0x0800bb4c                unsigned long* std::fill_n<unsigned long*, unsigned int, unsigned long>(unsigned long*, unsigned int, unsigned long const&)
 .text._ZSt10__fill_n_aIPN7WS2812B9ColorDataEjS1_ET_S3_T0_RKT1_St26random_access_iterator_tag
                0x0800bb78       0x3a ../lib/EmbeddedLib/libEmbeddedLib.a(ws2812b.cpp.obj)
                0x0800bb78                WS2812B::ColorData* std::__fill_n_a<WS2812B::ColorData*, unsigned int, WS2812B::ColorData>(WS2812B::ColorData*, unsigned int, WS2812B::ColorData const&, std::random_access_iterator_tag)
 .text._ZSt10__fill_n_aIPmjmET_S1_T0_RKT1_St26random_access_iterator_tag
                0x0800bbb2       0x3a ../lib/EmbeddedLib/libEmbeddedLib.a(ws2812b.cpp.obj)
                0x0800bbb2                unsigned long* std::__fill_n_a<unsigned long*, unsigned int, unsigned long>(unsigned long*, unsigned int, unsigned long const&, std::random_access_iterator_tag)
 .text._ZSt8__fill_aIPN7WS2812B9ColorDataES1_EvT_S3_RKT0_
                0x0800bbec       0x1e ../lib/EmbeddedLib/libEmbeddedLib.a(ws2812b.cpp.obj)
                0x0800bbec                void std::__fill_a<WS2812B::ColorData*, WS2812B::ColorData>(WS2812B::ColorData*, WS2812B::ColorData*, WS2812B::ColorData const&)
 .text._ZSt8__fill_aIPmmEvT_S1_RKT0_
                0x0800bc0a       0x1e ../lib/EmbeddedLib/libEmbeddedLib.a(ws2812b.cpp.obj)