Archive member included to satisfy reference by file (symbol)

/usr/lib/gcc/arm-none-eabi/13.2.1/thumb/v7e-m+fp/hard/libgcc.a(_aeabi_uldivmod.o)
                              cmake/stm32cubemx/CMakeFiles/STM32_Drivers.dir/__/__/Drivers/STM32F4xx_HAL_Driver/Src/stm32f4xx_hal_rcc.c.obj (__aeabi_uldivmod)
/usr/lib/gcc/arm-none-eabi/13.2.1/thumb/v7e-m+fp/hard/libgcc.a(_udivmoddi4.o)
                              /usr/lib/gcc/arm-none-eabi/13.2.1/thumb/v7e-m+fp/hard/libgcc.a(_aeabi_uldivmod.o) (__udivmoddi4)
/usr/lib/gcc/arm-none-eabi/13.2.1/thumb/v7e-m+fp/hard/libgcc.a(_dvmd_tls.o)
                              /usr/lib/gcc/arm-none-eabi/13.2.1/thumb/v7e-m+fp/hard/libgcc.a(_aeabi_uldivmod.o) (__aeabi_ldiv0)
/usr/lib/gcc/arm-none-eabi/13.2.1/../../../arm-none-eabi/lib/thumb/v7e-m+fp/hard/libg_nano.a(libc_a-init.o)
                              /usr/lib/gcc/arm-none-eabi/13.2.1/../../../arm-none-eabi/lib/thumb/v7e-m+fp/hard/crt0.o (__libc_init_array)
/usr/lib/gcc/arm-none-eabi/13.2.1/../../../arm-none-eabi/lib/thumb/v7e-m+fp/hard/libg_nano.a(libc_a-memset.o)
                              /usr/lib/gcc/arm-none-eabi/13.2.1/../../../arm-none-eabi/lib/thumb/v7e-m+fp/hard/crt0.o (memset)
/usr/lib/gcc/arm-none-eabi/13.2.1/../../../arm-none-eabi/lib/thumb/v7e-m+fp/hard/libg_nano.a(libc_a-errno.o)
                              CMakeFiles/firmware.dir/Core/Src/sysmem.c.obj (__errno)
/usr/lib/gcc/arm-none-eabi/13.2.1/../../../arm-none-eabi/lib/thumb/v7e-m+fp/hard/libg_nano.a(libc_a-exit.o)
                              /usr/lib/gcc/arm-none-eabi/13.2.1/../../../arm-none-eabi/lib/thumb/v7e-m+fp/hard/crt0.o (exit)
/usr/lib/gcc/arm-none-eabi/13.2.1/../../../arm-none-eabi/lib/thumb/v7e-m+fp/hard/libg_nano.a(libc_a-atexit.o)
                              /usr/lib/gcc/arm-none-eabi/13.2.1/../../../arm-none-eabi/lib/thumb/v7e-m+fp/hard/crt0.o (atexit)
/usr/lib/gcc/arm-none-eabi/13.2.1/../../../arm-none-eabi/lib/thumb/v7e-m+fp/hard/libg_nano.a(libc_a-fini.o)
                              /usr/lib/gcc/arm-none-eabi/13.2.1/../../../arm-none-eabi/lib/thumb/v7e-m+fp/hard/crt0.o (__libc_fini_array)
/usr/lib/gcc/arm-none-eabi/13.2.1/../../../arm-none-eabi/lib/thumb/v7e-m+fp/hard/libg_nano.a(libc_a-impure.o)
                              /usr/lib/gcc/arm-none-eabi/13.2.1/../../../arm-none-eabi/lib/thumb/v7e-m+fp/hard/libg_nano.a(libc_a-errno.o) (_impure_ptr)
/usr/lib/gcc/arm-none-eabi/13.2.1/../../../arm-none-eabi/lib/thumb/v7e-m+fp/hard/libg_nano.a(libc_a-findfp.o)
                              /usr/lib/gcc/arm-none-eabi/13.2.1/../../../arm-none-eabi/lib/thumb/v7e-m+fp/hard/libg_nano.a(libc_a-exit.o) (__stdio_exit_handler)
/usr/lib/gcc/arm-none-eabi/13.2.1/../../../arm-none-eabi/lib/thumb/v7e-m+fp/hard/libg_nano.a(libc_a-fflush.o)
                              /usr/lib/gcc/arm-none-eabi/13.2.1/../../../arm-none-eabi/lib/thumb/v7e-m+fp/hard/libg_nano.a(libc_a-findfp.o) (_fflush_r)
/usr/lib/gcc/arm-none-eabi/13.2.1/../../../arm-none-eabi/lib/thumb/v7e-m+fp/hard/libg_nano.a(libc_a-mallocr.o)
                              /usr/lib/gcc/arm-none-eabi/13.2.1/../../../arm-none-eabi/lib/thumb/v7e-m+fp/hard/libg_nano.a(libc_a-findfp.o) (_malloc_r)
/usr/lib/gcc/arm-none-eabi/13.2.1/../../../arm-none-eabi/lib/thumb/v7e-m+fp/hard/libg_nano.a(libc_a-freer.o)
                              /usr/lib/gcc/arm-none-eabi/13.2.1/../../../arm-none-eabi/lib/thumb/v7e-m+fp/hard/libg_nano.a(libc_a-fflush.o) (_free_r)
/usr/lib/gcc/arm-none-eabi/13.2.1/../../../arm-none-eabi/lib/thumb/v7e-m+fp/hard/libg_nano.a(libc_a-fwalk.o)
                              /usr/lib/gcc/arm-none-eabi/13.2.1/../../../arm-none-eabi/lib/thumb/v7e-m+fp/hard/libg_nano.a(libc_a-findfp.o) (_fwalk_sglue)
/usr/lib/gcc/arm-none-eabi/13.2.1/../../../arm-none-eabi/lib/thumb/v7e-m+fp/hard/libg_nano.a(libc_a-__atexit.o)
                              /usr/lib/gcc/arm-none-eabi/13.2.1/../../../arm-none-eabi/lib/thumb/v7e-m+fp/hard/libg_nano.a(libc_a-atexit.o) (__register_exitproc)
/usr/lib/gcc/arm-none-eabi/13.2.1/../../../arm-none-eabi/lib/thumb/v7e-m+fp/hard/libg_nano.a(libc_a-mlock.o)
                              /usr/lib/gcc/arm-none-eabi/13.2.1/../../../arm-none-eabi/lib/thumb/v7e-m+fp/hard/libg_nano.a(libc_a-mallocr.o) (__malloc_lock)
/usr/lib/gcc/arm-none-eabi/13.2.1/../../../arm-none-eabi/lib/thumb/v7e-m+fp/hard/libg_nano.a(libc_a-sbrkr.o)
                              /usr/lib/gcc/arm-none-eabi/13.2.1/../../../arm-none-eabi/lib/thumb/v7e-m+fp/hard/libg_nano.a(libc_a-mallocr.o) (_sbrk_r)
/usr/lib/gcc/arm-none-eabi/13.2.1/../../../arm-none-eabi/lib/thumb/v7e-m+fp/hard/libg_nano.a(libc_a-stdio.o)
                              /usr/lib/gcc/arm-none-eabi/13.2.1/../../../arm-none-eabi/lib/thumb/v7e-m+fp/hard/libg_nano.a(libc_a-findfp.o) (__sread)
/usr/lib/gcc/arm-none-eabi/13.2.1/../../../arm-none-eabi/lib/thumb/v7e-m+fp/hard/libg_nano.a(libc_a-closer.o)
[...]
Memory Configuration

Name             Origin             Length             Attributes
RAM              0x20000000         0x00020000         xrw
FLASH            0x08000000         0x00040000         xr
*default*        0x00000000         0xffffffff

Linker script and memory map

LOAD /usr/lib/gcc/arm-none-eabi/13.2.1/thumb/v7e-m+fp/hard/crti.o
LOAD /usr/lib/gcc/arm-none-eabi/13.2.1/thumb/v7e-m+fp/hard/crtbegin.o
LOAD /usr/lib/gcc/arm-none-eabi/13.2.1/../../../arm-none-eabi/lib/thumb/v7e-m+fp/hard/crt0.o
LOAD CMakeFiles/firmware.dir/USB_DEVICE/Target/usbd_conf.c.obj
LOAD CMakeFiles/firmware.dir/USB_DEVICE/App/usb_device.c.obj
LOAD CMakeFiles/firmware.dir/USB_DEVICE/App/usbd_desc.c.obj
LOAD CMakeFiles/firmware.dir/USB_DEVICE/App/usbd_cdc_if.c.obj
LOAD CMakeFiles/firmware.dir/Core/Src/main.cpp.obj
LOAD CMakeFiles/firmware.dir/Core/Src/gpio.c.obj
LOAD CMakeFiles/firmware.dir/Core/Src/dma.c.obj
LOAD CMakeFiles/firmware.dir/Core/Src/tim.c.obj
LOAD CMakeFiles/firmware.dir/Core/Src/stm32f4xx_it.c.obj
LOAD CMakeFiles/firmware.dir/Core/Src/stm32f4xx_hal_msp.c.obj
LOAD CMakeFiles/firmware.dir/Core/Src/sysmem.c.obj
LOAD CMakeFiles/firmware.dir/Core/Src/syscalls.c.obj
LOAD CMakeFiles/firmware.dir/startup_stm32f446xx.s.obj
LOAD CMakeFiles/firmware.dir/__/src/core.cpp.obj
LOAD cmake/stm32cubemx/CMakeFiles/STM32_Drivers.dir/__/__/Core/Src/system_stm32f4xx.c.obj
LOAD cmake/stm32cubemx/CMakeFiles/STM32_Drivers.dir/__/__/Drivers/STM32F4xx_HAL_Driver/Src/stm32f4xx_hal_pcd.c.obj
LOAD cmake/stm32cubemx/CMakeFiles/STM32_Drivers.dir/__/__/Drivers/STM32F4xx_HAL_Driver/Src/stm32f4xx_hal_pcd_ex.c.obj
LOAD cmake/stm32cubemx/CMakeFiles/STM32_Drivers.dir/__/__/Drivers/STM32F4xx_HAL_Driver/Src/stm32f4xx_ll_usb.c.obj
LOAD cmake/stm32cubemx/CMakeFiles/STM32_Drivers.dir/__/__/Drivers/STM32F4xx_HAL_Driver/Src/stm32f4xx_hal_rcc.c.obj
LOAD cmake/stm32cubemx/CMakeFiles/STM32_Drivers.dir/__/__/Drivers/STM32F4xx_HAL_Driver/Src/stm32f4xx_hal_rcc_ex.c.obj
LOAD cmake/stm32cubemx/CMakeFiles/STM32_Drivers.dir/__/__/Drivers/STM32F4xx_HAL_Driver/Src/stm32f4xx_hal_flash.c.obj
LOAD cmake/stm32cubemx/CMakeFiles/STM32_Drivers.dir/__/__/Drivers/STM32F4xx_HAL_Driver/Src/stm32f4xx_hal_flash_ex.c.obj
LOAD cmake/stm32cubemx/CMakeFiles/STM32_Drivers.dir/__/__/Drivers/STM32F4xx_HAL_Driver/Src/stm32f4xx_hal_flash_ramfunc.c.obj
LOAD cmake/stm32cubemx/CMakeFiles/STM32_Drivers.dir/__/__/Drivers/STM32F4xx_HAL_Driver/Src/stm32f4xx_hal_gpio.c.obj
LOAD cmake/stm32cubemx/CMakeFiles/STM32_Drivers.dir/__/__/Drivers/STM32F4xx_HAL_Driver/Src/stm32f4xx_hal_dma_ex.c.obj
LOAD cmake/stm32cubemx/CMakeFiles/STM32_Drivers.dir/__/__/Drivers/STM32F4xx_HAL_Driver/Src/stm32f4xx_hal_dma.c.obj
LOAD cmake/stm32cubemx/CMakeFiles/STM32_Drivers.dir/__/__/Drivers/STM32F4xx_HAL_Driver/Src/stm32f4xx_hal_pwr.c.obj
LOAD cmake/stm32cubemx/CMakeFiles/STM32_Drivers.dir/__/__/Drivers/STM32F4xx_HAL_Driver/Src/stm32f4xx_hal_pwr_ex.c.obj
LOAD cmake/stm32cubemx/CMakeFiles/STM32_Drivers.dir/__/__/Drivers/STM32F4xx_HAL_Driver/Src/stm32f4xx_hal_cortex.c.obj
LOAD cmake/stm32cubemx/CMakeFiles/STM32_Drivers.dir/__/__/Drivers/STM32F4xx_HAL_Driver/Src/stm32f4xx_hal.c.obj
LOAD cmake/stm32cubemx/CMakeFiles/STM32_Drivers.dir/__/__/Drivers/STM32F4xx_HAL_Driver/Src/stm32f4xx_hal_exti.c.obj
LOAD cmake/stm32cubemx/CMakeFiles/STM32_Drivers.dir/__/__/Drivers/STM32F4xx_HAL_Driver/Src/stm32f4xx_hal_tim.c.obj
LOAD cmake/stm32cubemx/CMakeFiles/STM32_Drivers.dir/__/__/Drivers/STM32F4xx_HAL_Driver/Src/stm32f4xx_hal_tim_ex.c.obj
LOAD cmake/stm32cubemx/CMakeFiles/USB_Device_Library.dir/__/__/Middlewares/ST/STM32_USB_Device_Library/Core/Src/usbd_core.c.obj
LOAD cmake/stm32cubemx/CMakeFiles/USB_Device_Library.dir/__/__/Middlewares/ST/STM32_USB_Device_Library/Core/Src/usbd_ctlreq.c.obj
LOAD cmake/stm32cubemx/CMakeFiles/USB_Device_Library.dir/__/__/Middlewares/ST/STM32_USB_Device_Library/Core/Src/usbd_ioreq.c.obj
LOAD cmake/stm32cubemx/CMakeFiles/USB_Device_Library.dir/__/__/Middlewares/ST/STM32_USB_Device_Library/Class/CDC/Src/usbd_cdc.c.obj
LOAD /usr/lib/gcc/arm-none-eabi/13.2.1/../../../arm-none-eabi/lib/thumb/v7e-m+fp/hard/libstdc++_nano.a
LOAD /usr/lib/gcc/arm-none-eabi/13.2.1/../../../arm-none-eabi/lib/thumb/v7e-m+fp/hard/libm.a
START GROUP
LOAD /usr/lib/gcc/arm-none-eabi/13.2.1/thumb/v7e-m+fp/hard/libgcc.a
LOAD /usr/lib/gcc/arm-none-eabi/13.2.1/../../../arm-none-eabi/lib/thumb/v7e-m+fp/hard/libg_nano.a
LOAD /usr/lib/gcc/arm-none-eabi/13.2.1/../../../arm-none-eabi/lib/thumb/v7e-m+fp/hard/libc_nano.a
END GROUP
START GROUP
LOAD /usr/lib/gcc/arm-none-eabi/13.2.1/thumb/v7e-m+fp/hard/libgcc.a
LOAD /usr/lib/gcc/arm-none-eabi/13.2.1/../../../arm-none-eabi/lib/thumb/v7e-m+fp/hard/libc_nano.a
END GROUP
LOAD /usr/lib/gcc/arm-none-eabi/13.2.1/thumb/v7e-m+fp/hard/crtend.o
LOAD /usr/lib/gcc/arm-none-eabi/13.2.1/thumb/v7e-m+fp/hard/crtn.o
                0x20020000                        _estack = (ORIGIN (RAM) + LENGTH (RAM))
                0x00000800                        _Min_Heap_Size = 0x800
                0x00001000                        _Min_Stack_Size = 0x1000

.isr_vector     0x08000000      0x1c4
                0x08000000                        . = ALIGN (0x4)
 *(.isr_vector)
 .isr_vector    0x08000000      0x1c4 CMakeFiles/firmware.dir/startup_stm32f446xx.s.obj
                0x08000000                g_pfnVectors
                0x080001c4                        . = ALIGN (0x4)

.text           0x080001c4     0x8e78
                0x080001c4                        . = ALIGN (0x4)
 *(.text)
 .text          0x080001c4       0x88 /usr/lib/gcc/arm-none-eabi/13.2.1/thumb/v7e-m+fp/hard/crtbegin.o
 .text          0x0800024c       0x30 /usr/lib/gcc/arm-none-eabi/13.2.1/thumb/v7e-m+fp/hard/libgcc.a(_aeabi_uldivmod.o)
                0x0800024c                __aeabi_uldivmod
 .text          0x0800027c      0x2bc /usr/lib/gcc/arm-none-eabi/13.2.1/thumb/v7e-m+fp/hard/libgcc.a(_udivmoddi4.o)
                0x0800027c                __udivmoddi4
 .text          0x08000538        0x4 /usr/lib/gcc/arm-none-eabi/13.2.1/thumb/v7e-m+fp/hard/libgcc.a(_dvmd_tls.o)
                0x08000538                __aeabi_ldiv0
                0x08000538                __aeabi_idiv0
 .text          0x0800053c       0x50 /usr/lib/gcc/arm-none-eabi/13.2.1/../../../arm-none-eabi/lib/thumb/v7e-m+fp/hard/libg_nano.a(libc_a-init.o)
                0x0800053c                __libc_init_array
 .text          0x0800058c       0xa4 /usr/lib/gcc/arm-none-eabi/13.2.1/../../../arm-none-eabi/lib/thumb/v7e-m+fp/hard/libg_nano.a(libc_a-memset.o)
                0x0800058c                memset
 *(.text*)
 .text.HAL_PCD_MspInit
                0x08000630      0x104 CMakeFiles/firmware.dir/USB_DEVICE/Target/usbd_conf.c.obj
                0x08000630                HAL_PCD_MspInit
 .text.HAL_PCD_SetupStageCallback
                0x08000734       0x24 CMakeFiles/firmware.dir/USB_DEVICE/Target/usbd_conf.c.obj
                0x08000734                HAL_PCD_SetupStageCallback
 .text.HAL_PCD_DataOutStageCallback
                0x08000758       0x36 CMakeFiles/firmware.dir/USB_DEVICE/Target/usbd_conf.c.obj
                0x08000758                HAL_PCD_DataOutStageCallback
 .text.HAL_PCD_DataInStageCallback
                0x0800078e       0x34 CMakeFiles/firmware.dir/USB_DEVICE/Target/usbd_conf.c.obj
                0x0800078e                HAL_PCD_DataInStageCallback
 .text.HAL_PCD_SOFCallback
                0x080007c2       0x1c CMakeFiles/firmware.dir/USB_DEVICE/Target/usbd_conf.c.obj
                0x080007c2                HAL_PCD_SOFCallback
 .text.HAL_PCD_ResetCallback
                0x080007de       0x50 CMakeFiles/firmware.dir/USB_DEVICE/Target/usbd_conf.c.obj
                0x080007de                HAL_PCD_ResetCallback
 *fill*         0x0800082e        0x2 
 .text.HAL_PCD_SuspendCallback
                0x08000830       0x4c CMakeFiles/firmware.dir/USB_DEVICE/Target/usbd_conf.c.obj
                0x08000830                HAL_PCD_SuspendCallback
 .text.HAL_PCD_ResumeCallback
                0x0800087c       0x1c CMakeFiles/firmware.dir/USB_DEVICE/Target/usbd_conf.c.obj
                0x0800087c                HAL_PCD_ResumeCallback
 .text.HAL_PCD_ISOOUTIncompleteCallback
                0x08000898       0x24 CMakeFiles/firmware.dir/USB_DEVICE/Target/usbd_conf.c.obj
                0x08000898                HAL_PCD_ISOOUTIncompleteCallback
 .text.HAL_PCD_ISOINIncompleteCallback
                0x080008bc       0x24 CMakeFiles/firmware.dir/USB_DEVICE/Target/usbd_conf.c.obj
                0x080008bc                HAL_PCD_ISOINIncompleteCallback
 .text.HAL_PCD_ConnectCallback
                0x080008e0       0x1c CMakeFiles/firmware.dir/USB_DEVICE/Target/usbd_conf.c.obj
                0x080008e0                HAL_PCD_ConnectCallback
 .text.HAL_PCD_DisconnectCallback
                0x080008fc       0x1c CMakeFiles/firmware.dir/USB_DEVICE/Target/usbd_conf.c.obj
                0x080008fc                HAL_PCD_DisconnectCallback
 .text.USBD_LL_Init
                0x08000918       0x98 CMakeFiles/firmware.dir/USB_DEVICE/Target/usbd_conf.c.obj
                0x08000918                USBD_LL_Init
 .text.USBD_LL_Start
                0x080009b0       0x36 CMakeFiles/firmware.dir/USB_DEVICE/Target/usbd_conf.c.obj
                0x080009b0                USBD_LL_Start
 .text.USBD_LL_OpenEP
                0x080009e6       0x4c CMakeFiles/firmware.dir/USB_DEVICE/Target/usbd_conf.c.obj
                0x080009e6                USBD_LL_OpenEP
 .text.USBD_LL_CloseEP
                0x08000a32       0x3e CMakeFiles/firmware.dir/USB_DEVICE/Target/usbd_conf.c.obj
                0x08000a32                USBD_LL_CloseEP
 .text.USBD_LL_StallEP
                0x08000a70       0x3e CMakeFiles/firmware.dir/USB_DEVICE/Target/usbd_conf.c.obj
                0x08000a70                USBD_LL_StallEP
 .text.USBD_LL_ClearStallEP
                0x08000aae       0x3e CMakeFiles/firmware.dir/USB_DEVICE/Target/usbd_conf.c.obj
                0x08000aae                USBD_LL_ClearStallEP
 .text.USBD_LL_IsStallEP
                0x08000aec       0x58 CMakeFiles/firmware.dir/USB_DEVICE/Target/usbd_conf.c.obj
                0x08000aec                USBD_LL_IsStallEP
 .text.USBD_LL_SetUSBAddress
                0x08000b44       0x3e CMakeFiles/firmware.dir/USB_DEVICE/Target/usbd_conf.c.obj
                0x08000b44                USBD_LL_SetUSBAddress
 .text.USBD_LL_Transmit
                0x08000b82       0x42 CMakeFiles/firmware.dir/USB_DEVICE/Target/usbd_conf.c.obj
                0x08000b82                USBD_LL_Transmit
 .text.USBD_LL_PrepareReceive
                0x08000bc4       0x42 CMakeFiles/firmware.dir/USB_DEVICE/Target/usbd_conf.c.obj
                0x08000bc4                USBD_LL_PrepareReceive
 .text.USBD_LL_GetRxDataSize
                0x08000c06       0x26 CMakeFiles/firmware.dir/USB_DEVICE/Target/usbd_conf.c.obj
                0x08000c06                USBD_LL_GetRxDataSize
 .text.HAL_PCDEx_LPM_Callback
                0x08000c2c       0x9c CMakeFiles/firmware.dir/USB_DEVICE/Target/usbd_conf.c.obj
                0x08000c2c                HAL_PCDEx_LPM_Callback
 .text.USBD_static_malloc
                0x08000cc8       0x1c CMakeFiles/firmware.dir/USB_DEVICE/Target/usbd_conf.c.obj
                0x08000cc8                USBD_static_malloc
 .text.USBD_static_free
                0x08000ce4       0x14 CMakeFiles/firmware.dir/USB_DEVICE/Target/usbd_conf.c.obj
                0x08000ce4                USBD_static_free
 .text.USBD_Get_USB_Status
                0x08000cf8       0x58 CMakeFiles/firmware.dir/USB_DEVICE/Target/usbd_conf.c.obj
                0x08000cf8                USBD_Get_USB_Status
 .text.MX_USB_DEVICE_Init
                0x08000d50       0x60 CMakeFiles/firmware.dir/USB_DEVICE/App/usb_device.c.obj
                0x08000d50                MX_USB_DEVICE_Init
 .text.USBD_FS_DeviceDescriptor
                0x08000db0       0x24 CMakeFiles/firmware.dir/USB_DEVICE/App/usbd_desc.c.obj
                0x08000db0                USBD_FS_DeviceDescriptor
 .text.USBD_FS_LangIDStrDescriptor
                0x08000dd4       0x24 CMakeFiles/firmware.dir/USB_DEVICE/App/usbd_desc.c.obj
                0x08000dd4                USBD_FS_LangIDStrDescriptor
 .text.USBD_FS_ProductStrDescriptor
                0x08000df8       0x3c CMakeFiles/firmware.dir/USB_DEVICE/App/usbd_desc.c.obj
                0x08000df8                USBD_FS_ProductStrDescriptor
 .text.USBD_FS_ManufacturerStrDescriptor
                0x08000e34       0x28 CMakeFiles/firmware.dir/USB_DEVICE/App/usbd_desc.c.obj
                0x08000e34                USBD_FS_ManufacturerStrDescriptor
 .text.USBD_FS_SerialStrDescriptor
                0x08000e5c       0x24 CMakeFiles/firmware.dir/USB_DEVICE/App/usbd_desc.c.obj
                0x08000e5c                USBD_FS_SerialStrDescriptor
 .text.USBD_FS_ConfigStrDescriptor
                0x08000e80       0x3c CMakeFiles/firmware.dir/USB_DEVICE/App/usbd_desc.c.obj
                0x08000e80                USBD_FS_ConfigStrDescriptor
 .text.USBD_FS_InterfaceStrDescriptor
                0x08000ebc       0x3c CMakeFiles/firmware.dir/USB_DEVICE/App/usbd_desc.c.obj
                0x08000ebc                USBD_FS_InterfaceStrDescriptor
 .text.USBD_FS_USR_BOSDescriptor
                0x08000ef8       0x24 CMakeFiles/firmware.dir/USB_DEVICE/App/usbd_desc.c.obj
                0x08000ef8                USBD_FS_USR_BOSDescriptor
 .text.Get_SerialNum
                0x08000f1c       0x58 CMakeFiles/firmware.dir/USB_DEVICE/App/usbd_desc.c.obj
 .text.IntToUnicode
                0x08000f74       0x7e CMakeFiles/firmware.dir/USB_DEVICE/App/usbd_desc.c.obj
 *fill*         0x08000ff2        0x2 
 .text.CDC_Init_FS
                0x08000ff4       0x28 CMakeFiles/firmware.dir/USB_DEVICE/App/usbd_cdc_if.c.obj
 .text.CDC_DeInit_FS
                0x0800101c       0x10 CMakeFiles/firmware.dir/USB_DEVICE/App/usbd_cdc_if.c.obj
 .text.CDC_Control_FS
                0x0800102c       0xbc CMakeFiles/firmware.dir/USB_DEVICE/App/usbd_cdc_if.c.obj
 .text.CDC_Receive_FS
                0x080010e8       0x28 CMakeFiles/firmware.dir/USB_DEVICE/App/usbd_cdc_if.c.obj
 .text.CDC_TransmitCplt_FS
                0x08001110       0x22 CMakeFiles/firmware.dir/USB_DEVICE/App/usbd_cdc_if.c.obj
 .text.main     0x08001132       0x2e CMakeFiles/firmware.dir/Core/Src/main.cpp.obj
                0x08001132                main
 .text.SystemClock_Config
                0x08001160       0xec CMakeFiles/firmware.dir/Core/Src/main.cpp.obj
                0x08001160                SystemClock_Config
 .text.Error_Handler
                0x0800124c        0xc CMakeFiles/firmware.dir/Core/Src/main.cpp.obj
                0x0800124c                Error_Handler
 .text.MX_GPIO_Init
                0x08001258       0xa0 CMakeFiles/firmware.dir/Core/Src/gpio.c.obj
                0x08001258                MX_GPIO_Init
 .text.MX_DMA_Init
                0x080012f8       0x40 CMakeFiles/firmware.dir/Core/Src/dma.c.obj
                0x080012f8                MX_DMA_Init
 .text.MX_TIM2_Init
                0x08001338      0x12c CMakeFiles/firmware.dir/Core/Src/tim.c.obj
                0x08001338                MX_TIM2_Init
 .text.MX_TIM3_Init
                0x08001464       0x9c CMakeFiles/firmware.dir/Core/Src/tim.c.obj
                0x08001464                MX_TIM3_Init
 .text.MX_TIM8_Init
                0x08001500       0xa0 CMakeFiles/firmware.dir/Core/Src/tim.c.obj
                0x08001500                MX_TIM8_Init
 .text.HAL_TIM_Base_MspInit
                0x080015a0      0x11c CMakeFiles/firmware.dir/Core/Src/tim.c.obj
                0x080015a0                HAL_TIM_Base_MspInit
 .text.HAL_TIM_MspPostInit
                0x080016bc       0x70 CMakeFiles/firmware.dir/Core/Src/tim.c.obj
                0x080016bc                HAL_TIM_MspPostInit
 .text.NMI_Handler
                0x0800172c        0x8 CMakeFiles/firmware.dir/Core/Src/stm32f4xx_it.c.obj
                0x0800172c                NMI_Handler
 .text.HardFault_Handler
                0x08001734        0x8 CMakeFiles/firmware.dir/Core/Src/stm32f4xx_it.c.obj
                0x08001734                HardFault_Handler
 .text.MemManage_Handler
                0x0800173c        0x8 CMakeFiles/firmware.dir/Core/Src/stm32f4xx_it.c.obj
                0x0800173c                MemManage_Handler
 .text.BusFault_Handler
                0x08001744        0x8 CMakeFiles/firmware.dir/Core/Src/stm32f4xx_it.c.obj
                0x08001744                BusFault_Handler
 .text.UsageFault_Handler
                0x0800174c        0x8 CMakeFiles/firmware.dir/Core/Src/stm32f4xx_it.c.obj
                0x0800174c                UsageFault_Handler
 .text.SVC_Handler
                0x08001754        0xe CMakeFiles/firmware.dir/Core/Src/stm32f4xx_it.c.obj
                0x08001754                SVC_Handler
 .text.DebugMon_Handler
                0x08001762        0xe CMakeFiles/firmware.dir/Core/Src/stm32f4xx_it.c.obj
                0x08001762                DebugMon_Handler
 .text.PendSV_Handler
                0x08001770        0xe CMakeFiles/firmware.dir/Core/Src/stm32f4xx_it.c.obj
                0x08001770                PendSV_Handler
 .text.SysTick_Handler
                0x0800177e        0xc CMakeFiles/firmware.dir/Core/Src/stm32f4xx_it.c.obj
                0x0800177e                SysTick_Handler
 *fill*         0x0800178a        0x2 
 .text.DMA1_Stream5_IRQHandler
                0x0800178c       0x14 CMakeFiles/firmware.dir/Core/Src/stm32f4xx_it.c.obj
                0x0800178c                DMA1_Stream5_IRQHandler
 .text.TIM2_IRQHandler
                0x080017a0       0x14 CMakeFiles/firmware.dir/Core/Src/stm32f4xx_it.c.obj
                0x080017a0                TIM2_IRQHandler
 .text.OTG_FS_IRQHandler
                0x080017b4       0x14 CMakeFiles/firmware.dir/Core/Src/stm32f4xx_it.c.obj
                0x080017b4                OTG_FS_IRQHandler
 .text.HAL_MspInit
                0x080017c8       0x50 CMakeFiles/firmware.dir/Core/Src/stm32f4xx_hal_msp.c.obj
                0x080017c8                HAL_MspInit
 .text.Reset_Handler
                0x08001818       0x50 CMakeFiles/firmware.dir/startup_stm32f446xx.s.obj
                0x08001818                Reset_Handler
 .text.Default_Handler
                0x08001868        0x2 CMakeFiles/firmware.dir/startup_stm32f446xx.s.obj
                0x08001868                RTC_Alarm_IRQHandler
                0x08001868                EXTI2_IRQHandler
                0x08001868                TIM8_CC_IRQHandler
                0x08001868                FMPI2C1_EV_IRQHandler
                0x08001868                SPI4_IRQHandler
                0x08001868                TIM1_CC_IRQHandler
                0x08001868                DMA2_Stream5_IRQHandler
                0x08001868                PVD_IRQHandler
                0x08001868                SDIO_IRQHandler
                0x08001868                TAMP_STAMP_IRQHandler
                0x08001868                CAN2_RX1_IRQHandler
                0x08001868                EXTI3_IRQHandler
                0x08001868                TIM8_TRG_COM_TIM14_IRQHandler
                0x08001868                TIM1_UP_TIM10_IRQHandler
                0x08001868                TIM8_UP_TIM13_IRQHandler
                0x08001868                I2C3_ER_IRQHandler
                0x08001868                EXTI0_IRQHandler
                0x08001868                I2C2_EV_IRQHandler
                0x08001868                DMA1_Stream2_IRQHandler
                0x08001868                CAN1_RX0_IRQHandler
                0x08001868                FPU_IRQHandler
                0x08001868                OTG_HS_WKUP_IRQHandler
                0x08001868                CAN2_SCE_IRQHandler
                0x08001868                DMA2_Stream2_IRQHandler
                0x08001868                SPI1_IRQHandler
                0x08001868                TIM6_DAC_IRQHandler
                0x08001868                TIM1_BRK_TIM9_IRQHandler
                0x08001868                DCMI_IRQHandler
                0x08001868                CAN2_RX0_IRQHandler
                0x08001868                DMA2_Stream3_IRQHandler
                0x08001868                SAI2_IRQHandler
                0x08001868                USART6_IRQHandler
                0x08001868                USART3_IRQHandler
                0x08001868                CAN1_RX1_IRQHandler
                0x08001868                UART5_IRQHandler
                0x08001868                DMA2_Stream0_IRQHandler
                0x08001868                TIM4_IRQHandler
                0x08001868                QUADSPI_IRQHandler
                0x08001868                I2C1_EV_IRQHandler
                0x08001868                DMA1_Stream6_IRQHandler
                0x08001868                DMA1_Stream1_IRQHandler
                0x08001868                UART4_IRQHandler
                0x08001868                TIM3_IRQHandler
                0x08001868                RCC_IRQHandler
                0x08001868                TIM8_BRK_TIM12_IRQHandler
                0x08001868                Default_Handler
                0x08001868                CEC_IRQHandler
                0x08001868                EXTI15_10_IRQHandler
                0x08001868                ADC_IRQHandler
                0x08001868                DMA1_Stream7_IRQHandler
                0x08001868                TIM7_IRQHandler
                0x08001868                CAN2_TX_IRQHandler
                0x08001868                TIM5_IRQHandler
                0x08001868                DMA2_Stream7_IRQHandler
                0x08001868                I2C3_EV_IRQHandler
                0x08001868                EXTI9_5_IRQHandler
                0x08001868                RTC_WKUP_IRQHandler
                0x08001868                SPDIF_RX_IRQHandler
                0x08001868                SPI2_IRQHandler
                0x08001868                OTG_HS_EP1_IN_IRQHandler
                0x08001868                DMA1_Stream0_IRQHandler
                0x08001868                CAN1_TX_IRQHandler
                0x08001868                FMPI2C1_ER_IRQHandler
                0x08001868                EXTI4_IRQHandler
                0x08001868                OTG_HS_EP1_OUT_IRQHandler
                0x08001868                WWDG_IRQHandler
                0x08001868                OTG_FS_WKUP_IRQHandler
                0x08001868                TIM1_TRG_COM_TIM11_IRQHandler
                0x08001868                OTG_HS_IRQHandler
                0x08001868                EXTI1_IRQHandler
                0x08001868                USART2_IRQHandler
                0x08001868                I2C2_ER_IRQHandler
                0x08001868                DMA2_Stream1_IRQHandler
                0x08001868                CAN1_SCE_IRQHandler
                0x08001868                FLASH_IRQHandler
                0x08001868                DMA2_Stream4_IRQHandler
                0x08001868                USART1_IRQHandler
                0x08001868                SPI3_IRQHandler
                0x08001868                DMA1_Stream4_IRQHandler
                0x08001868                I2C1_ER_IRQHandler
                0x08001868                FMC_IRQHandler
                0x08001868                DMA2_Stream6_IRQHandler
                0x08001868                SAI1_IRQHandler
                0x08001868                DMA1_Stream3_IRQHandler
 .text._Z4initv
                0x0800186a        0xe CMakeFiles/firmware.dir/__/src/core.cpp.obj
                0x0800186a                init()
 .text._Z6updatev
                0x08001878        0xe CMakeFiles/firmware.dir/__/src/core.cpp.obj
                0x08001878                update()
 *fill*         0x08001886        0x2 
 .text.SystemInit
                0x08001888       0x24 cmake/stm32cubemx/CMakeFiles/STM32_Drivers.dir/__/__/Core/Src/system_stm32f4xx.c.obj
                0x08001888                SystemInit
 .text.HAL_PCD_Init
                0x080018ac      0x22c cmake/stm32cubemx/CMakeFiles/STM32_Drivers.dir/__/__/Drivers/STM32F4xx_HAL_Driver/Src/stm32f4xx_hal_pcd.c.obj
                0x080018ac                HAL_PCD_Init
 .text.HAL_PCD_Start
                0x08001ad8       0x6a cmake/stm32cubemx/CMakeFiles/STM32_Drivers.dir/__/__/Drivers/STM32F4xx_HAL_Driver/Src/stm32f4xx_hal_pcd.c.obj
                0x08001ad8                HAL_PCD_Start
 .text.HAL_PCD_IRQHandler
                0x08001b42      0x99c cmake/stm32cubemx/CMakeFiles/STM32_Drivers.dir/__/__/Drivers/STM32F4xx_HAL_Driver/Src/stm32f4xx_hal_pcd.c.obj
                0x08001b42                HAL_PCD_IRQHandler
 .text.HAL_PCD_SetAddress
                0x080024de       0x48 cmake/stm32cubemx/CMakeFiles/STM32_Drivers.dir/__/__/Drivers/STM32F4xx_HAL_Driver/Src/stm32f4xx_hal_pcd.c.obj
                0x080024de                HAL_PCD_SetAddress
 .text.HAL_PCD_EP_Open
                0x08002526       0xd4 cmake/stm32cubemx/CMakeFiles/STM32_Drivers.dir/__/__/Drivers/STM32F4xx_HAL_Driver/Src/stm32f4xx_hal_pcd.c.obj
                0x08002526                HAL_PCD_EP_Open
 .text.HAL_PCD_EP_Close
                0x080025fa       0x94 cmake/stm32cubemx/CMakeFiles/STM32_Drivers.dir/__/__/Drivers/STM32F4xx_HAL_Driver/Src/stm32f4xx_hal_pcd.c.obj
                0x080025fa                HAL_PCD_EP_Close
 .text.HAL_PCD_EP_Receive
                0x0800268e       0x76 cmake/stm32cubemx/CMakeFiles/STM32_Drivers.dir/__/__/Drivers/STM32F4xx_HAL_Driver/Src/stm32f4xx_hal_pcd.c.obj
                0x0800268e                HAL_PCD_EP_Receive
 .text.HAL_PCD_EP_GetRxCount
                0x08002704       0x30 cmake/stm32cubemx/CMakeFiles/STM32_Drivers.dir/__/__/Drivers/STM32F4xx_HAL_Driver/Src/stm32f4xx_hal_pcd.c.obj
                0x08002704                HAL_PCD_EP_GetRxCount
 .text.HAL_PCD_EP_Transmit
                0x08002734       0x74 cmake/stm32cubemx/CMakeFiles/STM32_Drivers.dir/__/__/Drivers/STM32F4xx_HAL_Driver/Src/stm32f4xx_hal_pcd.c.obj
                0x08002734                HAL_PCD_EP_Transmit
 .text.HAL_PCD_EP_SetStall
                0x080027a8       0xc6 cmake/stm32cubemx/CMakeFiles/STM32_Drivers.dir/__/__/Drivers/STM32F4xx_HAL_Driver/Src/stm32f4xx_hal_pcd.c.obj
                0x080027a8                HAL_PCD_EP_SetStall
 .text.HAL_PCD_EP_ClrStall
                0x0800286e       0xac cmake/stm32cubemx/CMakeFiles/STM32_Drivers.dir/__/__/Drivers/STM32F4xx_HAL_Driver/Src/stm32f4xx_hal_pcd.c.obj
                0x0800286e                HAL_PCD_EP_ClrStall
 .text.HAL_PCD_EP_Abort
                0x0800291a       0x62 cmake/stm32cubemx/CMakeFiles/STM32_Drivers.dir/__/__/Drivers/STM32F4xx_HAL_Driver/Src/stm32f4xx_hal_pcd.c.obj
                0x0800291a                HAL_PCD_EP_Abort
 .text.PCD_WriteEmptyTxFifo
                0x0800297c      0x118 cmake/stm32cubemx/CMakeFiles/STM32_Drivers.dir/__/__/Drivers/STM32F4xx_HAL_Driver/Src/stm32f4xx_hal_pcd.c.obj
 .text.PCD_EP_OutXfrComplete_int
                0x08002a94      0x1d0 cmake/stm32cubemx/CMakeFiles/STM32_Drivers.dir/__/__/Drivers/STM32F4xx_HAL_Driver/Src/stm32f4xx_hal_pcd.c.obj
 .text.PCD_EP_OutSetupPacket_int
                0x08002c64       0x8c cmake/stm32cubemx/CMakeFiles/STM32_Drivers.dir/__/__/Drivers/STM32F4xx_HAL_Driver/Src/stm32f4xx_hal_pcd.c.obj
 .text.HAL_PCDEx_SetTxFiFo
                0x08002cf0       0x8e cmake/stm32cubemx/CMakeFiles/STM32_Drivers.dir/__/__/Drivers/STM32F4xx_HAL_Driver/Src/stm32f4xx_hal_pcd_ex.c.obj
                0x08002cf0                HAL_PCDEx_SetTxFiFo
 .text.HAL_PCDEx_SetRxFiFo
                0x08002d7e       0x22 cmake/stm32cubemx/CMakeFiles/STM32_Drivers.dir/__/__/Drivers/STM32F4xx_HAL_Driver/Src/stm32f4xx_hal_pcd_ex.c.obj
                0x08002d7e                HAL_PCDEx_SetRxFiFo
 .text.HAL_PCDEx_ActivateLPM
                0x08002da0       0x48 cmake/stm32cubemx/CMakeFiles/STM32_Drivers.dir/__/__/Drivers/STM32F4xx_HAL_Driver/Src/stm32f4xx_hal_pcd_ex.c.obj
                0x08002da0                HAL_PCDEx_ActivateLPM
 .text.USB_CoreInit
                0x08002de8       0xc8 cmake/stm32cubemx/CMakeFiles/STM32_Drivers.dir/__/__/Drivers/STM32F4xx_HAL_Driver/Src/stm32f4xx_ll_usb.c.obj
                0x08002de8                USB_CoreInit
 .text.USB_SetTurnaroundTime
                0x08002eb0      0x144 cmake/stm32cubemx/CMakeFiles/STM32_Drivers.dir/__/__/Drivers/STM32F4xx_HAL_Driver/Src/stm32f4xx_ll_usb.c.obj
                0x08002eb0                USB_SetTurnaroundTime
 .text.USB_EnableGlobalInt
                0x08002ff4       0x22 cmake/stm32cubemx/CMakeFiles/STM32_Drivers.dir/__/__/Drivers/STM32F4xx_HAL_Driver/Src/stm32f4xx_ll_usb.c.obj
                0x08002ff4                USB_EnableGlobalInt
 .text.USB_DisableGlobalInt
                0x08003016       0x22 cmake/stm32cubemx/CMakeFiles/STM32_Drivers.dir/__/__/Drivers/STM32F4xx_HAL_Driver/Src/stm32f4xx_ll_usb.c.obj
                0x08003016                USB_DisableGlobalInt
 .text.USB_SetCurrentMode
                0x08003038       0x98 cmake/stm32cubemx/CMakeFiles/STM32_Drivers.dir/__/__/Drivers/STM32F4xx_HAL_Driver/Src/stm32f4xx_ll_usb.c.obj
                0x08003038                USB_SetCurrentMode
 .text.USB_DevInit
                0x080030d0      0x2bc cmake/stm32cubemx/CMakeFiles/STM32_Drivers.dir/__/__/Drivers/STM32F4xx_HAL_Driver/Src/stm32f4xx_ll_usb.c.obj
                0x080030d0                USB_DevInit
 .text.USB_FlushTxFifo
                0x0800338c       0x64 cmake/stm32cubemx/CMakeFiles/STM32_Drivers.dir/__/__/Drivers/STM32F4xx_HAL_Driver/Src/stm32f4xx_ll_usb.c.obj
                0x0800338c                USB_FlushTxFifo
 .text.USB_FlushRxFifo
                0x080033f0       0x5c cmake/stm32cubemx/CMakeFiles/STM32_Drivers.dir/__/__/Drivers/STM32F4xx_HAL_Driver/Src/stm32f4xx_ll_usb.c.obj
                0x080033f0                USB_FlushRxFifo
 .text.USB_SetDevSpeed
                0x0800344c       0x32 cmake/stm32cubemx/CMakeFiles/STM32_Drivers.dir/__/__/Drivers/STM32F4xx_HAL_Driver/Src/stm32f4xx_ll_usb.c.obj
                0x0800344c                USB_SetDevSpeed
 .text.USB_GetDevSpeed
                0x0800347e       0x4a cmake/stm32cubemx/CMakeFiles/STM32_Drivers.dir/__/__/Drivers/STM32F4xx_HAL_Driver/Src/stm32f4xx_ll_usb.c.obj
                0x0800347e                USB_GetDevSpeed
 .text.USB_ActivateEndpoint
                0x080034c8      0x10e cmake/stm32cubemx/CMakeFiles/STM32_Drivers.dir/__/__/Drivers/STM32F4xx_HAL_Driver/Src/stm32f4xx_ll_usb.c.obj
                0x080034c8                USB_ActivateEndpoint
 *fill*         0x080035d6        0x2 
 .text.USB_DeactivateEndpoint
                0x080035d8      0x1b8 cmake/stm32cubemx/CMakeFiles/STM32_Drivers.dir/__/__/Drivers/STM32F4xx_HAL_Driver/Src/stm32f4xx_ll_usb.c.obj
                0x080035d8                USB_DeactivateEndpoint
 .text.USB_EPStartXfer
                0x08003790      0x53c cmake/stm32cubemx/CMakeFiles/STM32_Drivers.dir/__/__/Drivers/STM32F4xx_HAL_Driver/Src/stm32f4xx_ll_usb.c.obj
                0x08003790                USB_EPStartXfer
 .text.USB_EPStopXfer
                0x08003ccc      0x154 cmake/stm32cubemx/CMakeFiles/STM32_Drivers.dir/__/__/Drivers/STM32F4xx_HAL_Driver/Src/stm32f4xx_ll_usb.c.obj
                0x08003ccc                USB_EPStopXfer
 .text.USB_WritePacket
                0x08003e20       0x7c cmake/stm32cubemx/CMakeFiles/STM32_Drivers.dir/__/__/Drivers/STM32F4xx_HAL_Driver/Src/stm32f4xx_ll_usb.c.obj
                0x08003e20                USB_WritePacket
 .text.USB_ReadPacket
                0x08003e9c       0xb0 cmake/stm32cubemx/CMakeFiles/STM32_Drivers.dir/__/__/Drivers/STM32F4xx_HAL_Driver/Src/stm32f4xx_ll_usb.c.obj
                0x08003e9c                USB_ReadPacket
 .text.USB_EPSetStall
                0x08003f4c       0xdc cmake/stm32cubemx/CMakeFiles/STM32_Drivers.dir/__/__/Drivers/STM32F4xx_HAL_Driver/Src/stm32f4xx_ll_usb.c.obj
                0x08003f4c                USB_EPSetStall
 .text.USB_EPClearStall
                0x08004028       0xcc cmake/stm32cubemx/CMakeFiles/STM32_Drivers.dir/__/__/Drivers/STM32F4xx_HAL_Driver/Src/stm32f4xx_ll_usb.c.obj
                0x08004028                USB_EPClearStall
 .text.USB_SetDevAddress
                0x080040f4       0x4c cmake/stm32cubemx/CMakeFiles/STM32_Drivers.dir/__/__/Drivers/STM32F4xx_HAL_Driver/Src/stm32f4xx_ll_usb.c.obj
                0x080040f4                USB_SetDevAddress
 .text.USB_DevConnect
                0x08004140       0x42 cmake/stm32cubemx/CMakeFiles/STM32_Drivers.dir/__/__/Drivers/STM32F4xx_HAL_Driver/Src/stm32f4xx_ll_usb.c.obj
                0x08004140                USB_DevConnect
 .text.USB_DevDisconnect
                0x08004182       0x42 cmake/stm32cubemx/CMakeFiles/STM32_Drivers.dir/__/__/Drivers/STM32F4xx_HAL_Driver/Src/stm32f4xx_ll_usb.c.obj
                0x08004182                USB_DevDisconnect
 .text.USB_ReadInterrupts
                0x080041c4       0x26 cmake/stm32cubemx/CMakeFiles/STM32_Drivers.dir/__/__/Drivers/STM32F4xx_HAL_Driver/Src/stm32f4xx_ll_usb.c.obj
                0x080041c4                USB_ReadInterrupts
 .text.USB_ReadDevAllOutEpInterrupt
                0x080041ea       0x34 cmake/stm32cubemx/CMakeFiles/STM32_Drivers.dir/__/__/Drivers/STM32F4xx_HAL_Driver/Src/stm32f4xx_ll_usb.c.obj
                0x080041ea                USB_ReadDevAllOutEpInterrupt
 .text.USB_ReadDevAllInEpInterrupt
                0x0800421e       0x34 cmake/stm32cubemx/CMakeFiles/STM32_Drivers.dir/__/__/Drivers/STM32F4xx_HAL_Driver/Src/stm32f4xx_ll_usb.c.obj
                0x0800421e                USB_ReadDevAllInEpInterrupt
 .text.USB_ReadDevOutEPInterrupt
                0x08004252       0x3c cmake/stm32cubemx/CMakeFiles/STM32_Drivers.dir/__/__/Drivers/STM32F4xx_HAL_Driver/Src/stm32f4xx_ll_usb.c.obj
                0x08004252                USB_ReadDevOutEPInterrupt
 .text.USB_ReadDevInEPInterrupt
                0x0800428e       0x5c cmake/stm32cubemx/CMakeFiles/STM32_Drivers.dir/__/__/Drivers/STM32F4xx_HAL_Driver/Src/stm32f4xx_ll_usb.c.obj
                0x0800428e                USB_ReadDevInEPInterrupt
 .text.USB_GetMode
                0x080042ea       0x1c cmake/stm32cubemx/CMakeFiles/STM32_Drivers.dir/__/__/Drivers/STM32F4xx_HAL_Driver/Src/stm32f4xx_ll_usb.c.obj
                0x080042ea                USB_GetMode
 .text.USB_ActivateSetup
                0x08004306       0x46 cmake/stm32cubemx/CMakeFiles/STM32_Drivers.dir/__/__/Drivers/STM32F4xx_HAL_Driver/Src/stm32f4xx_ll_usb.c.obj
                0x08004306                USB_ActivateSetup
 .text.USB_EP0_OutStart
                0x0800434c       0xbc cmake/stm32cubemx/CMakeFiles/STM32_Drivers.dir/__/__/Drivers/STM32F4xx_HAL_Driver/Src/stm32f4xx_ll_usb.c.obj
                0x0800434c                USB_EP0_OutStart
 .text.USB_CoreReset
                0x08004408       0x70 cmake/stm32cubemx/CMakeFiles/STM32_Drivers.dir/__/__/Drivers/STM32F4xx_HAL_Driver/Src/stm32f4xx_ll_usb.c.obj
 .text.HAL_RCC_ClockConfig
                0x08004478      0x1cc cmake/stm32cubemx/CMakeFiles/STM32_Drivers.dir/__/__/Drivers/STM32F4xx_HAL_Driver/Src/stm32f4xx_hal_rcc.c.obj
                0x08004478                HAL_RCC_ClockConfig
 .text.HAL_RCC_GetHCLKFreq
                0x08004644       0x18 cmake/stm32cubemx/CMakeFiles/STM32_Drivers.dir/__/__/Drivers/STM32F4xx_HAL_Driver/Src/stm32f4xx_hal_rcc.c.obj
                0x08004644                HAL_RCC_GetHCLKFreq
 .text.HAL_RCCEx_PeriphCLKConfig
                0x0800465c      0x654 cmake/stm32cubemx/CMakeFiles/STM32_Drivers.dir/__/__/Drivers/STM32F4xx_HAL_Driver/Src/stm32f4xx_hal_rcc_ex.c.obj
                0x0800465c                HAL_RCCEx_PeriphCLKConfig
 .text.HAL_RCC_GetSysClockFreq
                0x08004cb0      0x45c cmake/stm32cubemx/CMakeFiles/STM32_Drivers.dir/__/__/Drivers/STM32F4xx_HAL_Driver/Src/stm32f4xx_hal_rcc_ex.c.obj
                0x08004cb0                HAL_RCC_GetSysClockFreq
 .text.HAL_RCC_OscConfig
                0x0800510c      0x53c cmake/stm32cubemx/CMakeFiles/STM32_Drivers.dir/__/__/Drivers/STM32F4xx_HAL_Driver/Src/stm32f4xx_hal_rcc_ex.c.obj
                0x0800510c                HAL_RCC_OscConfig
 .text.HAL_GPIO_Init
                0x08005648      0x328 cmake/stm32cubemx/CMakeFiles/STM32_Drivers.dir/__/__/Drivers/STM32F4xx_HAL_Driver/Src/stm32f4xx_hal_gpio.c.obj
                0x08005648                HAL_GPIO_Init
 .text.HAL_GPIO_WritePin
                0x08005970       0x32 cmake/stm32cubemx/CMakeFiles/STM32_Drivers.dir/__/__/Drivers/STM32F4xx_HAL_Driver/Src/stm32f4xx_hal_gpio.c.obj
                0x08005970                HAL_GPIO_WritePin
 *fill*         0x080059a2        0x2 
 .text.HAL_DMA_Init
                0x080059a4      0x15c cmake/stm32cubemx/CMakeFiles/STM32_Drivers.dir/__/__/Drivers/STM32F4xx_HAL_Driver/Src/stm32f4xx_hal_dma.c.obj
                0x080059a4                HAL_DMA_Init
 .text.HAL_DMA_IRQHandler
                0x08005b00      0x314 cmake/stm32cubemx/CMakeFiles/STM32_Drivers.dir/__/__/Drivers/STM32F4xx_HAL_Driver/Src/stm32f4xx_hal_dma.c.obj
                0x08005b00                HAL_DMA_IRQHandler
 .text.DMA_CalcBaseAndBitshift
                0x08005e14       0x6c cmake/stm32cubemx/CMakeFiles/STM32_Drivers.dir/__/__/Drivers/STM32F4xx_HAL_Driver/Src/stm32f4xx_hal_dma.c.obj
 .text.DMA_CheckFifoParam
                0x08005e80       0xf8 cmake/stm32cubemx/CMakeFiles/STM32_Drivers.dir/__/__/Drivers/STM32F4xx_HAL_Driver/Src/stm32f4xx_hal_dma.c.obj
 .text.__NVIC_SetPriorityGrouping
                0x08005f78       0x48 cmake/stm32cubemx/CMakeFiles/STM32_Drivers.dir/__/__/Drivers/STM32F4xx_HAL_Driver/Src/stm32f4xx_hal_cortex.c.obj
 .text.__NVIC_GetPriorityGrouping
                0x08005fc0       0x1c cmake/stm32cubemx/CMakeFiles/STM32_Drivers.dir/__/__/Drivers/STM32F4xx_HAL_Driver/Src/stm32f4xx_hal_cortex.c.obj
 .text.__NVIC_EnableIRQ
                0x08005fdc       0x3c cmake/stm32cubemx/CMakeFiles/STM32_Drivers.dir/__/__/Drivers/STM32F4xx_HAL_Driver/Src/stm32f4xx_hal_cortex.c.obj
 .text.__NVIC_SetPriority
                0x08006018       0x54 cmake/stm32cubemx/CMakeFiles/STM32_Drivers.dir/__/__/Drivers/STM32F4xx_HAL_Driver/Src/stm32f4xx_hal_cortex.c.obj
 .text.NVIC_EncodePriority
                0x0800606c       0x66 cmake/stm32cubemx/CMakeFiles/STM32_Drivers.dir/__/__/Drivers/STM32F4xx_HAL_Driver/Src/stm32f4xx_hal_cortex.c.obj
 *fill*         0x080060d2        0x2 
 .text.SysTick_Config
                0x080060d4       0x44 cmake/stm32cubemx/CMakeFiles/STM32_Drivers.dir/__/__/Drivers/STM32F4xx_HAL_Driver/Src/stm32f4xx_hal_cortex.c.obj
 .text.HAL_NVIC_SetPriorityGrouping
                0x08006118       0x16 cmake/stm32cubemx/CMakeFiles/STM32_Drivers.dir/__/__/Drivers/STM32F4xx_HAL_Driver/Src/stm32f4xx_hal_cortex.c.obj
                0x08006118                HAL_NVIC_SetPriorityGrouping
 .text.HAL_NVIC_SetPriority
                0x0800612e       0x38 cmake/stm32cubemx/CMakeFiles/STM32_Drivers.dir/__/__/Drivers/STM32F4xx_HAL_Driver/Src/stm32f4xx_hal_cortex.c.obj
                0x0800612e                HAL_NVIC_SetPriority
 .text.HAL_NVIC_EnableIRQ
                0x08006166       0x1c cmake/stm32cubemx/CMakeFiles/STM32_Drivers.dir/__/__/Drivers/STM32F4xx_HAL_Driver/Src/stm32f4xx_hal_cortex.c.obj
                0x08006166                HAL_NVIC_EnableIRQ
 .text.HAL_SYSTICK_Config
                0x08006182       0x18 cmake/stm32cubemx/CMakeFiles/STM32_Drivers.dir/__/__/Drivers/STM32F4xx_HAL_Driver/Src/stm32f4xx_hal_cortex.c.obj
                0x08006182                HAL_SYSTICK_Config
 *fill*         0x0800619a        0x2 
 .text.HAL_Init
                0x0800619c       0x44 cmake/stm32cubemx/CMakeFiles/STM32_Drivers.dir/__/__/Drivers/STM32F4xx_HAL_Driver/Src/stm32f4xx_hal.c.obj
                0x0800619c                HAL_Init
 .text.HAL_InitTick
                0x080061e0       0x60 cmake/stm32cubemx/CMakeFiles/STM32_Drivers.dir/__/__/Drivers/STM32F4xx_HAL_Driver/Src/stm32f4xx_hal.c.obj
                0x080061e0                HAL_InitTick
 .text.HAL_IncTick
                0x08006240       0x28 cmake/stm32cubemx/CMakeFiles/STM32_Drivers.dir/__/__/Drivers/STM32F4xx_HAL_Driver/Src/stm32f4xx_hal.c.obj
                0x08006240                HAL_IncTick
 .text.HAL_GetTick
                0x08006268       0x18 cmake/stm32cubemx/CMakeFiles/STM32_Drivers.dir/__/__/Drivers/STM32F4xx_HAL_Driver/Src/stm32f4xx_hal.c.obj
                0x08006268                HAL_GetTick
 .text.HAL_Delay
                0x08006280       0x48 cmake/stm32cubemx/CMakeFiles/STM32_Drivers.dir/__/__/Drivers/STM32F4xx_HAL_Driver/Src/stm32f4xx_hal.c.obj
                0x08006280                HAL_Delay
 .text.HAL_TIM_Base_Init
                0x080062c8       0x9e cmake/stm32cubemx/CMakeFiles/STM32_Drivers.dir/__/__/Drivers/STM32F4xx_HAL_Driver/Src/stm32f4xx_hal_tim.c.obj
                0x080062c8                HAL_TIM_Base_Init
 .text.HAL_TIM_PWM_Init
                0x08006366       0x9e cmake/stm32cubemx/CMakeFiles/STM32_Drivers.dir/__/__/Drivers/STM32F4xx_HAL_Driver/Src/stm32f4xx_hal_tim.c.obj
                0x08006366                HAL_TIM_PWM_Init
 .text.HAL_TIM_PWM_MspInit
                0x08006404       0x14 cmake/stm32cubemx/CMakeFiles/STM32_Drivers.dir/__/__/Drivers/STM32F4xx_HAL_Driver/Src/stm32f4xx_hal_tim.c.obj
                0x08006404                HAL_TIM_PWM_MspInit
 .text.HAL_TIM_IRQHandler
                0x08006418      0x1e0 cmake/stm32cubemx/CMakeFiles/STM32_Drivers.dir/__/__/Drivers/STM32F4xx_HAL_Driver/Src/stm32f4xx_hal_tim.c.obj
                0x08006418                HAL_TIM_IRQHandler
 .text.HAL_TIM_PWM_ConfigChannel
                0x080065f8      0x184 cmake/stm32cubemx/CMakeFiles/STM32_Drivers.dir/__/__/Drivers/STM32F4xx_HAL_Driver/Src/stm32f4xx_hal_tim.c.obj
                0x080065f8                HAL_TIM_PWM_ConfigChannel
 .text.HAL_TIM_ConfigClockSource
                0x0800677c      0x18e cmake/stm32cubemx/CMakeFiles/STM32_Drivers.dir/__/__/Drivers/STM32F4xx_HAL_Driver/Src/stm32f4xx_hal_tim.c.obj
                0x0800677c                HAL_TIM_ConfigClockSource
 .text.HAL_TIM_PeriodElapsedCallback
                0x0800690a       0x14 cmake/stm32cubemx/CMakeFiles/STM32_Drivers.dir/__/__/Drivers/STM32F4xx_HAL_Driver/Src/stm32f4xx_hal_tim.c.obj
                0x0800690a                HAL_TIM_PeriodElapsedCallback
 .text.HAL_TIM_OC_DelayElapsedCallback
                0x0800691e       0x14 cmake/stm32cubemx/CMakeFiles/STM32_Drivers.dir/__/__/Drivers/STM32F4xx_HAL_Driver/Src/stm32f4xx_hal_tim.c.obj
                0x0800691e                HAL_TIM_OC_DelayElapsedCallback
 .text.HAL_TIM_IC_CaptureCallback
                0x08006932       0x14 cmake/stm32cubemx/CMakeFiles/STM32_Drivers.dir/__/__/Drivers/STM32F4xx_HAL_Driver/Src/stm32f4xx_hal_tim.c.obj
                0x08006932                HAL_TIM_IC_CaptureCallback
 .text.HAL_TIM_PWM_PulseFinishedCallback
                0x08006946       0x14 cmake/stm32cubemx/CMakeFiles/STM32_Drivers.dir/__/__/Drivers/STM32F4xx_HAL_Driver/Src/stm32f4xx_hal_tim.c.obj
                0x08006946                HAL_TIM_PWM_PulseFinishedCallback
 .text.HAL_TIM_TriggerCallback
                0x0800695a       0x14 cmake/stm32cubemx/CMakeFiles/STM32_Drivers.dir/__/__/Drivers/STM32F4xx_HAL_Driver/Src/stm32f4xx_hal_tim.c.obj
                0x0800695a                HAL_TIM_TriggerCallback
 *fill*         0x0800696e        0x2 
 .text.TIM_Base_SetConfig
                0x08006970      0x14c cmake/stm32cubemx/CMakeFiles/STM32_Drivers.dir/__/__/Drivers/STM32F4xx_HAL_Driver/Src/stm32f4xx_hal_tim.c.obj
                0x08006970                TIM_Base_SetConfig
 .text.TIM_OC1_SetConfig
                0x08006abc       0xe0 cmake/stm32cubemx/CMakeFiles/STM32_Drivers.dir/__/__/Drivers/STM32F4xx_HAL_Driver/Src/stm32f4xx_hal_tim.c.obj
 .text.TIM_OC2_SetConfig
                0x08006b9c       0xec cmake/stm32cubemx/CMakeFiles/STM32_Drivers.dir/__/__/Drivers/STM32F4xx_HAL_Driver/Src/stm32f4xx_hal_tim.c.obj
                0x08006b9c                TIM_OC2_SetConfig
 .text.TIM_OC3_SetConfig
                0x08006c88       0xe8 cmake/stm32cubemx/CMakeFiles/STM32_Drivers.dir/__/__/Drivers/STM32F4xx_HAL_Driver/Src/stm32f4xx_hal_tim.c.obj
 .text.TIM_OC4_SetConfig
                0x08006d70       0xac cmake/stm32cubemx/CMakeFiles/STM32_Drivers.dir/__/__/Drivers/STM32F4xx_HAL_Driver/Src/stm32f4xx_hal_tim.c.obj
 .text.TIM_TI1_ConfigInputStage
                0x08006e1c       0x5e cmake/stm32cubemx/CMakeFiles/STM32_Drivers.dir/__/__/Drivers/STM32F4xx_HAL_Driver/Src/stm32f4xx_hal_tim.c.obj
 .text.TIM_TI2_ConfigInputStage
                0x08006e7a       0x60 cmake/stm32cubemx/CMakeFiles/STM32_Drivers.dir/__/__/Drivers/STM32F4xx_HAL_Driver/Src/stm32f4xx_hal_tim.c.obj
 .text.TIM_ITRx_SetConfig
                0x08006eda       0x36 cmake/stm32cubemx/CMakeFiles/STM32_Drivers.dir/__/__/Drivers/STM32F4xx_HAL_Driver/Src/stm32f4xx_hal_tim.c.obj
 .text.TIM_ETR_SetConfig
                0x08006f10       0x40 cmake/stm32cubemx/CMakeFiles/STM32_Drivers.dir/__/__/Drivers/STM32F4xx_HAL_Driver/Src/stm32f4xx_hal_tim.c.obj
                0x08006f10                TIM_ETR_SetConfig
 .text.HAL_TIMEx_MasterConfigSynchronization
                0x08006f50       0xf8 cmake/stm32cubemx/CMakeFiles/STM32_Drivers.dir/__/__/Drivers/STM32F4xx_HAL_Driver/Src/stm32f4xx_hal_tim_ex.c.obj
                0x08006f50                HAL_TIMEx_MasterConfigSynchronization
 .text.HAL_TIMEx_CommutCallback
                0x08007048       0x14 cmake/stm32cubemx/CMakeFiles/STM32_Drivers.dir/__/__/Drivers/STM32F4xx_HAL_Driver/Src/stm32f4xx_hal_tim_ex.c.obj
                0x08007048                HAL_TIMEx_CommutCallback
 .text.HAL_TIMEx_BreakCallback
                0x0800705c       0x14 cmake/stm32cubemx/CMakeFiles/STM32_Drivers.dir/__/__/Drivers/STM32F4xx_HAL_Driver/Src/stm32f4xx_hal_tim_ex.c.obj
                0x0800705c                HAL_TIMEx_BreakCallback
 .text.USBD_Init
                0x08007070       0x60 cmake/stm32cubemx/CMakeFiles/USB_Device_Library.dir/__/__/Middlewares/ST/STM32_USB_Device_Library/Core/Src/usbd_core.c.obj
                0x08007070                USBD_Init
 .text.USBD_RegisterClass
                0x080070d0       0x6c cmake/stm32cubemx/CMakeFiles/USB_Device_Library.dir/__/__/Middlewares/ST/STM32_USB_Device_Library/Core/Src/usbd_core.c.obj
                0x080070d0                USBD_RegisterClass
 .text.USBD_Start
                0x0800713c       0x18 cmake/stm32cubemx/CMakeFiles/USB_Device_Library.dir/__/__/Middlewares/ST/STM32_USB_Device_Library/Core/Src/usbd_core.c.obj
                0x0800713c                USBD_Start
 .text.USBD_RunTestMode
                0x08007154       0x16 cmake/stm32cubemx/CMakeFiles/USB_Device_Library.dir/__/__/Middlewares/ST/STM32_USB_Device_Library/Core/Src/usbd_core.c.obj
                0x08007154                USBD_RunTestMode
 .text.USBD_SetClassConfig
                0x0800716a       0x38 cmake/stm32cubemx/CMakeFiles/USB_Device_Library.dir/__/__/Middlewares/ST/STM32_USB_Device_Library/Core/Src/usbd_core.c.obj
                0x0800716a                USBD_SetClassConfig
 .text.USBD_ClrClassConfig
                0x080071a2       0x34 cmake/stm32cubemx/CMakeFiles/USB_Device_Library.dir/__/__/Middlewares/ST/STM32_USB_Device_Library/Core/Src/usbd_core.c.obj
                0x080071a2                USBD_ClrClassConfig
 .text.USBD_LL_SetupStage
                0x080071d6       0xaa cmake/stm32cubemx/CMakeFiles/USB_Device_Library.dir/__/__/Middlewares/ST/STM32_USB_Device_Library/Core/Src/usbd_core.c.obj
                0x080071d6                USBD_LL_SetupStage
 .text.USBD_LL_DataOutStage
                0x08007280      0x178 cmake/stm32cubemx/CMakeFiles/USB_Device_Library.dir/__/__/Middlewares/ST/STM32_USB_Device_Library/Core/Src/usbd_core.c.obj
                0x08007280                USBD_LL_DataOutStage
 .text.USBD_LL_DataInStage
                0x080073f8      0x176 cmake/stm32cubemx/CMakeFiles/USB_Device_Library.dir/__/__/Middlewares/ST/STM32_USB_Device_Library/Core/Src/usbd_core.c.obj
                0x080073f8                USBD_LL_DataInStage
 .text.USBD_LL_Reset
                0x0800756e       0xa6 cmake/stm32cubemx/CMakeFiles/USB_Device_Library.dir/__/__/Middlewares/ST/STM32_USB_Device_Library/Core/Src/usbd_core.c.obj
                0x0800756e                USBD_LL_Reset
 .text.USBD_LL_SetSpeed
                0x08007614       0x20 cmake/stm32cubemx/CMakeFiles/USB_Device_Library.dir/__/__/Middlewares/ST/STM32_USB_Device_Library/Core/Src/usbd_core.c.obj
                0x08007614                USBD_LL_SetSpeed
 .text.USBD_LL_Suspend
                0x08007634       0x38 cmake/stm32cubemx/CMakeFiles/USB_Device_Library.dir/__/__/Middlewares/ST/STM32_USB_Device_Library/Core/Src/usbd_core.c.obj
                0x08007634                USBD_LL_Suspend
 .text.USBD_LL_Resume
                0x0800766c       0x30 cmake/stm32cubemx/CMakeFiles/USB_Device_Library.dir/__/__/Middlewares/ST/STM32_USB_Device_Library/Core/Src/usbd_core.c.obj
                0x0800766c                USBD_LL_Resume
 .text.USBD_LL_SOF
                0x0800769c       0x40 cmake/stm32cubemx/CMakeFiles/USB_Device_Library.dir/__/__/Middlewares/ST/STM32_USB_Device_Library/Core/Src/usbd_core.c.obj
                0x0800769c                USBD_LL_SOF
 .text.USBD_LL_IsoINIncomplete
                0x080076dc       0x64 cmake/stm32cubemx/CMakeFiles/USB_Device_Library.dir/__/__/Middlewares/ST/STM32_USB_Device_Library/Core/Src/usbd_core.c.obj
                0x080076dc                USBD_LL_IsoINIncomplete
 .text.USBD_LL_IsoOUTIncomplete
                0x08007740       0x64 cmake/stm32cubemx/CMakeFiles/USB_Device_Library.dir/__/__/Middlewares/ST/STM32_USB_Device_Library/Core/Src/usbd_core.c.obj
                0x08007740                USBD_LL_IsoOUTIncomplete
 .text.USBD_LL_DevConnected
                0x080077a4       0x16 cmake/stm32cubemx/CMakeFiles/USB_Device_Library.dir/__/__/Middlewares/ST/STM32_USB_Device_Library/Core/Src/usbd_core.c.obj
                0x080077a4                USBD_LL_DevConnected
 .text.USBD_LL_DevDisconnected
                0x080077ba       0x46 cmake/stm32cubemx/CMakeFiles/USB_Device_Library.dir/__/__/Middlewares/ST/STM32_USB_Device_Library/Core/Src/usbd_core.c.obj
                0x080077ba                USBD_LL_DevDisconnected
 .text.USBD_CoreFindIF
                0x08007800       0x1a cmake/stm32cubemx/CMakeFiles/USB_Device_Library.dir/__/__/Middlewares/ST/STM32_USB_Device_Library/Core/Src/usbd_core.c.obj
                0x08007800                USBD_CoreFindIF
 .text.USBD_CoreFindEP
                0x0800781a       0x1a cmake/stm32cubemx/CMakeFiles/USB_Device_Library.dir/__/__/Middlewares/ST/STM32_USB_Device_Library/Core/Src/usbd_core.c.obj
                0x0800781a                USBD_CoreFindEP
 .text.USBD_GetEpDesc
                0x08007834       0x70 cmake/stm32cubemx/CMakeFiles/USB_Device_Library.dir/__/__/Middlewares/ST/STM32_USB_Device_Library/Core/Src/usbd_core.c.obj
                0x08007834                USBD_GetEpDesc
 .text.USBD_GetNextDesc
                0x080078a4       0x38 cmake/stm32cubemx/CMakeFiles/USB_Device_Library.dir/__/__/Middlewares/ST/STM32_USB_Device_Library/Core/Src/usbd_core.c.obj
                0x080078a4                USBD_GetNextDesc
 .text.SWAPBYTE
                0x080078dc       0x3e cmake/stm32cubemx/CMakeFiles/USB_Device_Library.dir/__/__/Middlewares/ST/STM32_USB_Device_Library/Core/Src/usbd_ctlreq.c.obj
 *fill*         0x0800791a        0x2 
 .text.USBD_StdDevReq
                0x0800791c       0xe4 cmake/stm32cubemx/CMakeFiles/USB_Device_Library.dir/__/__/Middlewares/ST/STM32_USB_Device_Library/Core/Src/usbd_ctlreq.c.obj
                0x0800791c                USBD_StdDevReq
 .text.USBD_StdItfReq
                0x08007a00       0xd8 cmake/stm32cubemx/CMakeFiles/USB_Device_Library.dir/__/__/Middlewares/ST/STM32_USB_Device_Library/Core/Src/usbd_ctlreq.c.obj
                0x08007a00                USBD_StdItfReq
 .text.USBD_StdEPReq
                0x08007ad8      0x33e cmake/stm32cubemx/CMakeFiles/USB_Device_Library.dir/__/__/Middlewares/ST/STM32_USB_Device_Library/Core/Src/usbd_ctlreq.c.obj
                0x08007ad8                USBD_StdEPReq
 *fill*         0x08007e16        0x2 
 .text.USBD_GetDescriptor
                0x08007e18      0x328 cmake/stm32cubemx/CMakeFiles/USB_Device_Library.dir/__/__/Middlewares/ST/STM32_USB_Device_Library/Core/Src/usbd_ctlreq.c.obj
 .text.USBD_SetAddress
                0x08008140       0x88 cmake/stm32cubemx/CMakeFiles/USB_Device_Library.dir/__/__/Middlewares/ST/STM32_USB_Device_Library/Core/Src/usbd_ctlreq.c.obj
 .text.USBD_SetConfig
                0x080081c8      0x154 cmake/stm32cubemx/CMakeFiles/USB_Device_Library.dir/__/__/Middlewares/ST/STM32_USB_Device_Library/Core/Src/usbd_ctlreq.c.obj
 .text.USBD_GetConfig
                0x0800831c       0x6c cmake/stm32cubemx/CMakeFiles/USB_Device_Library.dir/__/__/Middlewares/ST/STM32_USB_Device_Library/Core/Src/usbd_ctlreq.c.obj
 .text.USBD_GetStatus
                0x08008388       0x68 cmake/stm32cubemx/CMakeFiles/USB_Device_Library.dir/__/__/Middlewares/ST/STM32_USB_Device_Library/Core/Src/usbd_ctlreq.c.obj
 .text.USBD_SetFeature
                0x080083f0       0x52 cmake/stm32cubemx/CMakeFiles/USB_Device_Library.dir/__/__/Middlewares/ST/STM32_USB_Device_Library/Core/Src/usbd_ctlreq.c.obj
 .text.USBD_ClrFeature
                0x08008442       0x44 cmake/stm32cubemx/CMakeFiles/USB_Device_Library.dir/__/__/Middlewares/ST/STM32_USB_Device_Library/Core/Src/usbd_ctlreq.c.obj
 .text.USBD_ParseSetupRequest
                0x08008486       0x74 cmake/stm32cubemx/CMakeFiles/USB_Device_Library.dir/__/__/Middlewares/ST/STM32_USB_Device_Library/Core/Src/usbd_ctlreq.c.obj
                0x08008486                USBD_ParseSetupRequest
 .text.USBD_CtlError
                0x080084fa       0x22 cmake/stm32cubemx/CMakeFiles/USB_Device_Library.dir/__/__/Middlewares/ST/STM32_USB_Device_Library/Core/Src/usbd_ctlreq.c.obj
                0x080084fa                USBD_CtlError
 .text.USBD_GetString
                0x0800851c       0xa4 cmake/stm32cubemx/CMakeFiles/USB_Device_Library.dir/__/__/Middlewares/ST/STM32_USB_Device_Library/Core/Src/usbd_ctlreq.c.obj
                0x0800851c                USBD_GetString
 .text.USBD_GetLen
                0x080085c0       0x34 cmake/stm32cubemx/CMakeFiles/USB_Device_Library.dir/__/__/Middlewares/ST/STM32_USB_Device_Library/Core/Src/usbd_ctlreq.c.obj
 .text.USBD_CtlSendData
                0x080085f4       0x3c cmake/stm32cubemx/CMakeFiles/USB_Device_Library.dir/__/__/Middlewares/ST/STM32_USB_Device_Library/Core/Src/usbd_ioreq.c.obj
                0x080085f4                USBD_CtlSendData
 .text.USBD_CtlContinueSendData
                0x08008630       0x22 cmake/stm32cubemx/CMakeFiles/USB_Device_Library.dir/__/__/Middlewares/ST/STM32_USB_Device_Library/Core/Src/usbd_ioreq.c.obj
                0x08008630                USBD_CtlContinueSendData
 .text.USBD_CtlPrepareRx
                0x08008652       0x42 cmake/stm32cubemx/CMakeFiles/USB_Device_Library.dir/__/__/Middlewares/ST/STM32_USB_Device_Library/Core/Src/usbd_ioreq.c.obj
                0x08008652                USBD_CtlPrepareRx
 .text.USBD_CtlContinueRx
                0x08008694       0x22 cmake/stm32cubemx/CMakeFiles/USB_Device_Library.dir/__/__/Middlewares/ST/STM32_USB_Device_Library/Core/Src/usbd_ioreq.c.obj
                0x08008694                USBD_CtlContinueRx
 .text.USBD_CtlSendStatus
                0x080086b6       0x26 cmake/stm32cubemx/CMakeFiles/USB_Device_Library.dir/__/__/Middlewares/ST/STM32_USB_Device_Library/Core/Src/usbd_ioreq.c.obj
                0x080086b6                USBD_CtlSendStatus
 .text.USBD_CtlReceiveStatus
                0x080086dc       0x26 cmake/stm32cubemx/CMakeFiles/USB_Device_Library.dir/__/__/Middlewares/ST/STM32_USB_Device_Library/Core/Src/usbd_ioreq.c.obj
                0x080086dc                USBD_CtlReceiveStatus
 *fill*         0x08008702        0x2 
 .text.USBD_CDC_Init
                0x08008704      0x1f0 cmake/stm32cubemx/CMakeFiles/USB_Device_Library.dir/__/__/Middlewares/ST/STM32_USB_Device_Library/Class/CDC/Src/usbd_cdc.c.obj
 .text.USBD_CDC_DeInit
                0x080088f4      0x104 cmake/stm32cubemx/CMakeFiles/USB_Device_Library.dir/__/__/Middlewares/ST/STM32_USB_Device_Library/Class/CDC/Src/usbd_cdc.c.obj
 .text.USBD_CDC_Setup
                0x080089f8      0x1b8 cmake/stm32cubemx/CMakeFiles/USB_Device_Library.dir/__/__/Middlewares/ST/STM32_USB_Device_Library/Class/CDC/Src/usbd_cdc.c.obj
 .text.USBD_CDC_DataIn
                0x08008bb0       0xfe cmake/stm32cubemx/CMakeFiles/USB_Device_Library.dir/__/__/Middlewares/ST/STM32_USB_Device_Library/Class/CDC/Src/usbd_cdc.c.obj
 .text.USBD_CDC_DataOut
                0x08008cae       0x70 cmake/stm32cubemx/CMakeFiles/USB_Device_Library.dir/__/__/Middlewares/ST/STM32_USB_Device_Library/Class/CDC/Src/usbd_cdc.c.obj
 .text.USBD_CDC_EP0_RxReady
                0x08008d1e       0x74 cmake/stm32cubemx/CMakeFiles/USB_Device_Library.dir/__/__/Middlewares/ST/STM32_USB_Device_Library/Class/CDC/Src/usbd_cdc.c.obj
 *fill*         0x08008d92        0x2 
 .text.USBD_CDC_GetFSCfgDesc
                0x08008d94       0x70 cmake/stm32cubemx/CMakeFiles/USB_Device_Library.dir/__/__/Middlewares/ST/STM32_USB_Device_Library/Class/CDC/Src/usbd_cdc.c.obj
 .text.USBD_CDC_GetHSCfgDesc
                0x08008e04       0x70 cmake/stm32cubemx/CMakeFiles/USB_Device_Library.dir/__/__/Middlewares/ST/STM32_USB_Device_Library/Class/CDC/Src/usbd_cdc.c.obj
 .text.USBD_CDC_GetOtherSpeedCfgDesc
                0x08008e74       0x70 cmake/stm32cubemx/CMakeFiles/USB_Device_Library.dir/__/__/Middlewares/ST/STM32_USB_Device_Library/Class/CDC/Src/usbd_cdc.c.obj
 .text.USBD_CDC_GetDeviceQualifierDescriptor
                0x08008ee4       0x20 cmake/stm32cubemx/CMakeFiles/USB_Device_Library.dir/__/__/Middlewares/ST/STM32_USB_Device_Library/Class/CDC/Src/usbd_cdc.c.obj
                0x08008ee4                USBD_CDC_GetDeviceQualifierDescriptor
 .text.USBD_CDC_RegisterInterface
                0x08008f04       0x34 cmake/stm32cubemx/CMakeFiles/USB_Device_Library.dir/__/__/Middlewares/ST/STM32_USB_Device_Library/Class/CDC/Src/usbd_cdc.c.obj
                0x08008f04                USBD_CDC_RegisterInterface
 .text.USBD_CDC_SetTxBuffer
                0x08008f38       0x44 cmake/stm32cubemx/CMakeFiles/USB_Device_Library.dir/__/__/Middlewares/ST/STM32_USB_Device_Library/Class/CDC/Src/usbd_cdc.c.obj
                0x08008f38                USBD_CDC_SetTxBuffer
 .text.USBD_CDC_SetRxBuffer
                0x08008f7c       0x3a cmake/stm32cubemx/CMakeFiles/USB_Device_Library.dir/__/__/Middlewares/ST/STM32_USB_Device_Library/Class/CDC/Src/usbd_cdc.c.obj
                0x08008f7c                USBD_CDC_SetRxBuffer
 *fill*         0x08008fb6        0x2 
 .text.USBD_CDC_ReceivePacket
                0x08008fb8       0x6c cmake/stm32cubemx/CMakeFiles/USB_Device_Library.dir/__/__/Middlewares/ST/STM32_USB_Device_Library/Class/CDC/Src/usbd_cdc.c.obj
                0x08008fb8                USBD_CDC_ReceivePacket
 *(.glue_7)
 .glue_7        0x08009024        0x0 linker stubs
 *(.glue_7t)
 .glue_7t       0x08009024        0x0 linker stubs
 *(.eh_frame)
 .eh_frame      0x08009024        0x0 /usr/lib/gcc/arm-none-eabi/13.2.1/thumb/v7e-m+fp/hard/crtbegin.o
 *(.init)
 .init          0x08009024        0x4 /usr/lib/gcc/arm-none-eabi/13.2.1/thumb/v7e-m+fp/hard/crti.o
                0x08009024                _init
 .init          0x08009028        0x8 /usr/lib/gcc/arm-none-eabi/13.2.1/thumb/v7e-m+fp/hard/crtn.o
 *(.fini)
 .fini          0x08009030        0x4 /usr/lib/gcc/arm-none-eabi/13.2.1/thumb/v7e-m+fp/hard/crti.o
                0x08009030                _fini
 .fini          0x08009034        0x8 /usr/lib/gcc/arm-none-eabi/13.2.1/thumb/v7e-m+fp/hard/crtn.o
                0x0800903c                        . = ALIGN (0x4)
                0x0800903c                        _etext = .

.vfp11_veneer   0x0800903c        0x0
 .vfp11_veneer  0x0800903c        0x0 linker stubs

.v4_bx          0x0800903c        0x0
 .v4_bx         0x0800903c        0x0 linker stubs

.iplt           0x0800903c        0x0
 .iplt          0x0800903c        0x0 /usr/lib/gcc/arm-none-eabi/13.2.1/thumb/v7e-m+fp/hard/crtbegin.o

.rodata         0x0800903c       0x60
                0x0800903c                        . = ALIGN (0x4)
 *(.rodata)
 .rodata        0x0800903c       0x46 CMakeFiles/firmware.dir/USB_DEVICE/App/usbd_desc.c.obj
 *(.rodata*)
 *fill*         0x08009082        0x2 
 .rodata.AHBPrescTable
                0x08009084       0x10 cmake/stm32cubemx/CMakeFiles/STM32_Drivers.dir/__/__/Core/Src/system_stm32f4xx.c.obj
                0x08009084                AHBPrescTable
 .rodata.flagBitshiftOffset.0
                0x08009094        0x8 cmake/stm32cubemx/CMakeFiles/STM32_Drivers.dir/__/__/Drivers/STM32F4xx_HAL_Driver/Src/stm32f4xx_hal_dma.c.obj
                0x0800909c                        . = ALIGN (0x4)

.ARM.extab      0x0800909c        0x0
                0x0800909c                        . = ALIGN (0x4)
 *(.ARM.extab* .gnu.linkonce.armextab.*)
                0x0800909c                        . = ALIGN (0x4)

.ARM            0x0800909c        0x8
                0x0800909c                        . = ALIGN (0x4)
                0x0800909c                        __exidx_start = .
 *(.ARM.exidx*)
 .ARM.exidx     0x0800909c        0x8 /usr/lib/gcc/arm-none-eabi/13.2.1/thumb/v7e-m+fp/hard/libgcc.a(_udivmoddi4.o)
                0x080090a4                        __exidx_end = .
                0x080090a4                        . = ALIGN (0x4)

.preinit_array  0x080090a4        0x0
                0x080090a4                        . = ALIGN (0x4)
                0x080090a4                        PROVIDE (__preinit_array_start = .)
 *(.preinit_array*)
                0x080090a4                        PROVIDE (__preinit_array_end = .)
                0x080090a4                        . = ALIGN (0x4)

.init_array     0x080090a4        0x4
                0x080090a4                        . = ALIGN (0x4)
                0x080090a4                        PROVIDE (__init_array_start = .)
 *(SORT_BY_NAME(.init_array.*))
 *(.init_array*)
 .init_array    0x080090a4        0x4 /usr/lib/gcc/arm-none-eabi/13.2.1/thumb/v7e-m+fp/hard/crtbegin.o
                0x080090a8                        PROVIDE (__init_array_end = .)
                0x080090a8                        . = ALIGN (0x4)

.fini_array     0x080090a8        0x4
                0x080090a8                        . = ALIGN (0x4)
                0x080090a8                        PROVIDE (__fini_array_start = .)
 *(SORT_BY_NAME(.fini_array.*))
 *(.fini_array*)
 .fini_array    0x080090a8        0x4 /usr/lib/gcc/arm-none-eabi/13.2.1/thumb/v7e-m+fp/hard/crtbegin.o
                0x080090ac                        PROVIDE (__fini_array_end = .)
                0x080090ac                        . = ALIGN (0x4)
                0x080090ac                        _sidata = LOADADDR (.data)

.rel.dyn        0x080090ac        0x0
 .rel.iplt      0x080090ac        0x0 /usr/lib/gcc/arm-none-eabi/13.2.1/thumb/v7e-m+fp/hard/crtbegin.o

.data           0x20000000      0x10c load address 0x080090ac
                0x20000000                        . = ALIGN (0x4)
                0x20000000                        _sdata = .
 *(.data)
 *(.data*)
 .data.FS_Desc  0x20000000       0x20 CMakeFiles/firmware.dir/USB_DEVICE/App/usbd_desc.c.obj
                0x20000000                FS_Desc
 .data.USBD_FS_DeviceDesc
                0x20000020       0x12 CMakeFiles/firmware.dir/USB_DEVICE/App/usbd_desc.c.obj
                0x20000020                USBD_FS_DeviceDesc
 *fill*         0x20000032        0x2 
 .data.USBD_FS_BOSDesc
                0x20000034        0xc CMakeFiles/firmware.dir/USB_DEVICE/App/usbd_desc.c.obj
                0x20000034                USBD_FS_BOSDesc
 .data.USBD_LangIDDesc
                0x20000040        0x4 CMakeFiles/firmware.dir/USB_DEVICE/App/usbd_desc.c.obj
                0x20000040                USBD_LangIDDesc
 .data.USBD_StringSerial
                0x20000044       0x1a CMakeFiles/firmware.dir/USB_DEVICE/App/usbd_desc.c.obj
                0x20000044                USBD_StringSerial
 *fill*         0x2000005e        0x2 
 .data.USBD_Interface_fops_FS
                0x20000060       0x14 CMakeFiles/firmware.dir/USB_DEVICE/App/usbd_cdc_if.c.obj
                0x20000060                USBD_Interface_fops_FS
 .data.SystemCoreClock
                0x20000074        0x4 cmake/stm32cubemx/CMakeFiles/STM32_Drivers.dir/__/__/Core/Src/system_stm32f4xx.c.obj
                0x20000074                SystemCoreClock
 .data.uwTickPrio
                0x20000078        0x4 cmake/stm32cubemx/CMakeFiles/STM32_Drivers.dir/__/__/Drivers/STM32F4xx_HAL_Driver/Src/stm32f4xx_hal.c.obj
                0x20000078                uwTickPrio
 .data.uwTickFreq
                0x2000007c        0x1 cmake/stm32cubemx/CMakeFiles/STM32_Drivers.dir/__/__/Drivers/STM32F4xx_HAL_Driver/Src/stm32f4xx_hal.c.obj
                0x2000007c                uwTickFreq
 *fill*         0x2000007d        0x3 
 .data.USBD_CDC_DeviceQualifierDesc
                0x20000080        0xa cmake/stm32cubemx/CMakeFiles/USB_Device_Library.dir/__/__/Middlewares/ST/STM32_USB_Device_Library/Class/CDC/Src/usbd_cdc.c.obj
 *fill*         0x2000008a        0x2 
 .data.USBD_CDC
                0x2000008c       0x38 cmake/stm32cubemx/CMakeFiles/USB_Device_Library.dir/__/__/Middlewares/ST/STM32_USB_Device_Library/Class/CDC/Src/usbd_cdc.c.obj
                0x2000008c                USBD_CDC
 .data.USBD_CDC_CfgDesc
                0x200000c4       0x43 cmake/stm32cubemx/CMakeFiles/USB_Device_Library.dir/__/__/Middlewares/ST/STM32_USB_Device_Library/Class/CDC/Src/usbd_cdc.c.obj
 .data.CDCInEpAdd
                0x20000107        0x1 cmake/stm32cubemx/CMakeFiles/USB_Device_Library.dir/__/__/Middlewares/ST/STM32_USB_Device_Library/Class/CDC/Src/usbd_cdc.c.obj
 .data.CDCOutEpAdd
                0x20000108        0x1 cmake/stm32cubemx/CMakeFiles/USB_Device_Library.dir/__/__/Middlewares/ST/STM32_USB_Device_Library/Class/CDC/Src/usbd_cdc.c.obj
 .data.CDCCmdEpAdd
                0x20000109        0x1 cmake/stm32cubemx/CMakeFiles/USB_Device_Library.dir/__/__/Middlewares/ST/STM32_USB_Device_Library/Class/CDC/Src/usbd_cdc.c.obj
 *(.RamFunc)
 *(.RamFunc*)
                0x2000010c                        . = ALIGN (0x4)
 *fill*         0x2000010a        0x2 

.tm_clone_table
                0x2000010c        0x0 load address 0x080091b8
 .tm_clone_table
                0x2000010c        0x0 /usr/lib/gcc/arm-none-eabi/13.2.1/thumb/v7e-m+fp/hard/crtbegin.o
 .tm_clone_table
                0x2000010c        0x0 /usr/lib/gcc/arm-none-eabi/13.2.1/thumb/v7e-m+fp/hard/crtend.o

.igot.plt       0x2000010c        0x0 load address 0x080091b8
 .igot.plt      0x2000010c        0x0 /usr/lib/gcc/arm-none-eabi/13.2.1/thumb/v7e-m+fp/hard/crtbegin.o

.tdata          0x2000010c        0x0 load address 0x080091b8
 *(.tdata .tdata.* .gnu.linkonce.td.*)
                0x2000010c                        . = ALIGN (0x4)
                0x2000010c                        _edata = .
                [!provide]                        PROVIDE (__data_end = .)
                [!provide]                        PROVIDE (__tdata_end = .)
                [!provide]                        PROVIDE (__tdata_start = ADDR (.tdata))
                [!provide]                        PROVIDE (__tdata_size = (__tdata_end - __tdata_start))
                [!provide]                        PROVIDE (__data_start = ADDR (.data))
                [!provide]                        PROVIDE (__data_size = (__data_end - __data_start))
                [!provide]                        PROVIDE (__tdata_source = LOADADDR (.tdata))
                [!provide]                        PROVIDE (__tdata_source_end = (LOADADDR (.tdata) + SIZEOF (.tdata)))
                [!provide]                        PROVIDE (__tdata_source_size = (__tdata_source_end - __tdata_source))
                [!provide]                        PROVIDE (__data_source = LOADADDR (.data))
                [!provide]                        PROVIDE (__data_source_end = __tdata_source_end)
                [!provide]                        PROVIDE (__data_source_size = (__data_source_end - __data_source))

.tbss           0x2000010c        0x0 load address 0x080091b8
                0x2000010c                        _sbss = .
                0x2000010c                        __bss_start__ = _sbss
 *(.tbss .tbss.*)
                0x2000010c                        . = ALIGN (0x4)
                [!provide]                        PROVIDE (__tbss_end = .)
                [!provide]                        PROVIDE (__tbss_start = ADDR (.tbss))
                [!provide]                        PROVIDE (__tbss_size = (__tbss_end - __tbss_start))
                [!provide]                        PROVIDE (__tbss_offset = (ADDR (.tbss) - ADDR (.tdata)))
                [!provide]                        PROVIDE (__tls_base = __tdata_start)
                [!provide]                        PROVIDE (__tls_end = __tbss_end)
                [!provide]                        PROVIDE (__tls_size = (__tls_end - __tls_base))
                [!provide]                        PROVIDE (__tls_align = MAX (ALIGNOF (.tdata), ALIGNOF (.tbss)))
                [!provide]                        PROVIDE (__tls_size_align = (((__tls_size + __tls_align) - 0x1) & ~ ((__tls_align - 0x1))))
                [!provide]                        PROVIDE (__arm32_tls_tcb_offset = MAX (0x8, __tls_align))
                [!provide]                        PROVIDE (__arm64_tls_tcb_offset = MAX (0x10, __tls_align))

.bss            0x2000010c     0x1d3c load address 0x080091b8
 *(.bss)
 .bss           0x2000010c       0x1c /usr/lib/gcc/arm-none-eabi/13.2.1/thumb/v7e-m+fp/hard/crtbegin.o
 *(.bss*)
 .bss.hpcd_USB_OTG_FS
                0x20000128      0x4e4 CMakeFiles/firmware.dir/USB_DEVICE/Target/usbd_conf.c.obj
                0x20000128                hpcd_USB_OTG_FS
 .bss.mem.0     0x2000060c      0x220 CMakeFiles/firmware.dir/USB_DEVICE/Target/usbd_conf.c.obj
 .bss.hUsbDeviceFS
                0x2000082c      0x2dc CMakeFiles/firmware.dir/USB_DEVICE/App/usb_device.c.obj
                0x2000082c                hUsbDeviceFS
 .bss.USBD_StrDesc
                0x20000b08      0x200 CMakeFiles/firmware.dir/USB_DEVICE/App/usbd_desc.c.obj
                0x20000b08                USBD_StrDesc
 .bss.UserRxBufferFS
                0x20000d08      0x800 CMakeFiles/firmware.dir/USB_DEVICE/App/usbd_cdc_if.c.obj
                0x20000d08                UserRxBufferFS
 .bss.UserTxBufferFS
                0x20001508      0x800 CMakeFiles/firmware.dir/USB_DEVICE/App/usbd_cdc_if.c.obj
                0x20001508                UserTxBufferFS
 .bss.htim2     0x20001d08       0x48 CMakeFiles/firmware.dir/Core/Src/tim.c.obj
                0x20001d08                htim2
 .bss.htim3     0x20001d50       0x48 CMakeFiles/firmware.dir/Core/Src/tim.c.obj
                0x20001d50                htim3
 .bss.htim8     0x20001d98       0x48 CMakeFiles/firmware.dir/Core/Src/tim.c.obj
                0x20001d98                htim8
 .bss.hdma_tim2_ch1
                0x20001de0       0x60 CMakeFiles/firmware.dir/Core/Src/tim.c.obj
                0x20001de0                hdma_tim2_ch1
 .bss.uwTick    0x20001e40        0x4 cmake/stm32cubemx/CMakeFiles/STM32_Drivers.dir/__/__/Drivers/STM32F4xx_HAL_Driver/Src/stm32f4xx_hal.c.obj
                0x20001e40                uwTick
 .bss.cfgidx.0  0x20001e44        0x1 cmake/stm32cubemx/CMakeFiles/USB_Device_Library.dir/__/__/Middlewares/ST/STM32_USB_Device_Library/Core/Src/usbd_ctlreq.c.obj
 *(COMMON)
                0x20001e48                        . = ALIGN (0x4)
 *fill*         0x20001e45        0x3 
                0x20001e48                        _ebss = .
                0x20001e48                        __bss_end__ = _ebss
                [!provide]                        PROVIDE (__bss_end = .)
                [!provide]                        PROVIDE (__non_tls_bss_start = ADDR (.bss))
                [!provide]                        PROVIDE (__bss_start = __tbss_start)
                [!provide]                        PROVIDE (__bss_size = (__bss_end - __bss_start))

._user_heap_stack
                0x20001e48     0x1800 load address 0x080091b8
                0x20001e48                        . = ALIGN (0x8)
                [!provide]                        PROVIDE (end = .)
                0x20001e48                        PROVIDE (_end = .)
                0x20002648                        . = (. + _Min_Heap_Size)
 *fill*         0x20001e48      0x800 
                0x20003648                        . = (. + _Min_Stack_Size)
 *fill*         0x20002648     0x1000 
                0x20003648                        . = ALIGN (0x8)

/DISCARD/
 libc.a:*(*)
 libm.a:*(*)
 libgcc.a:*(*)
OUTPUT(firmware.elf elf32-littlearm)
LOAD linker stubs

.ARM.attributes
                0x00000000       0x30
 .ARM.attributes
                0x00000000       0x22 /usr/lib/gcc/arm-none-eabi/13.2.1/thumb/v7e-m+fp/hard/crti.o
 .ARM.attributes
                0x00000022       0x34 /usr/lib/gcc/arm-none-eabi/13.2.1/thumb/v7e-m+fp/hard/crtbegin.o
 .ARM.attributes
                0x00000056       0x34 CMakeFiles/firmware.dir/USB_DEVICE/Target/usbd_conf.c.obj
 .ARM.attributes
                0x0000008a       0x34 CMakeFiles/firmware.dir/USB_DEVICE/App/usb_device.c.obj
 .ARM.attributes
                0x000000be       0x34 CMakeFiles/firmware.dir/USB_DEVICE/App/usbd_desc.c.obj
 .ARM.attributes
                0x000000f2       0x34 CMakeFiles/firmware.dir/USB_DEVICE/App/usbd_cdc_if.c.obj
 .ARM.attributes
                0x00000126       0x34 CMakeFiles/firmware.dir/Core/Src/main.cpp.obj
 .ARM.attributes
                0x0000015a       0x34 CMakeFiles/firmware.dir/Core/Src/gpio.c.obj
 .ARM.attributes
                0x0000018e       0x34 CMakeFiles/firmware.dir/Core/Src/dma.c.obj
 .ARM.attributes
                0x000001c2       0x34 CMakeFiles/firmware.dir/Core/Src/tim.c.obj
 .ARM.attributes
                0x000001f6       0x34 CMakeFiles/firmware.dir/Core/Src/stm32f4xx_it.c.obj
 .ARM.attributes
                0x0000022a       0x34 CMakeFiles/firmware.dir/Core/Src/stm32f4xx_hal_msp.c.obj
 .ARM.attributes
                0x0000025e       0x21 CMakeFiles/firmware.dir/startup_stm32f446xx.s.obj
 .ARM.attributes
                0x0000027f       0x34 CMakeFiles/firmware.dir/__/src/core.cpp.obj
 .ARM.attributes
                0x000002b3       0x34 cmake/stm32cubemx/CMakeFiles/STM32_Drivers.dir/__/__/Core/Src/system_stm32f4xx.c.obj
 .ARM.attributes
                0x000002e7       0x34 cmake/stm32cubemx/CMakeFiles/STM32_Drivers.dir/__/__/Drivers/STM32F4xx_HAL_Driver/Src/stm32f4xx_hal_pcd.c.obj
 .ARM.attributes
                0x0000031b       0x34 cmake/stm32cubemx/CMakeFiles/STM32_Drivers.dir/__/__/Drivers/STM32F4xx_HAL_Driver/Src/stm32f4xx_hal_pcd_ex.c.obj
 .ARM.attributes
                0x0000034f       0x34 cmake/stm32cubemx/CMakeFiles/STM32_Drivers.dir/__/__/Drivers/STM32F4xx_HAL_Driver/Src/stm32f4xx_ll_usb.c.obj
 .ARM.attributes
                0x00000383       0x34 cmake/stm32cubemx/CMakeFiles/STM32_Drivers.dir/__/__/Drivers/STM32F4xx_HAL_Driver/Src/stm32f4xx_hal_rcc.c.obj
 .ARM.attributes
                0x000003b7       0x34 cmake/stm32cubemx/CMakeFiles/STM32_Drivers.dir/__/__/Drivers/STM32F4xx_HAL_Driver/Src/stm32f4xx_hal_rcc_ex.c.obj
 .ARM.attributes
                0x000003eb       0x34 cmake/stm32cubemx/CMakeFiles/STM32_Drivers.dir/__/__/Drivers/STM32F4xx_HAL_Driver/Src/stm32f4xx_hal_gpio.c.obj
 .ARM.attributes
                0x0000041f       0x34 cmake/stm32cubemx/CMakeFiles/STM32_Drivers.dir/__/__/Drivers/STM32F4xx_HAL_Driver/Src/stm32f4xx_hal_dma.c.obj
 .ARM.attributes
                0x00000453       0x34 cmake/stm32cubemx/CMakeFiles/STM32_Drivers.dir/__/__/Drivers/STM32F4xx_HAL_Driver/Src/stm32f4xx_hal_cortex.c.obj
 .ARM.attributes
                0x00000487       0x34 cmake/stm32cubemx/CMakeFiles/STM32_Drivers.dir/__/__/Drivers/STM32F4xx_HAL_Driver/Src/stm32f4xx_hal.c.obj
 .ARM.attributes
                0x000004bb       0x34 cmake/stm32cubemx/CMakeFiles/STM32_Drivers.dir/__/__/Drivers/STM32F4xx_HAL_Driver/Src/stm32f4xx_hal_tim.c.obj
 .ARM.attributes
                0x000004ef       0x34 cmake/stm32cubemx/CMakeFiles/STM32_Drivers.dir/__/__/Drivers/STM32F4xx_HAL_Driver/Src/stm32f4xx_hal_tim_ex.c.obj
 .ARM.attributes
                0x00000523       0x34 cmake/stm32cubemx/CMakeFiles/USB_Device_Library.dir/__/__/Middlewares/ST/STM32_USB_Device_Library/Core/Src/usbd_core.c.obj
 .ARM.attributes
                0x00000557       0x34 cmake/stm32cubemx/CMakeFiles/USB_Device_Library.dir/__/__/Middlewares/ST/STM32_USB_Device_Library/Core/Src/usbd_ctlreq.c.obj
 .ARM.attributes
                0x0000058b       0x34 cmake/stm32cubemx/CMakeFiles/USB_Device_Library.dir/__/__/Middlewares/ST/STM32_USB_Device_Library/Core/Src/usbd_ioreq.c.obj
 .ARM.attributes
                0x000005bf       0x34 cmake/stm32cubemx/CMakeFiles/USB_Device_Library.dir/__/__/Middlewares/ST/STM32_USB_Device_Library/Class/CDC/Src/usbd_cdc.c.obj
 .ARM.attributes
                0x000005f3       0x22 /usr/lib/gcc/arm-none-eabi/13.2.1/thumb/v7e-m+fp/hard/libgcc.a(_aeabi_uldivmod.o)
 .ARM.attributes
                0x00000615       0x34 /usr/lib/gcc/arm-none-eabi/13.2.1/thumb/v7e-m+fp/hard/libgcc.a(_udivmoddi4.o)
 .ARM.attributes
                0x00000649       0x22 /usr/lib/gcc/arm-none-eabi/13.2.1/thumb/v7e-m+fp/hard/libgcc.a(_dvmd_tls.o)
 .ARM.attributes
                0x0000066b       0x34 /usr/lib/gcc/arm-none-eabi/13.2.1/../../../arm-none-eabi/lib/thumb/v7e-m+fp/hard/libg_nano.a(libc_a-init.o)
 .ARM.attributes
                0x0000069f       0x34 /usr/lib/gcc/arm-none-eabi/13.2.1/../../../arm-none-eabi/lib/thumb/v7e-m+fp/hard/libg_nano.a(libc_a-memset.o)
 .ARM.attributes
                0x000006d3       0x34 /usr/lib/gcc/arm-none-eabi/13.2.1/thumb/v7e-m+fp/hard/crtend.o
 .ARM.attributes
                0x00000707       0x22 /usr/lib/gcc/arm-none-eabi/13.2.1/thumb/v7e-m+fp/hard/crtn.o

.comment        0x00000000       0x26
 .comment       0x00000000       0x26 /usr/lib/gcc/arm-none-eabi/13.2.1/thumb/v7e-m+fp/hard/crtbegin.o
                                 0x27 (size before relaxing)
 .comment       0x00000026       0x27 CMakeFiles/firmware.dir/USB_DEVICE/Target/usbd_conf.c.obj
 .comment       0x00000026       0x27 CMakeFiles/firmware.dir/USB_DEVICE/App/usb_device.c.obj
 .comment       0x00000026       0x27 CMakeFiles/firmware.dir/USB_DEVICE/App/usbd_desc.c.obj
 .comment       0x00000026       0x27 CMakeFiles/firmware.dir/USB_DEVICE/App/usbd_cdc_if.c.obj
 .comment       0x00000026       0x27 CMakeFiles/firmware.dir/Core/Src/main.cpp.obj
 .comment       0x00000026       0x27 CMakeFiles/firmware.dir/Core/Src/gpio.c.obj
 .comment       0x00000026       0x27 CMakeFiles/firmware.dir/Core/Src/dma.c.obj
 .comment       0x00000026       0x27 CMakeFiles/firmware.dir/Core/Src/tim.c.obj
 .comment       0x00000026       0x27 CMakeFiles/firmware.dir/Core/Src/stm32f4xx_it.c.obj
 .comment       0x00000026       0x27 CMakeFiles/firmware.dir/Core/Src/stm32f4xx_hal_msp.c.obj
 .comment       0x00000026       0x27 CMakeFiles/firmware.dir/__/src/core.cpp.obj
 .comment       0x00000026       0x27 cmake/stm32cubemx/CMakeFiles/STM32_Drivers.dir/__/__/Core/Src/system_stm32f4xx.c.obj
 .comment       0x00000026       0x27 cmake/stm32cubemx/CMakeFiles/STM32_Drivers.dir/__/__/Drivers/STM32F4xx_HAL_Driver/Src/stm32f4xx_hal_pcd.c.obj
 .comment       0x00000026       0x27 cmake/stm32cubemx/CMakeFiles/STM32_Drivers.dir/__/__/Drivers/STM32F4xx_HAL_Driver/Src/stm32f4xx_hal_pcd_ex.c.obj
 .comment       0x00000026       0x27 cmake/stm32cubemx/CMakeFiles/STM32_Drivers.dir/__/__/Drivers/STM32F4xx_HAL_Driver/Src/stm32f4xx_ll_usb.c.obj
 .comment       0x00000026       0x27 cmake/stm32cubemx/CMakeFiles/STM32_Drivers.dir/__/__/Drivers/STM32F4xx_HAL_Driver/Src/stm32f4xx_hal_rcc.c.obj
 .comment       0x00000026       0x27 cmake/stm32cubemx/CMakeFiles/STM32_Drivers.dir/__/__/Drivers/STM32F4xx_HAL_Driver/Src/stm32f4xx_hal_rcc_ex.c.obj
 .comment       0x00000026       0x27 cmake/stm32cubemx/CMakeFiles/STM32_Drivers.dir/__/__/Drivers/STM32F4xx_HAL_Driver/Src/stm32f4xx_hal_gpio.c.obj
 .comment       0x00000026       0x27 cmake/stm32cubemx/CMakeFiles/STM32_Drivers.dir/__/__/Drivers/STM32F4xx_HAL_Driver/Src/stm32f4xx_hal_dma.c.obj
 .comment       0x00000026       0x27 cmake/stm32cubemx/CMakeFiles/STM32_Drivers.dir/__/__/Drivers/STM32F4xx_HAL_Driver/Src/stm32f4xx_hal_cortex.c.obj
 .comment       0x00000026       0x27 cmake/stm32cubemx/CMakeFiles/STM32_Drivers.dir/__/__/Drivers/STM32F4xx_HAL_Driver/Src/stm32f4xx_hal.c.obj
 .comment       0x00000026       0x27 cmake/stm32cubemx/CMakeFiles/STM32_Drivers.dir/__/__/Drivers/STM32F4xx_HAL_Driver/Src/stm32f4xx_hal_tim.c.obj
 .comment       0x00000026       0x27 cmake/stm32cubemx/CMakeFiles/STM32_Drivers.dir/__/__/Drivers/STM32F4xx_HAL_Driver/Src/stm32f4xx_hal_tim_ex.c.obj
 .comment       0x00000026       0x27 cmake/stm32cubemx/CMakeFiles/USB_Device_Library.dir/__/__/Middlewares/ST/STM32_USB_Device_Library/Core/Src/usbd_core.c.obj
 .comment       0x00000026       0x27 cmake/stm32cubemx/CMakeFiles/USB_Device_Library.dir/__/__/Middlewares/ST/STM32_USB_Device_Library/Core/Src/usbd_ctlreq.c.obj
 .comment       0x00000026       0x27 cmake/stm32cubemx/CMakeFiles/USB_Device_Library.dir/__/__/Middlewares/ST/STM32_USB_Device_Library/Core/Src/usbd_ioreq.c.obj
 .comment       0x00000026       0x27 cmake/stm32cubemx/CMakeFiles/USB_Device_Library.dir/__/__/Middlewares/ST/STM32_USB_Device_Library/Class/CDC/Src/usbd_cdc.c.obj
 .comment       0x00000026       0x27 /usr/lib/gcc/arm-none-eabi/13.2.1/thumb/v7e-m+fp/hard/libgcc.a(_udivmoddi4.o)
 .comment       0x00000026       0x27 /usr/lib/gcc/arm-none-eabi/13.2.1/../../../arm-none-eabi/lib/thumb/v7e-m+fp/hard/libg_nano.a(libc_a-init.o)
 .comment       0x00000026       0x27 /usr/lib/gcc/arm-none-eabi/13.2.1/../../../arm-none-eabi/lib/thumb/v7e-m+fp/hard/libg_nano.a(libc_a-memset.o)
 .comment       0x00000026       0x27 /usr/lib/gcc/arm-none-eabi/13.2.1/thumb/v7e-m+fp/hard/crtend.o

.debug_info     0x00000000    0x15734
 .debug_info    0x00000000     0x1f35 CMakeFiles/firmware.dir/USB_DEVICE/Target/usbd_conf.c.obj
 .debug_info    0x00001f35      0x6eb CMakeFiles/firmware.dir/USB_DEVICE/App/usb_device.c.obj
 .debug_info    0x00002620      0x493 CMakeFiles/firmware.dir/USB_DEVICE/App/usbd_desc.c.obj
 .debug_info    0x00002ab3      0x8e4 CMakeFiles/firmware.dir/USB_DEVICE/App/usbd_cdc_if.c.obj
 .debug_info    0x00003397      0xbd7 CMakeFiles/firmware.dir/Core/Src/main.cpp.obj
 .debug_info    0x00003f6e      0x405 CMakeFiles/firmware.dir/Core/Src/gpio.c.obj
 .debug_info    0x00004373      0x4ef CMakeFiles/firmware.dir/Core/Src/dma.c.obj
 .debug_info    0x00004862      0xf8b CMakeFiles/firmware.dir/Core/Src/tim.c.obj
 .debug_info    0x000057ed      0xc2c CMakeFiles/firmware.dir/Core/Src/stm32f4xx_it.c.obj
 .debug_info    0x00006419      0x28d CMakeFiles/firmware.dir/Core/Src/stm32f4xx_hal_msp.c.obj
 .debug_info    0x000066a6       0x30 CMakeFiles/firmware.dir/startup_stm32f446xx.s.obj
 .debug_info    0x000066d6       0x53 CMakeFiles/firmware.dir/__/src/core.cpp.obj
 .debug_info    0x00006729      0x530 cmake/stm32cubemx/CMakeFiles/STM32_Drivers.dir/__/__/Core/Src/system_stm32f4xx.c.obj
 .debug_info    0x00006c59     0x15bf cmake/stm32cubemx/CMakeFiles/STM32_Drivers.dir/__/__/Drivers/STM32F4xx_HAL_Driver/Src/stm32f4xx_hal_pcd.c.obj
 .debug_info    0x00008218      0x790 cmake/stm32cubemx/CMakeFiles/STM32_Drivers.dir/__/__/Drivers/STM32F4xx_HAL_Driver/Src/stm32f4xx_hal_pcd_ex.c.obj
 .debug_info    0x000089a8     0x19cd cmake/stm32cubemx/CMakeFiles/STM32_Drivers.dir/__/__/Drivers/STM32F4xx_HAL_Driver/Src/stm32f4xx_ll_usb.c.obj
 .debug_info    0x0000a375      0x8cf cmake/stm32cubemx/CMakeFiles/STM32_Drivers.dir/__/__/Drivers/STM32F4xx_HAL_Driver/Src/stm32f4xx_hal_rcc.c.obj
 .debug_info    0x0000ac44      0x93c cmake/stm32cubemx/CMakeFiles/STM32_Drivers.dir/__/__/Drivers/STM32F4xx_HAL_Driver/Src/stm32f4xx_hal_rcc_ex.c.obj
 .debug_info    0x0000b580      0x6e7 cmake/stm32cubemx/CMakeFiles/STM32_Drivers.dir/__/__/Drivers/STM32F4xx_HAL_Driver/Src/stm32f4xx_hal_gpio.c.obj
 .debug_info    0x0000bc67      0x8cf cmake/stm32cubemx/CMakeFiles/STM32_Drivers.dir/__/__/Drivers/STM32F4xx_HAL_Driver/Src/stm32f4xx_hal_dma.c.obj
 .debug_info    0x0000c536      0xd86 cmake/stm32cubemx/CMakeFiles/STM32_Drivers.dir/__/__/Drivers/STM32F4xx_HAL_Driver/Src/stm32f4xx_hal_cortex.c.obj
 .debug_info    0x0000d2bc      0x98e cmake/stm32cubemx/CMakeFiles/STM32_Drivers.dir/__/__/Drivers/STM32F4xx_HAL_Driver/Src/stm32f4xx_hal.c.obj
 .debug_info    0x0000dc4a     0x2985 cmake/stm32cubemx/CMakeFiles/STM32_Drivers.dir/__/__/Drivers/STM32F4xx_HAL_Driver/Src/stm32f4xx_hal_tim.c.obj
 .debug_info    0x000105cf     0x14c3 cmake/stm32cubemx/CMakeFiles/STM32_Drivers.dir/__/__/Drivers/STM32F4xx_HAL_Driver/Src/stm32f4xx_hal_tim_ex.c.obj
 .debug_info    0x00011a92      0xdfb cmake/stm32cubemx/CMakeFiles/USB_Device_Library.dir/__/__/Middlewares/ST/STM32_USB_Device_Library/Core/Src/usbd_core.c.obj
 .debug_info    0x0001288d      0xad4 cmake/stm32cubemx/CMakeFiles/USB_Device_Library.dir/__/__/Middlewares/ST/STM32_USB_Device_Library/Core/Src/usbd_ctlreq.c.obj
 .debug_info    0x00013361      0x74b cmake/stm32cubemx/CMakeFiles/USB_Device_Library.dir/__/__/Middlewares/ST/STM32_USB_Device_Library/Core/Src/usbd_ioreq.c.obj
 .debug_info    0x00013aac     0x12f3 cmake/stm32cubemx/CMakeFiles/USB_Device_Library.dir/__/__/Middlewares/ST/STM32_USB_Device_Library/Class/CDC/Src/usbd_cdc.c.obj
 .debug_info    0x00014d9f       0x24 /usr/lib/gcc/arm-none-eabi/13.2.1/thumb/v7e-m+fp/hard/libgcc.a(_aeabi_uldivmod.o)
 .debug_info    0x00014dc3      0x6f5 /usr/lib/gcc/arm-none-eabi/13.2.1/thumb/v7e-m+fp/hard/libgcc.a(_udivmoddi4.o)
 .debug_info    0x000154b8       0x3c /usr/lib/gcc/arm-none-eabi/13.2.1/thumb/v7e-m+fp/hard/libgcc.a(_dvmd_tls.o)
 .debug_info    0x000154f4      0x10b /usr/lib/gcc/arm-none-eabi/13.2.1/../../../arm-none-eabi/lib/thumb/v7e-m+fp/hard/libg_nano.a(libc_a-init.o)
 .debug_info    0x000155ff      0x135 /usr/lib/gcc/arm-none-eabi/13.2.1/../../../arm-none-eabi/lib/thumb/v7e-m+fp/hard/libg_nano.a(libc_a-memset.o)

.debug_abbrev   0x00000000     0x3c03
 .debug_abbrev  0x00000000      0x341 CMakeFiles/firmware.dir/USB_DEVICE/Target/usbd_conf.c.obj
 .debug_abbrev  0x00000341      0x195 CMakeFiles/firmware.dir/USB_DEVICE/App/usb_device.c.obj
 .debug_abbrev  0x000004d6      0x1e4 CMakeFiles/firmware.dir/USB_DEVICE/App/usbd_desc.c.obj
 .debug_abbrev  0x000006ba      0x29d CMakeFiles/firmware.dir/USB_DEVICE/App/usbd_cdc_if.c.obj
 .debug_abbrev  0x00000957      0x2aa CMakeFiles/firmware.dir/Core/Src/main.cpp.obj
 .debug_abbrev  0x00000c01      0x152 CMakeFiles/firmware.dir/Core/Src/gpio.c.obj
 .debug_abbrev  0x00000d53      0x10e CMakeFiles/firmware.dir/Core/Src/dma.c.obj
 .debug_abbrev  0x00000e61      0x26b CMakeFiles/firmware.dir/Core/Src/tim.c.obj
 .debug_abbrev  0x000010cc      0x1e8 CMakeFiles/firmware.dir/Core/Src/stm32f4xx_it.c.obj
 .debug_abbrev  0x000012b4       0xd8 CMakeFiles/firmware.dir/Core/Src/stm32f4xx_hal_msp.c.obj
 .debug_abbrev  0x0000138c       0x24 CMakeFiles/firmware.dir/startup_stm32f446xx.s.obj
 .debug_abbrev  0x000013b0       0x31 CMakeFiles/firmware.dir/__/src/core.cpp.obj
 .debug_abbrev  0x000013e1      0x11b cmake/stm32cubemx/CMakeFiles/STM32_Drivers.dir/__/__/Core/Src/system_stm32f4xx.c.obj
 .debug_abbrev  0x000014fc      0x2d0 cmake/stm32cubemx/CMakeFiles/STM32_Drivers.dir/__/__/Drivers/STM32F4xx_HAL_Driver/Src/stm32f4xx_hal_pcd.c.obj
 .debug_abbrev  0x000017cc      0x1dd cmake/stm32cubemx/CMakeFiles/STM32_Drivers.dir/__/__/Drivers/STM32F4xx_HAL_Driver/Src/stm32f4xx_hal_pcd_ex.c.obj
 .debug_abbrev  0x000019a9      0x2b3 cmake/stm32cubemx/CMakeFiles/STM32_Drivers.dir/__/__/Drivers/STM32F4xx_HAL_Driver/Src/stm32f4xx_ll_usb.c.obj
 .debug_abbrev  0x00001c5c      0x2b7 cmake/stm32cubemx/CMakeFiles/STM32_Drivers.dir/__/__/Drivers/STM32F4xx_HAL_Driver/Src/stm32f4xx_hal_rcc.c.obj
 .debug_abbrev  0x00001f13      0x211 cmake/stm32cubemx/CMakeFiles/STM32_Drivers.dir/__/__/Drivers/STM32F4xx_HAL_Driver/Src/stm32f4xx_hal_rcc_ex.c.obj
 .debug_abbrev  0x00002124      0x1d4 cmake/stm32cubemx/CMakeFiles/STM32_Drivers.dir/__/__/Drivers/STM32F4xx_HAL_Driver/Src/stm32f4xx_hal_gpio.c.obj
 .debug_abbrev  0x000022f8      0x264 cmake/stm32cubemx/CMakeFiles/STM32_Drivers.dir/__/__/Drivers/STM32F4xx_HAL_Driver/Src/stm32f4xx_hal_dma.c.obj
 .debug_abbrev  0x0000255c      0x31d cmake/stm32cubemx/CMakeFiles/STM32_Drivers.dir/__/__/Drivers/STM32F4xx_HAL_Driver/Src/stm32f4xx_hal_cortex.c.obj
 .debug_abbrev  0x00002879      0x214 cmake/stm32cubemx/CMakeFiles/STM32_Drivers.dir/__/__/Drivers/STM32F4xx_HAL_Driver/Src/stm32f4xx_hal.c.obj
 .debug_abbrev  0x00002a8d      0x278 cmake/stm32cubemx/CMakeFiles/STM32_Drivers.dir/__/__/Drivers/STM32F4xx_HAL_Driver/Src/stm32f4xx_hal_tim.c.obj
 .debug_abbrev  0x00002d05      0x283 cmake/stm32cubemx/CMakeFiles/STM32_Drivers.dir/__/__/Drivers/STM32F4xx_HAL_Driver/Src/stm32f4xx_hal_tim_ex.c.obj
 .debug_abbrev  0x00002f88      0x27c cmake/stm32cubemx/CMakeFiles/USB_Device_Library.dir/__/__/Middlewares/ST/STM32_USB_Device_Library/Core/Src/usbd_core.c.obj
 .debug_abbrev  0x00003204      0x26f cmake/stm32cubemx/CMakeFiles/USB_Device_Library.dir/__/__/Middlewares/ST/STM32_USB_Device_Library/Core/Src/usbd_ctlreq.c.obj
 .debug_abbrev  0x00003473      0x19a cmake/stm32cubemx/CMakeFiles/USB_Device_Library.dir/__/__/Middlewares/ST/STM32_USB_Device_Library/Core/Src/usbd_ioreq.c.obj
 .debug_abbrev  0x0000360d      0x2d2 cmake/stm32cubemx/CMakeFiles/USB_Device_Library.dir/__/__/Middlewares/ST/STM32_USB_Device_Library/Class/CDC/Src/usbd_cdc.c.obj
 .debug_abbrev  0x000038df       0x14 /usr/lib/gcc/arm-none-eabi/13.2.1/thumb/v7e-m+fp/hard/libgcc.a(_aeabi_uldivmod.o)
 .debug_abbrev  0x000038f3      0x16a /usr/lib/gcc/arm-none-eabi/13.2.1/thumb/v7e-m+fp/hard/libgcc.a(_udivmoddi4.o)
 .debug_abbrev  0x00003a5d       0x26 /usr/lib/gcc/arm-none-eabi/13.2.1/thumb/v7e-m+fp/hard/libgcc.a(_dvmd_tls.o)
 .debug_abbrev  0x00003a83       0xc9 /usr/lib/gcc/arm-none-eabi/13.2.1/../../../arm-none-eabi/lib/thumb/v7e-m+fp/hard/libg_nano.a(libc_a-init.o)
 .debug_abbrev  0x00003b4c       0xb7 /usr/lib/gcc/arm-none-eabi/13.2.1/../../../arm-none-eabi/lib/thumb/v7e-m+fp/hard/libg_nano.a(libc_a-memset.o)

.debug_aranges  0x00000000     0x1308
 .debug_aranges
                0x00000000      0x118 CMakeFiles/firmware.dir/USB_DEVICE/Target/usbd_conf.c.obj
 .debug_aranges
                0x00000118       0x20 CMakeFiles/firmware.dir/USB_DEVICE/App/usb_device.c.obj
 .debug_aranges
                0x00000138       0x68 CMakeFiles/firmware.dir/USB_DEVICE/App/usbd_desc.c.obj
 .debug_aranges
                0x000001a0       0x48 CMakeFiles/firmware.dir/USB_DEVICE/App/usbd_cdc_if.c.obj
 .debug_aranges
                0x000001e8       0x30 CMakeFiles/firmware.dir/Core/Src/main.cpp.obj
 .debug_aranges
                0x00000218       0x20 CMakeFiles/firmware.dir/Core/Src/gpio.c.obj
 .debug_aranges
                0x00000238       0x20 CMakeFiles/firmware.dir/Core/Src/dma.c.obj
 .debug_aranges
                0x00000258       0x48 CMakeFiles/firmware.dir/Core/Src/tim.c.obj
 .debug_aranges
                0x000002a0       0x78 CMakeFiles/firmware.dir/Core/Src/stm32f4xx_it.c.obj
 .debug_aranges
                0x00000318       0x20 CMakeFiles/firmware.dir/Core/Src/stm32f4xx_hal_msp.c.obj
 .debug_aranges
                0x00000338       0x28 CMakeFiles/firmware.dir/startup_stm32f446xx.s.obj
 .debug_aranges
                0x00000360       0x28 CMakeFiles/firmware.dir/__/src/core.cpp.obj
 .debug_aranges
                0x00000388       0x28 cmake/stm32cubemx/CMakeFiles/STM32_Drivers.dir/__/__/Core/Src/system_stm32f4xx.c.obj
 .debug_aranges
                0x000003b0      0x148 cmake/stm32cubemx/CMakeFiles/STM32_Drivers.dir/__/__/Drivers/STM32F4xx_HAL_Driver/Src/stm32f4xx_hal_pcd.c.obj
 .debug_aranges
                0x000004f8       0x48 cmake/stm32cubemx/CMakeFiles/STM32_Drivers.dir/__/__/Drivers/STM32F4xx_HAL_Driver/Src/stm32f4xx_hal_pcd_ex.c.obj
 .debug_aranges
                0x00000540      0x1a0 cmake/stm32cubemx/CMakeFiles/STM32_Drivers.dir/__/__/Drivers/STM32F4xx_HAL_Driver/Src/stm32f4xx_ll_usb.c.obj
 .debug_aranges
                0x000006e0       0x88 cmake/stm32cubemx/CMakeFiles/STM32_Drivers.dir/__/__/Drivers/STM32F4xx_HAL_Driver/Src/stm32f4xx_hal_rcc.c.obj
 .debug_aranges
                0x00000768       0x78 cmake/stm32cubemx/CMakeFiles/STM32_Drivers.dir/__/__/Drivers/STM32F4xx_HAL_Driver/Src/stm32f4xx_hal_rcc_ex.c.obj
 .debug_aranges
                0x000007e0       0x58 cmake/stm32cubemx/CMakeFiles/STM32_Drivers.dir/__/__/Drivers/STM32F4xx_HAL_Driver/Src/stm32f4xx_hal_gpio.c.obj
 .debug_aranges
                0x00000838       0x90 cmake/stm32cubemx/CMakeFiles/STM32_Drivers.dir/__/__/Drivers/STM32F4xx_HAL_Driver/Src/stm32f4xx_hal_dma.c.obj
 .debug_aranges
                0x000008c8      0x130 cmake/stm32cubemx/CMakeFiles/STM32_Drivers.dir/__/__/Drivers/STM32F4xx_HAL_Driver/Src/stm32f4xx_hal_cortex.c.obj
 .debug_aranges
                0x000009f8       0xf0 cmake/stm32cubemx/CMakeFiles/STM32_Drivers.dir/__/__/Drivers/STM32F4xx_HAL_Driver/Src/stm32f4xx_hal.c.obj
 .debug_aranges
                0x00000ae8      0x3d0 cmake/stm32cubemx/CMakeFiles/STM32_Drivers.dir/__/__/Drivers/STM32F4xx_HAL_Driver/Src/stm32f4xx_hal_tim.c.obj
 .debug_aranges
                0x00000eb8      0x168 cmake/stm32cubemx/CMakeFiles/STM32_Drivers.dir/__/__/Drivers/STM32F4xx_HAL_Driver/Src/stm32f4xx_hal_tim_ex.c.obj
 .debug_aranges
                0x00001020       0xd8 cmake/stm32cubemx/CMakeFiles/USB_Device_Library.dir/__/__/Middlewares/ST/STM32_USB_Device_Library/Core/Src/usbd_core.c.obj
 .debug_aranges
                0x000010f8       0x90 cmake/stm32cubemx/CMakeFiles/USB_Device_Library.dir/__/__/Middlewares/ST/STM32_USB_Device_Library/Core/Src/usbd_ctlreq.c.obj
 .debug_aranges
                0x00001188       0x50 cmake/stm32cubemx/CMakeFiles/USB_Device_Library.dir/__/__/Middlewares/ST/STM32_USB_Device_Library/Core/Src/usbd_ioreq.c.obj
 .debug_aranges